2026-09-17T22:05:12+00:00 swingset systemd[1]: Starting [systemd-run] /var/lib/swingset/venv/bin/python /var/lib/swingset/operations/v2-resume-20260917/schema29-packet-005/runner.py run --packet-sha256 0d455559b7e0cd767cb1739f10271eb12e8178bebb5a4ab283bd8e74733b6ff3 migration -- --destination /var/tmp/swingset-schema29-migration-20260917-003...
2026-09-17T22:05:12+00:00 swingset systemd[1]: Started [systemd-run] /var/lib/swingset/venv/bin/python /var/lib/swingset/operations/v2-resume-20260917/schema29-packet-005/runner.py run --packet-sha256 0d455559b7e0cd767cb1739f10271eb12e8178bebb5a4ab283bd8e74733b6ff3 migration -- --destination /var/tmp/swingset-schema29-migration-20260917-003.
2026-09-17T22:05:13+00:00 swingset python[122134]: Traceback (most recent call last):
2026-09-17T22:05:13+00:00 swingset python[122134]:   File "/var/lib/swingset/operations/v2-resume-20260917/schema29-packet-005/runner.py", line 428, in <module>
2026-09-17T22:05:13+00:00 swingset python[122134]:     main()
2026-09-17T22:05:13+00:00 swingset python[122134]:   File "/var/lib/swingset/operations/v2-resume-20260917/schema29-packet-005/runner.py", line 424, in main
2026-09-17T22:05:13+00:00 swingset python[122134]:     run(Path(__file__).resolve().parent, args.packet_sha256, args.kind, values)
2026-09-17T22:05:13+00:00 swingset python[122134]:   File "/var/lib/swingset/operations/v2-resume-20260917/schema29-packet-005/runner.py", line 379, in run
2026-09-17T22:05:13+00:00 swingset python[122134]:     module.main()
2026-09-17T22:05:13+00:00 swingset python[122134]:   File "/var/lib/swingset/operations/v2-resume-20260917/schema29-packet-005/migration.py", line 116, in main
2026-09-17T22:05:13+00:00 swingset python[122134]:     from swingset.backup.checkpoint import verify_checkpoint
2026-09-17T22:05:13+00:00 swingset python[122134]:   File "/nix/store/rgyryll4d55rgzscdqhjcwmkr325a76f-source/src/swingset/backup/__init__.py", line 3, in <module>
2026-09-17T22:05:13+00:00 swingset python[122134]:     from swingset.backup.checkpoint import (
2026-09-17T22:05:13+00:00 swingset python[122134]:   File "/nix/store/rgyryll4d55rgzscdqhjcwmkr325a76f-source/src/swingset/backup/checkpoint.py", line 14, in <module>
2026-09-17T22:05:13+00:00 swingset python[122134]:     from swingset.build.files import canonical_json, durable_write, fsync_dir, sha256_file
2026-09-17T22:05:13+00:00 swingset python[122134]:   File "/nix/store/rgyryll4d55rgzscdqhjcwmkr325a76f-source/src/swingset/build/__init__.py", line 3, in <module>
2026-09-17T22:05:13+00:00 swingset python[122134]:     from swingset.build.builder import BuildInput, BuildMetadata, BuildResult, build_candidate
2026-09-17T22:05:13+00:00 swingset python[122134]:   File "/nix/store/rgyryll4d55rgzscdqhjcwmkr325a76f-source/src/swingset/build/builder.py", line 20, in <module>
2026-09-17T22:05:13+00:00 swingset python[122134]:     import pyarrow as pa
2026-09-17T22:05:13+00:00 swingset python[122134]:   File "/var/lib/swingset/venv/lib/python3.12/site-packages/pyarrow/__init__.py", line 59, in <module>
2026-09-17T22:05:13+00:00 swingset python[122134]:     from pyarrow.lib import (BuildInfo, CppBuildInfo, RuntimeInfo, set_timezone_db_path,
2026-09-17T22:05:13+00:00 swingset python[122134]: ImportError: libstdc++.so.6: cannot open shared object file: No such file or directory
2026-09-17T22:05:13+00:00 swingset systemd[1]: swingset-schema29-migration-20260917-003.service: Main process exited, code=exited, status=1/FAILURE
2026-09-17T22:05:13+00:00 swingset systemd[1]: swingset-schema29-migration-20260917-003.service: Failed with result 'exit-code'.
2026-09-17T22:05:13+00:00 swingset systemd[1]: swingset-schema29-migration-20260917-003.service: Consumed 782ms CPU time, 192.5M memory peak, 181M read from disk.
