these 13 derivations will be built:
  /nix/store/czff37kn91fw2xlf2zrfwml56k3xp6as-swingset.drv
  /nix/store/4nsx33v18mqhss06y07sc5xnrz9gcsp1-unit-swingset-summary.service.drv
  /nix/store/waglrcybpz5gab3l3gvfpmhrxikwj76q-system-path.drv
  /nix/store/rzjdr8fhjr1aclmz0mq1a8fa1cgq0qrs-dbus-1.drv
  /nix/store/c95c4facqiqxl9z8ci3bfwixkrlxj57b-X-Restart-Triggers-dbus.drv
  /nix/store/g86bq4xxnkz5yx1dv3qr2pbknr804vpa-unit-dbus.service.drv
  /nix/store/ksfy9way3nxr7dplpq78birxn4aqp1qb-unit-swingset-cycle.service.drv
  /nix/store/whbfrma6mym441xcfa9czfn8yajdzn6g-unit-swingset-backup.service.drv
  /nix/store/32cnpr23d07i79ysvrsbd4l1bwvpl21n-system-units.drv
  /nix/store/6y11nzrw1hl0c3dxqbcnpmkcf8vbnpap-unit-dbus.service.drv
  /nix/store/cah13kaaxa41sckqx1xgfchsn0dm5awz-user-units.drv
  /nix/store/m0fws5pb032974b8cbxl3xqdmd2l7d8l-etc.drv
  /nix/store/caiqb2hf28rqlshd26cjyd3mhy2x4056-nixos-system-swingset-lxc-25.11.20260630.b6018f8.drv
building '/nix/store/czff37kn91fw2xlf2zrfwml56k3xp6as-swingset.drv'...
building '/nix/store/waglrcybpz5gab3l3gvfpmhrxikwj76q-system-path.drv'...
building '/nix/store/whbfrma6mym441xcfa9czfn8yajdzn6g-unit-swingset-backup.service.drv'...
building '/nix/store/ksfy9way3nxr7dplpq78birxn4aqp1qb-unit-swingset-cycle.service.drv'...
building '/nix/store/4nsx33v18mqhss06y07sc5xnrz9gcsp1-unit-swingset-summary.service.drv'...
building '/nix/store/rzjdr8fhjr1aclmz0mq1a8fa1cgq0qrs-dbus-1.drv'...
building '/nix/store/c95c4facqiqxl9z8ci3bfwixkrlxj57b-X-Restart-Triggers-dbus.drv'...
building '/nix/store/6y11nzrw1hl0c3dxqbcnpmkcf8vbnpap-unit-dbus.service.drv'...
building '/nix/store/g86bq4xxnkz5yx1dv3qr2pbknr804vpa-unit-dbus.service.drv'...
building '/nix/store/cah13kaaxa41sckqx1xgfchsn0dm5awz-user-units.drv'...
building '/nix/store/32cnpr23d07i79ysvrsbd4l1bwvpl21n-system-units.drv'...
building '/nix/store/m0fws5pb032974b8cbxl3xqdmd2l7d8l-etc.drv'...
building '/nix/store/caiqb2hf28rqlshd26cjyd3mhy2x4056-nixos-system-swingset-lxc-25.11.20260630.b6018f8.drv'...
/nix/store/1nyhqr4gh2f2nw9wn3mkw51g7l248lnm-nixos-system-swingset-lxc-25.11.20260630.b6018f8
