Sep 17 17:43:03 swingset systemd[1]: Started [systemd-run] /run/current-system/sw/bin/sh /var/lib/swingset/operations/v2-continuation-20260917/dcn-results-body-001/execute.sh.
Sep 17 17:43:35 swingset sh[116432]: {
Sep 17 17:43:35 swingset sh[116432]:   "manifest_canonical_sha256": "ac0ab2c8ae0f76084c4c91cb4f3ab22f006f6892e1239ea97de341e1cf0ac27e",
Sep 17 17:43:35 swingset sh[116432]:   "byte_measurement": "response_body_bytes_exposed_by_iter_raw",
Sep 17 17:43:35 swingset sh[116432]:   "transport_buffering_not_measured": true,
Sep 17 17:43:35 swingset sh[116432]:   "read_chunk_bytes": 65536,
Sep 17 17:43:35 swingset sh[116432]:   "incomplete_response_keeps_byte_reservation": true,
Sep 17 17:43:35 swingset sh[116432]:   "authorization_sha256": "d086c1b3ff54246385c4dcfae9ab69cc26d251f329a9365adb5b4d86c661970d",
Sep 17 17:43:35 swingset sh[116432]:   "started_at": "2026-09-17T17:43:03.697483+00:00",
Sep 17 17:43:35 swingset sh[116432]:   "status": "captured_pending_independent_review",
Sep 17 17:43:35 swingset sh[116432]:   "requests": [
Sep 17 17:43:35 swingset sh[116432]:     {
Sep 17 17:43:35 swingset sh[116432]:       "url": "https://web.archive.org/robots.txt",
Sep 17 17:43:35 swingset sh[116432]:       "purpose": "robots",
Sep 17 17:43:35 swingset sh[116432]:       "issued_at": "2026-09-17T17:43:23.714056+00:00",
Sep 17 17:43:35 swingset sh[116432]:       "request_day": "2026-09-17",
Sep 17 17:43:35 swingset sh[116432]:       "reserved_bytes": 2097152,
Sep 17 17:43:35 swingset sh[116432]:       "complete": true,
Sep 17 17:43:35 swingset sh[116432]:       "transport_dispatched_at": "2026-09-17T17:43:23.719808+00:00",
Sep 17 17:43:35 swingset sh[116432]:       "transport_dispatched_elapsed_seconds": 20.022361082024872,
Sep 17 17:43:35 swingset sh[116432]:       "http_status": 404,
Sep 17 17:43:35 swingset sh[116432]:       "headers": {
Sep 17 17:43:35 swingset sh[116432]:         "server": "nginx",
Sep 17 17:43:35 swingset sh[116432]:         "date": "Thu, 17 Sep 2026 17:43:24 GMT",
Sep 17 17:43:35 swingset sh[116432]:         "content-type": "text/html",
Sep 17 17:43:35 swingset sh[116432]:         "content-length": "146",
Sep 17 17:43:35 swingset sh[116432]:         "connection": "keep-alive"
Sep 17 17:43:35 swingset sh[116432]:       },
Sep 17 17:43:35 swingset sh[116432]:       "exchange_completed_elapsed_seconds": 20.641055693035014,
Sep 17 17:43:35 swingset sh[116432]:       "exchange_completed_at": "2026-09-17T17:43:24.338520+00:00",
Sep 17 17:43:35 swingset sh[116432]:       "next_dispatch_not_before_elapsed_seconds": 30.641055693035014,
Sep 17 17:43:35 swingset sh[116432]:       "next_dispatch_not_before": "2026-09-17T17:43:34.338520+00:00",
Sep 17 17:43:35 swingset sh[116432]:       "spacing_basis": "closed_exchange_completion_floor",
Sep 17 17:43:35 swingset sh[116432]:       "body_sha256": "55f7d9e99b8e2d4e0e193b2f0275501e6d9c1ebd29cadbea6a0da48a8587e3e0",
Sep 17 17:43:35 swingset sh[116432]:       "body_bytes": 146,
Sep 17 17:43:35 swingset sh[116432]:       "classification": "Gone",
Sep 17 17:43:35 swingset sh[116432]:       "budget_charged_bytes": 146
Sep 17 17:43:35 swingset sh[116432]:     },
Sep 17 17:43:35 swingset sh[116432]:     {
Sep 17 17:43:35 swingset sh[116432]:       "url": "https://web.archive.org/web/20190719204919id_/https://danceconvention.net/eventdirector/en/eventpage/1546230-riga-summer-swing/results",
Sep 17 17:43:35 swingset sh[116432]:       "purpose": "dcn-riga-results-20190719204919",
Sep 17 17:43:35 swingset sh[116432]:       "issued_at": "2026-09-17T17:43:34.350933+00:00",
Sep 17 17:43:35 swingset sh[116432]:       "request_day": "2026-09-17",
Sep 17 17:43:35 swingset sh[116432]:       "reserved_bytes": 2097152,
Sep 17 17:43:35 swingset sh[116432]:       "complete": true,
Sep 17 17:43:35 swingset sh[116432]:       "transport_dispatched_at": "2026-09-17T17:43:34.355335+00:00",
Sep 17 17:43:35 swingset sh[116432]:       "transport_dispatched_elapsed_seconds": 30.657883773033973,
Sep 17 17:43:35 swingset sh[116432]:       "http_status": 200,
Sep 17 17:43:35 swingset sh[116432]:       "headers": {
Sep 17 17:43:35 swingset sh[116432]:         "server": "nginx",
Sep 17 17:43:35 swingset sh[116432]:         "date": "Thu, 17 Sep 2026 17:43:35 GMT",
Sep 17 17:43:35 swingset sh[116432]:         "content-type": "text/html;charset=utf-8",
Sep 17 17:43:35 swingset sh[116432]:         "content-length": "16693",
Sep 17 17:43:35 swingset sh[116432]:         "connection": "keep-alive",
Sep 17 17:43:35 swingset sh[116432]:         "x-archive-orig-cache-control": "no-cache=\"set-cookie\"",
Sep 17 17:43:35 swingset sh[116432]:         "x-archive-orig-x-crawler-content-encoding": "gzip",
Sep 17 17:43:35 swingset sh[116432]:         "x-archive-orig-date": "Fri, 19 Jul 2019 20:49:18 GMT",
Sep 17 17:43:35 swingset sh[116432]:         "x-archive-orig-expires": "Thu, 01 Jan 1970 00:00:00 GMT",
Sep 17 17:43:35 swingset sh[116432]:         "x-archive-orig-server": "Jetty(9.4.z-SNAPSHOT)",
Sep 17 17:43:35 swingset sh[116432]:         "x-archive-orig-set-cookie": "JSESSIONID=b60af718-1ee0-3b3e-a33d-09d432775c9c~9ebc33048d49;Path=/eventdirector;Secure, AWSELB=1FAD05CF1E04C102DAEF786EE7AC48734B15BB6A667BD2B13962CE8FD32A26C4D7554C9E3C4F0BAA469B40455B87BD10386AE4BFC5423DF3402EC7D889FA74D9B73BD133DF;PATH=/;MAX-AGE=86400",
Sep 17 17:43:35 swingset sh[116432]:         "x-archive-orig-x-crawler-content-length": "4050",
Sep 17 17:43:35 swingset sh[116432]:         "x-archive-orig-content-length": "16693",
Sep 17 17:43:35 swingset sh[116432]:         "x-archive-orig-connection": "keep-alive",
Sep 17 17:43:35 swingset sh[116432]:         "cache-control": "max-age=1800, private",
Sep 17 17:43:35 swingset sh[116432]:         "accept-ranges": "bytes",
Sep 17 17:43:35 swingset sh[116432]:         "memento-datetime": "Fri, 19 Jul 2019 20:49:19 GMT",
Sep 17 17:43:35 swingset sh[116432]:         "link": "<https://danceconvention.net/eventdirector/en/eventpage/1546230-riga-summer-swing/results>; rel=\"original\", <https://web.archive.org/web/timemap/link/https://danceconvention.net/eventdirector/en/eventpage/1546230-riga-summer-swing/results>; rel=\"timemap\"; type=\"application/link-format\", <https://web.archive.org/web/https://danceconvention.net/eventdirector/en/eventpage/1546230-riga-summer-swing/results>; rel=\"timegate\"",
Sep 17 17:43:35 swingset sh[116432]:         "content-security-policy": "default-src 'self' 'unsafe-eval' 'unsafe-inline' data: blob: archive.org web.archive.org web-static.archive.org wayback-api.archive.org athena.archive.org analytics.archive.org pragma.archivelab.org wwwb-events.archive.org",
Sep 17 17:43:35 swingset sh[116432]:         "x-archive-src": "CC-MAIN-2019-30-1563195526359.16-0010/CC-MAIN-20190719202605-20190719224605-00200.warc.gz",
Sep 17 17:43:35 swingset sh[116432]:         "server-timing": "captures_list;dur=0.386331, exclusion.robots;dur=0.046248, exclusion.robots.policy;dur=0.039410, esindex;dur=0.008449, cdx.remote;dur=17.296954, LoadShardBlock;dur=303.737378, PetaboxLoader3.datanode;dur=195.714175, PetaboxLoader3.resolve;dur=145.875881, load_resource;dur=122.014983, TR;dur=0,Tw;dur=0,Tc;dur=0, MISS",
Sep 17 17:43:35 swingset sh[116432]:         "x-app-server": "wwwb-app220-dc8",
Sep 17 17:43:35 swingset sh[116432]:         "x-ts": "200",
Sep 17 17:43:35 swingset sh[116432]:         "x-tr": "467",
Sep 17 17:43:35 swingset sh[116432]:         "set-cookie": "wb-p-SERVER=wwwb-app220; path=/",
Sep 17 17:43:35 swingset sh[116432]:         "x-location": "All",
Sep 17 17:43:35 swingset sh[116432]:         "x-as": "12271",
Sep 17 17:43:35 swingset sh[116432]:         "x-rl": "0",
Sep 17 17:43:35 swingset sh[116432]:         "x-na": "0",
Sep 17 17:43:35 swingset sh[116432]:         "x-page-cache": "MISS",
Sep 17 17:43:35 swingset sh[116432]:         "x-nid": "TWC-12271-NYC",
Sep 17 17:43:35 swingset sh[116432]:         "referrer-policy": "no-referrer-when-downgrade",
Sep 17 17:43:35 swingset sh[116432]:         "permissions-policy": "interest-cohort=()",
Sep 17 17:43:35 swingset sh[116432]:         "x-sd": "0"
Sep 17 17:43:35 swingset sh[116432]:       },
Sep 17 17:43:35 swingset sh[116432]:       "exchange_completed_elapsed_seconds": 31.82348257600097,
Sep 17 17:43:35 swingset sh[116432]:       "exchange_completed_at": "2026-09-17T17:43:35.520946+00:00",
Sep 17 17:43:35 swingset sh[116432]:       "next_dispatch_not_before_elapsed_seconds": 41.82348257600097,
Sep 17 17:43:35 swingset sh[116432]:       "next_dispatch_not_before": "2026-09-17T17:43:45.520946+00:00",
Sep 17 17:43:35 swingset sh[116432]:       "spacing_basis": "closed_exchange_completion_floor",
Sep 17 17:43:35 swingset sh[116432]:       "body_sha256": "487b38c2ff264e62bf2e6de8e2b24cd5aff2ceab40856a56c1ac8539a4aad573",
Sep 17 17:43:35 swingset sh[116432]:       "body_bytes": 16693,
Sep 17 17:43:35 swingset sh[116432]:       "classification": "Ok",
Sep 17 17:43:35 swingset sh[116432]:       "budget_charged_bytes": 16693
Sep 17 17:43:35 swingset sh[116432]:     }
Sep 17 17:43:35 swingset sh[116432]:   ],
Sep 17 17:43:35 swingset sh[116432]:   "targets": [
Sep 17 17:43:35 swingset sh[116432]:     {
Sep 17 17:43:35 swingset sh[116432]:       "id": "dcn-riga-results-20190719204919",
Sep 17 17:43:35 swingset sh[116432]:       "original_url": "https://danceconvention.net/eventdirector/en/eventpage/1546230-riga-summer-swing/results",
Sep 17 17:43:35 swingset sh[116432]:       "requested_archive_url": "https://web.archive.org/web/20190719204919id_/https://danceconvention.net/eventdirector/en/eventpage/1546230-riga-summer-swing/results",
Sep 17 17:43:35 swingset sh[116432]:       "archive_url": "https://web.archive.org/web/20190719204919id_/https://danceconvention.net/eventdirector/en/eventpage/1546230-riga-summer-swing/results",
Sep 17 17:43:35 swingset sh[116432]:       "captured_at": "2019-07-19T20:49:19+00:00",
Sep 17 17:43:35 swingset sh[116432]:       "body_sha256": "487b38c2ff264e62bf2e6de8e2b24cd5aff2ceab40856a56c1ac8539a4aad573",
Sep 17 17:43:35 swingset sh[116432]:       "interpretation": "unreviewed_quarantine_body"
Sep 17 17:43:35 swingset sh[116432]:     }
Sep 17 17:43:35 swingset sh[116432]:   ],
Sep 17 17:43:35 swingset sh[116432]:   "received_bytes": 16839,
Sep 17 17:43:35 swingset sh[116432]:   "production_facts_or_watches_created": 0,
Sep 17 17:43:35 swingset sh[116432]:   "finished_at": "2026-09-17T17:43:35.541392+00:00"
Sep 17 17:43:35 swingset sh[116432]: }
Sep 17 17:43:35 swingset systemd[1]: swingset-dcn-results-body-20260917-001.service: Deactivated successfully.
Sep 17 17:43:35 swingset systemd[1]: swingset-dcn-results-body-20260917-001.service: Consumed 417ms CPU time, 45.3M memory peak, 24.5M read from disk, 612K written to disk, 33.5K incoming IP traffic, 4.7K outgoing IP traffic.
