these 13 derivations will be built:
  /nix/store/qa3mg04impghx6ybd47haiqgmffg1jg1-swingset.drv
  /nix/store/ndmw0zvrsdv27n0jgw3h8pbky5cy93pn-system-path.drv
  /nix/store/nacmz5nfjhdnhj40b4sg8kq0hd3ip4dm-dbus-1.drv
  /nix/store/x6f7yrl2kc1j81qb2dmb07wzkzmcq56k-X-Restart-Triggers-dbus.drv
  /nix/store/2mkk7g2yxbb0g1rnmjfbwnjjqf81ry3r-unit-dbus.service.drv
  /nix/store/7ikmhnka3ldir3blsxqvxaz6xsq9nljy-unit-swingset-summary.service.drv
  /nix/store/d9xli7cmz0f45n8qfpz6szc30dmvhybq-unit-swingset-cycle.service.drv
  /nix/store/w5lkamlg4ryw4lm52p27xrxrvxqr8g3r-unit-swingset-backup.service.drv
  /nix/store/nbjw7cd2p6jz6whvzy6jkmyf7iarpmmf-system-units.drv
  /nix/store/qxqbnycnggirsmnwp4ylrjhb6q0c7gsb-unit-dbus.service.drv
  /nix/store/xswk0xc8ny14ss2awp2fyz94m3zhvbkp-user-units.drv
  /nix/store/ss5kiqyyh16cxxr0fqnf77yivwb6lc6k-etc.drv
  /nix/store/m3f5flpxdyhlzvlb96w3ga437aviwlr3-nixos-system-swingset-lxc-25.11.20260630.b6018f8.drv
building '/nix/store/qa3mg04impghx6ybd47haiqgmffg1jg1-swingset.drv'...
building '/nix/store/ndmw0zvrsdv27n0jgw3h8pbky5cy93pn-system-path.drv'...
building '/nix/store/w5lkamlg4ryw4lm52p27xrxrvxqr8g3r-unit-swingset-backup.service.drv'...
building '/nix/store/d9xli7cmz0f45n8qfpz6szc30dmvhybq-unit-swingset-cycle.service.drv'...
building '/nix/store/7ikmhnka3ldir3blsxqvxaz6xsq9nljy-unit-swingset-summary.service.drv'...
building '/nix/store/nacmz5nfjhdnhj40b4sg8kq0hd3ip4dm-dbus-1.drv'...
building '/nix/store/x6f7yrl2kc1j81qb2dmb07wzkzmcq56k-X-Restart-Triggers-dbus.drv'...
building '/nix/store/2mkk7g2yxbb0g1rnmjfbwnjjqf81ry3r-unit-dbus.service.drv'...
building '/nix/store/qxqbnycnggirsmnwp4ylrjhb6q0c7gsb-unit-dbus.service.drv'...
building '/nix/store/nbjw7cd2p6jz6whvzy6jkmyf7iarpmmf-system-units.drv'...
building '/nix/store/xswk0xc8ny14ss2awp2fyz94m3zhvbkp-user-units.drv'...
building '/nix/store/ss5kiqyyh16cxxr0fqnf77yivwb6lc6k-etc.drv'...
building '/nix/store/m3f5flpxdyhlzvlb96w3ga437aviwlr3-nixos-system-swingset-lxc-25.11.20260630.b6018f8.drv'...
/nix/store/5d9nlyflv9d4gb89a5wayhiarj01znnh-nixos-system-swingset-lxc-25.11.20260630.b6018f8
