Sep 17 18:09:00 swingset systemd[1]: Started [systemd-run] /run/current-system/sw/bin/sh /var/lib/swingset/operations/v2-continuation-20260917/dcn-score-pdf-lookup-001/execute.sh.
Sep 17 18:10:04 swingset sh[118092]: {
Sep 17 18:10:04 swingset sh[118092]:   "manifest_canonical_sha256": "f25df5f025ccd81ed95c6e0a87ecb952ff7fd26baceb064b68c512bafb6711ac",
Sep 17 18:10:04 swingset sh[118092]:   "byte_measurement": "response_body_bytes_exposed_by_iter_raw",
Sep 17 18:10:04 swingset sh[118092]:   "transport_buffering_not_measured": true,
Sep 17 18:10:04 swingset sh[118092]:   "read_chunk_bytes": 65536,
Sep 17 18:10:04 swingset sh[118092]:   "incomplete_response_keeps_byte_reservation": true,
Sep 17 18:10:04 swingset sh[118092]:   "authorization_sha256": "f2e7e8e554e0c5a7ecc9babef3e2aa492aaf22b8302a25483640da1a4540e2dc",
Sep 17 18:10:04 swingset sh[118092]:   "started_at": "2026-09-17T18:09:01.053272+00:00",
Sep 17 18:10:04 swingset sh[118092]:   "status": "captured_pending_independent_review",
Sep 17 18:10:04 swingset sh[118092]:   "requests": [
Sep 17 18:10:04 swingset sh[118092]:     {
Sep 17 18:10:04 swingset sh[118092]:       "url": "https://web.archive.org/robots.txt",
Sep 17 18:10:04 swingset sh[118092]:       "purpose": "robots",
Sep 17 18:10:04 swingset sh[118092]:       "issued_at": "2026-09-17T18:09:21.073108+00:00",
Sep 17 18:10:04 swingset sh[118092]:       "request_day": "2026-09-17",
Sep 17 18:10:04 swingset sh[118092]:       "reserved_bytes": 2097152,
Sep 17 18:10:04 swingset sh[118092]:       "complete": true,
Sep 17 18:10:04 swingset sh[118092]:       "transport_dispatched_at": "2026-09-17T18:09:21.076635+00:00",
Sep 17 18:10:04 swingset sh[118092]:       "transport_dispatched_elapsed_seconds": 20.02338399598375,
Sep 17 18:10:04 swingset sh[118092]:       "http_status": 404,
Sep 17 18:10:04 swingset sh[118092]:       "headers": {
Sep 17 18:10:04 swingset sh[118092]:         "server": "nginx",
Sep 17 18:10:04 swingset sh[118092]:         "date": "Thu, 17 Sep 2026 18:09:21 GMT",
Sep 17 18:10:04 swingset sh[118092]:         "content-type": "text/html",
Sep 17 18:10:04 swingset sh[118092]:         "content-length": "146",
Sep 17 18:10:04 swingset sh[118092]:         "connection": "keep-alive"
Sep 17 18:10:04 swingset sh[118092]:       },
Sep 17 18:10:04 swingset sh[118092]:       "exchange_completed_elapsed_seconds": 20.6877664749627,
Sep 17 18:10:04 swingset sh[118092]:       "exchange_completed_at": "2026-09-17T18:09:21.741022+00:00",
Sep 17 18:10:04 swingset sh[118092]:       "next_dispatch_not_before_elapsed_seconds": 30.6877664749627,
Sep 17 18:10:04 swingset sh[118092]:       "next_dispatch_not_before": "2026-09-17T18:09:31.741022+00:00",
Sep 17 18:10:04 swingset sh[118092]:       "spacing_basis": "closed_exchange_completion_floor",
Sep 17 18:10:04 swingset sh[118092]:       "body_sha256": "55f7d9e99b8e2d4e0e193b2f0275501e6d9c1ebd29cadbea6a0da48a8587e3e0",
Sep 17 18:10:04 swingset sh[118092]:       "body_bytes": 146,
Sep 17 18:10:04 swingset sh[118092]:       "classification": "Gone",
Sep 17 18:10:04 swingset sh[118092]:       "budget_charged_bytes": 146
Sep 17 18:10:04 swingset sh[118092]:     },
Sep 17 18:10:04 swingset sh[118092]:     {
Sep 17 18:10:04 swingset sh[118092]:       "url": "https://web.archive.org/cdx/search/cdx?url=https%3A%2F%2Fdanceconvention.net%2Feventdirector%2Fen%2Froundscores%2F3451330.pdf&matchType=exact&from=2018&to=2026&filter=statuscode%3A200&collapse=digest&showNumPages=true",
Sep 17 18:10:04 swingset sh[118092]:       "purpose": "cdx",
Sep 17 18:10:04 swingset sh[118092]:       "issued_at": "2026-09-17T18:09:31.753198+00:00",
Sep 17 18:10:04 swingset sh[118092]:       "request_day": "2026-09-17",
Sep 17 18:10:04 swingset sh[118092]:       "reserved_bytes": 2097152,
Sep 17 18:10:04 swingset sh[118092]:       "complete": true,
Sep 17 18:10:04 swingset sh[118092]:       "transport_dispatched_at": "2026-09-17T18:09:31.756233+00:00",
Sep 17 18:10:04 swingset sh[118092]:       "transport_dispatched_elapsed_seconds": 30.702979416993912,
Sep 17 18:10:04 swingset sh[118092]:       "http_status": 200,
Sep 17 18:10:04 swingset sh[118092]:       "headers": {
Sep 17 18:10:04 swingset sh[118092]:         "server": "nginx",
Sep 17 18:10:04 swingset sh[118092]:         "date": "Thu, 17 Sep 2026 18:09:32 GMT",
Sep 17 18:10:04 swingset sh[118092]:         "content-type": "text/plain",
Sep 17 18:10:04 swingset sh[118092]:         "transfer-encoding": "chunked",
Sep 17 18:10:04 swingset sh[118092]:         "connection": "keep-alive",
Sep 17 18:10:04 swingset sh[118092]:         "x-app-server": "wwwb-app208-dc8",
Sep 17 18:10:04 swingset sh[118092]:         "x-ts": "200",
Sep 17 18:10:04 swingset sh[118092]:         "x-tr": "3",
Sep 17 18:10:04 swingset sh[118092]:         "server-timing": "TR;dur=0,Tw;dur=0,Tc;dur=1, BYPASS",
Sep 17 18:10:04 swingset sh[118092]:         "set-cookie": "wb-cdx-SERVER=wwwb-app208; path=/",
Sep 17 18:10:04 swingset sh[118092]:         "x-location": "cdx",
Sep 17 18:10:04 swingset sh[118092]:         "x-rl": "0",
Sep 17 18:10:04 swingset sh[118092]:         "x-na": "0",
Sep 17 18:10:04 swingset sh[118092]:         "x-page-cache": "BYPASS",
Sep 17 18:10:04 swingset sh[118092]:         "x-nid": "TWC-12271-NYC",
Sep 17 18:10:04 swingset sh[118092]:         "referrer-policy": "no-referrer-when-downgrade",
Sep 17 18:10:04 swingset sh[118092]:         "permissions-policy": "interest-cohort=()",
Sep 17 18:10:04 swingset sh[118092]:         "x-sd": "0",
Sep 17 18:10:04 swingset sh[118092]:         "x-be": "wb_cdx_pygwb"
Sep 17 18:10:04 swingset sh[118092]:       },
Sep 17 18:10:04 swingset sh[118092]:       "exchange_completed_elapsed_seconds": 31.087290260998998,
Sep 17 18:10:04 swingset sh[118092]:       "exchange_completed_at": "2026-09-17T18:09:32.140546+00:00",
Sep 17 18:10:04 swingset sh[118092]:       "next_dispatch_not_before_elapsed_seconds": 41.087290260999,
Sep 17 18:10:04 swingset sh[118092]:       "next_dispatch_not_before": "2026-09-17T18:09:42.140546+00:00",
Sep 17 18:10:04 swingset sh[118092]:       "spacing_basis": "closed_exchange_completion_floor",
Sep 17 18:10:04 swingset sh[118092]:       "body_sha256": "4355a46b19d348dc2f57c046f8ef63d4538ebb936000f3c9ee954a27460dd865",
Sep 17 18:10:04 swingset sh[118092]:       "body_bytes": 2,
Sep 17 18:10:04 swingset sh[118092]:       "classification": "Ok",
Sep 17 18:10:04 swingset sh[118092]:       "budget_charged_bytes": 2
Sep 17 18:10:04 swingset sh[118092]:     },
Sep 17 18:10:04 swingset sh[118092]:     {
Sep 17 18:10:04 swingset sh[118092]:       "url": "https://web.archive.org/cdx/search/cdx?url=https%3A%2F%2Fdanceconvention.net%2Feventdirector%2Fen%2Froundscores%2F3451330.pdf&matchType=exact&from=2018&to=2026&filter=statuscode%3A200&collapse=digest&output=json&fl=timestamp%2Coriginal%2Cdigest%2Cmimetype%2Clength&page=0",
Sep 17 18:10:04 swingset sh[118092]:       "purpose": "cdx",
Sep 17 18:10:04 swingset sh[118092]:       "issued_at": "2026-09-17T18:09:42.154099+00:00",
Sep 17 18:10:04 swingset sh[118092]:       "request_day": "2026-09-17",
Sep 17 18:10:04 swingset sh[118092]:       "reserved_bytes": 2097152,
Sep 17 18:10:04 swingset sh[118092]:       "complete": true,
Sep 17 18:10:04 swingset sh[118092]:       "transport_dispatched_at": "2026-09-17T18:09:42.157287+00:00",
Sep 17 18:10:04 swingset sh[118092]:       "transport_dispatched_elapsed_seconds": 41.10403464297997,
Sep 17 18:10:04 swingset sh[118092]:       "http_status": 200,
Sep 17 18:10:04 swingset sh[118092]:       "headers": {
Sep 17 18:10:04 swingset sh[118092]:         "server": "nginx",
Sep 17 18:10:04 swingset sh[118092]:         "date": "Thu, 17 Sep 2026 18:09:43 GMT",
Sep 17 18:10:04 swingset sh[118092]:         "content-type": "application/json",
Sep 17 18:10:04 swingset sh[118092]:         "transfer-encoding": "chunked",
Sep 17 18:10:04 swingset sh[118092]:         "connection": "keep-alive",
Sep 17 18:10:04 swingset sh[118092]:         "server-timing": "exclusion.robots;dur=0.114796, exclusion.robots.policy;dur=0.100123, esindex;dur=0.010403, TR;dur=0,Tw;dur=0,Tc;dur=0, BYPASS",
Sep 17 18:10:04 swingset sh[118092]:         "x-app-server": "wwwb-app235-dc6",
Sep 17 18:10:04 swingset sh[118092]:         "x-ts": "200",
Sep 17 18:10:04 swingset sh[118092]:         "x-tr": "771",
Sep 17 18:10:04 swingset sh[118092]:         "set-cookie": "wb-cdx-SERVER=wwwb-app235; path=/",
Sep 17 18:10:04 swingset sh[118092]:         "x-location": "cdx",
Sep 17 18:10:04 swingset sh[118092]:         "x-rl": "0",
Sep 17 18:10:04 swingset sh[118092]:         "x-na": "0",
Sep 17 18:10:04 swingset sh[118092]:         "x-page-cache": "BYPASS",
Sep 17 18:10:04 swingset sh[118092]:         "x-nid": "TWC-12271-NYC",
Sep 17 18:10:04 swingset sh[118092]:         "referrer-policy": "no-referrer-when-downgrade",
Sep 17 18:10:04 swingset sh[118092]:         "permissions-policy": "interest-cohort=()",
Sep 17 18:10:04 swingset sh[118092]:         "x-sd": "0",
Sep 17 18:10:04 swingset sh[118092]:         "x-be": "wb_cdx_pygwb"
Sep 17 18:10:04 swingset sh[118092]:       },
Sep 17 18:10:04 swingset sh[118092]:       "exchange_completed_elapsed_seconds": 42.32334331196034,
Sep 17 18:10:04 swingset sh[118092]:       "exchange_completed_at": "2026-09-17T18:09:43.376599+00:00",
Sep 17 18:10:04 swingset sh[118092]:       "next_dispatch_not_before_elapsed_seconds": 52.32334331196034,
Sep 17 18:10:04 swingset sh[118092]:       "next_dispatch_not_before": "2026-09-17T18:09:53.376599+00:00",
Sep 17 18:10:04 swingset sh[118092]:       "spacing_basis": "closed_exchange_completion_floor",
Sep 17 18:10:04 swingset sh[118092]:       "body_sha256": "37517e5f3dc66819f61f5a7bb8ace1921282415f10551d2defa5c3eb0985b570",
Sep 17 18:10:04 swingset sh[118092]:       "body_bytes": 3,
Sep 17 18:10:04 swingset sh[118092]:       "classification": "Ok",
Sep 17 18:10:04 swingset sh[118092]:       "budget_charged_bytes": 3
Sep 17 18:10:04 swingset sh[118092]:     },
Sep 17 18:10:04 swingset sh[118092]:     {
Sep 17 18:10:04 swingset sh[118092]:       "url": "https://web.archive.org/cdx/search/cdx?url=https%3A%2F%2Fdanceconvention.net%2Feventdirector%2Fen%2Froundscores%2F3451331.pdf&matchType=exact&from=2018&to=2026&filter=statuscode%3A200&collapse=digest&showNumPages=true",
Sep 17 18:10:04 swingset sh[118092]:       "purpose": "cdx",
Sep 17 18:10:04 swingset sh[118092]:       "issued_at": "2026-09-17T18:09:53.397002+00:00",
Sep 17 18:10:04 swingset sh[118092]:       "request_day": "2026-09-17",
Sep 17 18:10:04 swingset sh[118092]:       "reserved_bytes": 2097152,
Sep 17 18:10:04 swingset sh[118092]:       "complete": true,
Sep 17 18:10:04 swingset sh[118092]:       "transport_dispatched_at": "2026-09-17T18:09:53.400399+00:00",
Sep 17 18:10:04 swingset sh[118092]:       "transport_dispatched_elapsed_seconds": 52.34714588400675,
Sep 17 18:10:04 swingset sh[118092]:       "http_status": 200,
Sep 17 18:10:04 swingset sh[118092]:       "headers": {
Sep 17 18:10:04 swingset sh[118092]:         "server": "nginx",
Sep 17 18:10:04 swingset sh[118092]:         "date": "Thu, 17 Sep 2026 18:09:53 GMT",
Sep 17 18:10:04 swingset sh[118092]:         "content-type": "text/plain",
Sep 17 18:10:04 swingset sh[118092]:         "transfer-encoding": "chunked",
Sep 17 18:10:04 swingset sh[118092]:         "connection": "keep-alive",
Sep 17 18:10:04 swingset sh[118092]:         "x-app-server": "wwwb-app208-dc8",
Sep 17 18:10:04 swingset sh[118092]:         "x-ts": "200",
Sep 17 18:10:04 swingset sh[118092]:         "x-tr": "4",
Sep 17 18:10:04 swingset sh[118092]:         "server-timing": "TR;dur=0,Tw;dur=0,Tc;dur=1, BYPASS",
Sep 17 18:10:04 swingset sh[118092]:         "set-cookie": "wb-cdx-SERVER=wwwb-app208; path=/",
Sep 17 18:10:04 swingset sh[118092]:         "x-location": "cdx",
Sep 17 18:10:04 swingset sh[118092]:         "x-rl": "0",
Sep 17 18:10:04 swingset sh[118092]:         "x-na": "0",
Sep 17 18:10:04 swingset sh[118092]:         "x-page-cache": "BYPASS",
Sep 17 18:10:04 swingset sh[118092]:         "x-nid": "TWC-12271-NYC",
Sep 17 18:10:04 swingset sh[118092]:         "referrer-policy": "no-referrer-when-downgrade",
Sep 17 18:10:04 swingset sh[118092]:         "permissions-policy": "interest-cohort=()",
Sep 17 18:10:04 swingset sh[118092]:         "x-sd": "0",
Sep 17 18:10:04 swingset sh[118092]:         "x-be": "wb_cdx_pygwb"
Sep 17 18:10:04 swingset sh[118092]:       },
Sep 17 18:10:04 swingset sh[118092]:       "exchange_completed_elapsed_seconds": 52.80220226297388,
Sep 17 18:10:04 swingset sh[118092]:       "exchange_completed_at": "2026-09-17T18:09:53.855458+00:00",
Sep 17 18:10:04 swingset sh[118092]:       "next_dispatch_not_before_elapsed_seconds": 62.80220226297388,
Sep 17 18:10:04 swingset sh[118092]:       "next_dispatch_not_before": "2026-09-17T18:10:03.855458+00:00",
Sep 17 18:10:04 swingset sh[118092]:       "spacing_basis": "closed_exchange_completion_floor",
Sep 17 18:10:04 swingset sh[118092]:       "body_sha256": "4355a46b19d348dc2f57c046f8ef63d4538ebb936000f3c9ee954a27460dd865",
Sep 17 18:10:04 swingset sh[118092]:       "body_bytes": 2,
Sep 17 18:10:04 swingset sh[118092]:       "classification": "Ok",
Sep 17 18:10:04 swingset sh[118092]:       "budget_charged_bytes": 2
Sep 17 18:10:04 swingset sh[118092]:     },
Sep 17 18:10:04 swingset sh[118092]:     {
Sep 17 18:10:04 swingset sh[118092]:       "url": "https://web.archive.org/cdx/search/cdx?url=https%3A%2F%2Fdanceconvention.net%2Feventdirector%2Fen%2Froundscores%2F3451331.pdf&matchType=exact&from=2018&to=2026&filter=statuscode%3A200&collapse=digest&output=json&fl=timestamp%2Coriginal%2Cdigest%2Cmimetype%2Clength&page=0",
Sep 17 18:10:04 swingset sh[118092]:       "purpose": "cdx",
Sep 17 18:10:04 swingset sh[118092]:       "issued_at": "2026-09-17T18:10:03.882970+00:00",
Sep 17 18:10:04 swingset sh[118092]:       "request_day": "2026-09-17",
Sep 17 18:10:04 swingset sh[118092]:       "reserved_bytes": 2097152,
Sep 17 18:10:04 swingset sh[118092]:       "complete": true,
Sep 17 18:10:04 swingset sh[118092]:       "transport_dispatched_at": "2026-09-17T18:10:03.885175+00:00",
Sep 17 18:10:04 swingset sh[118092]:       "transport_dispatched_elapsed_seconds": 62.831922092009336,
Sep 17 18:10:04 swingset sh[118092]:       "http_status": 200,
Sep 17 18:10:04 swingset sh[118092]:       "headers": {
Sep 17 18:10:04 swingset sh[118092]:         "server": "nginx",
Sep 17 18:10:04 swingset sh[118092]:         "date": "Thu, 17 Sep 2026 18:10:04 GMT",
Sep 17 18:10:04 swingset sh[118092]:         "content-type": "application/json",
Sep 17 18:10:04 swingset sh[118092]:         "transfer-encoding": "chunked",
Sep 17 18:10:04 swingset sh[118092]:         "connection": "keep-alive",
Sep 17 18:10:04 swingset sh[118092]:         "server-timing": "exclusion.robots;dur=0.055617, exclusion.robots.policy;dur=0.047758, esindex;dur=0.006421, TR;dur=0,Tw;dur=0,Tc;dur=1, BYPASS",
Sep 17 18:10:04 swingset sh[118092]:         "x-app-server": "wwwb-app207-dc8",
Sep 17 18:10:04 swingset sh[118092]:         "x-ts": "200",
Sep 17 18:10:04 swingset sh[118092]:         "x-tr": "550",
Sep 17 18:10:04 swingset sh[118092]:         "set-cookie": "wb-cdx-SERVER=wwwb-app207; path=/",
Sep 17 18:10:04 swingset sh[118092]:         "x-location": "cdx",
Sep 17 18:10:04 swingset sh[118092]:         "x-rl": "0",
Sep 17 18:10:04 swingset sh[118092]:         "x-na": "0",
Sep 17 18:10:04 swingset sh[118092]:         "x-page-cache": "BYPASS",
Sep 17 18:10:04 swingset sh[118092]:         "x-nid": "TWC-12271-NYC",
Sep 17 18:10:04 swingset sh[118092]:         "referrer-policy": "no-referrer-when-downgrade",
Sep 17 18:10:04 swingset sh[118092]:         "permissions-policy": "interest-cohort=()",
Sep 17 18:10:04 swingset sh[118092]:         "x-sd": "0",
Sep 17 18:10:04 swingset sh[118092]:         "x-be": "wb_cdx_pygwb"
Sep 17 18:10:04 swingset sh[118092]:       },
Sep 17 18:10:04 swingset sh[118092]:       "exchange_completed_elapsed_seconds": 63.736139760992955,
Sep 17 18:10:04 swingset sh[118092]:       "exchange_completed_at": "2026-09-17T18:10:04.789396+00:00",
Sep 17 18:10:04 swingset sh[118092]:       "next_dispatch_not_before_elapsed_seconds": 73.73613976099296,
Sep 17 18:10:04 swingset sh[118092]:       "next_dispatch_not_before": "2026-09-17T18:10:14.789396+00:00",
Sep 17 18:10:04 swingset sh[118092]:       "spacing_basis": "closed_exchange_completion_floor",
Sep 17 18:10:04 swingset sh[118092]:       "body_sha256": "37517e5f3dc66819f61f5a7bb8ace1921282415f10551d2defa5c3eb0985b570",
Sep 17 18:10:04 swingset sh[118092]:       "body_bytes": 3,
Sep 17 18:10:04 swingset sh[118092]:       "classification": "Ok",
Sep 17 18:10:04 swingset sh[118092]:       "budget_charged_bytes": 3
Sep 17 18:10:04 swingset sh[118092]:     }
Sep 17 18:10:04 swingset sh[118092]:   ],
Sep 17 18:10:04 swingset sh[118092]:   "targets": [],
Sep 17 18:10:04 swingset sh[118092]:   "received_bytes": 156,
Sep 17 18:10:04 swingset sh[118092]:   "production_facts_or_watches_created": 0,
Sep 17 18:10:04 swingset sh[118092]:   "metadata_results": [
Sep 17 18:10:04 swingset sh[118092]:     {
Sep 17 18:10:04 swingset sh[118092]:       "id": "dcn-riga-newcomer-finals-3451330",
Sep 17 18:10:04 swingset sh[118092]:       "original_url": "https://danceconvention.net/eventdirector/en/roundscores/3451330.pdf",
Sep 17 18:10:04 swingset sh[118092]:       "status": "captured_pending_independent_review",
Sep 17 18:10:04 swingset sh[118092]:       "probe_sha256": "4355a46b19d348dc2f57c046f8ef63d4538ebb936000f3c9ee954a27460dd865",
Sep 17 18:10:04 swingset sh[118092]:       "pages_reported": 1,
Sep 17 18:10:04 swingset sh[118092]:       "further_pages_unexamined": 0,
Sep 17 18:10:04 swingset sh[118092]:       "page0_sha256": "37517e5f3dc66819f61f5a7bb8ace1921282415f10551d2defa5c3eb0985b570"
Sep 17 18:10:04 swingset sh[118092]:     },
Sep 17 18:10:04 swingset sh[118092]:     {
Sep 17 18:10:04 swingset sh[118092]:       "id": "dcn-riga-newcomer-prelims-3451331",
Sep 17 18:10:04 swingset sh[118092]:       "original_url": "https://danceconvention.net/eventdirector/en/roundscores/3451331.pdf",
Sep 17 18:10:04 swingset sh[118092]:       "status": "captured_pending_independent_review",
Sep 17 18:10:04 swingset sh[118092]:       "probe_sha256": "4355a46b19d348dc2f57c046f8ef63d4538ebb936000f3c9ee954a27460dd865",
Sep 17 18:10:04 swingset sh[118092]:       "pages_reported": 1,
Sep 17 18:10:04 swingset sh[118092]:       "further_pages_unexamined": 0,
Sep 17 18:10:04 swingset sh[118092]:       "page0_sha256": "37517e5f3dc66819f61f5a7bb8ace1921282415f10551d2defa5c3eb0985b570"
Sep 17 18:10:04 swingset sh[118092]:     }
Sep 17 18:10:04 swingset sh[118092]:   ],
Sep 17 18:10:04 swingset sh[118092]:   "finished_at": "2026-09-17T18:10:04.806094+00:00"
Sep 17 18:10:04 swingset sh[118092]: }
Sep 17 18:10:04 swingset systemd[1]: swingset-dcn-score-pdf-lookup-20260917-001.service: Deactivated successfully.
Sep 17 18:10:04 swingset systemd[1]: swingset-dcn-score-pdf-lookup-20260917-001.service: Consumed 358ms CPU time, 45.2M memory peak, 33M read from disk, 1.3M written to disk, 38.7K incoming IP traffic, 12.2K outgoing IP traffic.
