Sep 17 19:23:59 swingset systemd[1]: Started [systemd-run] /var/lib/swingset/venv/bin/python /var/lib/swingset/operations/v2-resume-20260917/dcn-origin-001/packet/dcn_origin_fixture_runner.py --packet /var/lib/swingset/operations/v2-resume-20260917/dcn-origin-001/packet --gate /var/lib/swingset/operations/v2-resume-20260917/dcn-origin-001/gate.json --source /nix/store/dx0cyzvd8d91rf29v21sakbr7l5bwxnz-source --state /var/lib/swingset --authorization /var/lib/swingset/operations/v2-resume-20260917/dcn-origin-001/authorization.json --quarantine /var/tmp/swingset-dcn-origin-20260917-001 --execute.
Sep 17 19:24:31 swingset python[119855]: {
Sep 17 19:24:31 swingset python[119855]:   "event_id": "dcn:1546230",
Sep 17 19:24:31 swingset python[119855]:   "finished_at": "2026-09-17T19:24:30.972210+00:00",
Sep 17 19:24:31 swingset python[119855]:   "format": "dcn-origin-fixture-receipt-v1",
Sep 17 19:24:31 swingset python[119855]:   "network_requests_authorized": 4,
Sep 17 19:24:31 swingset python[119855]:   "operation_id": "riga-origin-20260917-001",
Sep 17 19:24:31 swingset python[119855]:   "ordinary_dcn_config": "missing",
Sep 17 19:24:31 swingset python[119855]:   "production_facts_or_watches_created": 0,
Sep 17 19:24:31 swingset python[119855]:   "received_bytes": 132764,
Sep 17 19:24:31 swingset python[119855]:   "requests": [
Sep 17 19:24:31 swingset python[119855]:     {
Sep 17 19:24:31 swingset python[119855]:       "admitted_at": "2026-09-17T19:23:59.597002+00:00",
Sep 17 19:24:31 swingset python[119855]:       "body_bytes": 0,
Sep 17 19:24:31 swingset python[119855]:       "body_sha256": null,
Sep 17 19:24:31 swingset python[119855]:       "classified_outcome": "Redirect",
Sep 17 19:24:31 swingset python[119855]:       "complete": true,
Sep 17 19:24:31 swingset python[119855]:       "completed_at": "2026-09-17T19:23:59.879291+00:00",
Sep 17 19:24:31 swingset python[119855]:       "completed_monotonic": 452947.587404896,
Sep 17 19:24:31 swingset python[119855]:       "dispatched_at": "2026-09-17T19:23:59.633894+00:00",
Sep 17 19:24:31 swingset python[119855]:       "dispatched_monotonic": 452947.341993143,
Sep 17 19:24:31 swingset python[119855]:       "exchange_completed_elapsed_seconds": 0.24541175295598805,
Sep 17 19:24:31 swingset python[119855]:       "final_url": "https://danceconvention.net/robots.txt",
Sep 17 19:24:31 swingset python[119855]:       "headers": {
Sep 17 19:24:31 swingset python[119855]:         "connection": "keep-alive",
Sep 17 19:24:31 swingset python[119855]:         "date": "Thu, 17 Sep 2026 19:23:59 GMT",
Sep 17 19:24:31 swingset python[119855]:         "location": "/eventdirector/robots.txt",
Sep 17 19:24:31 swingset python[119855]:         "transfer-encoding": "chunked",
Sep 17 19:24:31 swingset python[119855]:         "via": "1.1 11140291d542e546b40770525cf1e1b4.cloudfront.net (CloudFront)",
Sep 17 19:24:31 swingset python[119855]:         "x-amz-cf-id": "7KoCemXz4z3bANcbg4yoZ7D7uw-3kquxwqZ7JPKORhL_qmyQ-7HPnQ==",
Sep 17 19:24:31 swingset python[119855]:         "x-amz-cf-pop": "EWR53-P1",
Sep 17 19:24:31 swingset python[119855]:         "x-cache": "Miss from cloudfront"
Sep 17 19:24:31 swingset python[119855]:       },
Sep 17 19:24:31 swingset python[119855]:       "host_gate_after_response": {
Sep 17 19:24:31 swingset python[119855]:         "next_allowed_at": "2026-09-17T19:24:09.883463+00:00",
Sep 17 19:24:31 swingset python[119855]:         "pause_reason": null,
Sep 17 19:24:31 swingset python[119855]:         "pause_streak": 0,
Sep 17 19:24:31 swingset python[119855]:         "paused_until": null
Sep 17 19:24:31 swingset python[119855]:       },
Sep 17 19:24:31 swingset python[119855]:       "http_status": 301,
Sep 17 19:24:31 swingset python[119855]:       "paid_admission": true,
Sep 17 19:24:31 swingset python[119855]:       "purpose": "robots",
Sep 17 19:24:31 swingset python[119855]:       "request_day": "2026-09-17",
Sep 17 19:24:31 swingset python[119855]:       "reserved_bytes": 2097152,
Sep 17 19:24:31 swingset python[119855]:       "retry_after_seconds": null,
Sep 17 19:24:31 swingset python[119855]:       "socket_dispatch_attempted": true,
Sep 17 19:24:31 swingset python[119855]:       "url": "https://danceconvention.net/robots.txt"
Sep 17 19:24:31 swingset python[119855]:     },
Sep 17 19:24:31 swingset python[119855]:     {
Sep 17 19:24:31 swingset python[119855]:       "admitted_at": "2026-09-17T19:24:09.925473+00:00",
Sep 17 19:24:31 swingset python[119855]:       "body_bytes": 2941,
Sep 17 19:24:31 swingset python[119855]:       "body_sha256": "536c1571781a9bdb72f8c07f0b07f2dc3d9d4dda4a3cc14bacf34f94a7591e61",
Sep 17 19:24:31 swingset python[119855]:       "classified_outcome": "Ok",
Sep 17 19:24:31 swingset python[119855]:       "complete": true,
Sep 17 19:24:31 swingset python[119855]:       "completed_at": "2026-09-17T19:24:10.129285+00:00",
Sep 17 19:24:31 swingset python[119855]:       "completed_monotonic": 452957.837416669,
Sep 17 19:24:31 swingset python[119855]:       "dispatched_at": "2026-09-17T19:24:09.977579+00:00",
Sep 17 19:24:31 swingset python[119855]:       "dispatched_monotonic": 452957.685682345,
Sep 17 19:24:31 swingset python[119855]:       "exchange_completed_elapsed_seconds": 0.15173432399751619,
Sep 17 19:24:31 swingset python[119855]:       "final_url": "https://danceconvention.net/eventdirector/robots.txt",
Sep 17 19:24:31 swingset python[119855]:       "headers": {
Sep 17 19:24:31 swingset python[119855]:         "accept-ranges": "bytes",
Sep 17 19:24:31 swingset python[119855]:         "connection": "keep-alive",
Sep 17 19:24:31 swingset python[119855]:         "content-encoding": "gzip",
Sep 17 19:24:31 swingset python[119855]:         "content-type": "text/plain",
Sep 17 19:24:31 swingset python[119855]:         "date": "Thu, 17 Sep 2026 19:24:10 GMT",
Sep 17 19:24:31 swingset python[119855]:         "last-modified": "Thu, 17 Sep 2026 04:34:24 GMT",
Sep 17 19:24:31 swingset python[119855]:         "server": "Jetty(9.4.z-SNAPSHOT)",
Sep 17 19:24:31 swingset python[119855]:         "transfer-encoding": "chunked",
Sep 17 19:24:31 swingset python[119855]:         "vary": "Accept-Encoding",
Sep 17 19:24:31 swingset python[119855]:         "via": "1.1 99b519fb7ca87e7fd6040aacb1160452.cloudfront.net (CloudFront)",
Sep 17 19:24:31 swingset python[119855]:         "x-amz-cf-id": "0330_NAyPeP-NRWhGI8qpq3UFXLn8FE2umphzQtmapi_Ykx8ORUfkA==",
Sep 17 19:24:31 swingset python[119855]:         "x-amz-cf-pop": "EWR53-P1",
Sep 17 19:24:31 swingset python[119855]:         "x-cache": "Miss from cloudfront"
Sep 17 19:24:31 swingset python[119855]:       },
Sep 17 19:24:31 swingset python[119855]:       "host_gate_after_response": {
Sep 17 19:24:31 swingset python[119855]:         "next_allowed_at": "2026-09-17T19:24:20.134388+00:00",
Sep 17 19:24:31 swingset python[119855]:         "pause_reason": null,
Sep 17 19:24:31 swingset python[119855]:         "pause_streak": 0,
Sep 17 19:24:31 swingset python[119855]:         "paused_until": null
Sep 17 19:24:31 swingset python[119855]:       },
Sep 17 19:24:31 swingset python[119855]:       "http_status": 200,
Sep 17 19:24:31 swingset python[119855]:       "paid_admission": true,
Sep 17 19:24:31 swingset python[119855]:       "purpose": "robots",
Sep 17 19:24:31 swingset python[119855]:       "redirect_count": 1,
Sep 17 19:24:31 swingset python[119855]:       "request_day": "2026-09-17",
Sep 17 19:24:31 swingset python[119855]:       "reserved_bytes": 2097152,
Sep 17 19:24:31 swingset python[119855]:       "retry_after_seconds": null,
Sep 17 19:24:31 swingset python[119855]:       "socket_dispatch_attempted": true,
Sep 17 19:24:31 swingset python[119855]:       "url": "https://danceconvention.net/eventdirector/robots.txt"
Sep 17 19:24:31 swingset python[119855]:     },
Sep 17 19:24:31 swingset python[119855]:     {
Sep 17 19:24:31 swingset python[119855]:       "admitted_at": "2026-09-17T19:24:20.180886+00:00",
Sep 17 19:24:31 swingset python[119855]:       "body_bytes": 55063,
Sep 17 19:24:31 swingset python[119855]:       "body_sha256": "b91e9e0a82edbd455b21b5aad50f211c590a05afd9a8bb34c81493d134e70e5e",
Sep 17 19:24:31 swingset python[119855]:       "classified_outcome": "Ok",
Sep 17 19:24:31 swingset python[119855]:       "complete": true,
Sep 17 19:24:31 swingset python[119855]:       "completed_at": "2026-09-17T19:24:20.485922+00:00",
Sep 17 19:24:31 swingset python[119855]:       "completed_monotonic": 452968.194041667,
Sep 17 19:24:31 swingset python[119855]:       "dispatched_at": "2026-09-17T19:24:20.233104+00:00",
Sep 17 19:24:31 swingset python[119855]:       "dispatched_monotonic": 452967.941205905,
Sep 17 19:24:31 swingset python[119855]:       "exchange_completed_elapsed_seconds": 0.2528357619885355,
Sep 17 19:24:31 swingset python[119855]:       "final_url": "https://danceconvention.net/eventdirector/en/roundscores/3451330.pdf",
Sep 17 19:24:31 swingset python[119855]:       "headers": {
Sep 17 19:24:31 swingset python[119855]:         "cache-control": "no-store, no-cache, must-revalidate, private, post-check=0, pre-check=0, max-age=0",
Sep 17 19:24:31 swingset python[119855]:         "connection": "keep-alive",
Sep 17 19:24:31 swingset python[119855]:         "content-type": "application/pdf",
Sep 17 19:24:31 swingset python[119855]:         "date": "Thu, 17 Sep 2026 19:24:20 GMT",
Sep 17 19:24:31 swingset python[119855]:         "expires": "0",
Sep 17 19:24:31 swingset python[119855]:         "pragma": "no-cache",
Sep 17 19:24:31 swingset python[119855]:         "server": "Jetty(9.4.z-SNAPSHOT)",
Sep 17 19:24:31 swingset python[119855]:         "transfer-encoding": "chunked",
Sep 17 19:24:31 swingset python[119855]:         "via": "1.1 79455aeea26d3c071fd96c3c1432669a.cloudfront.net (CloudFront)",
Sep 17 19:24:31 swingset python[119855]:         "x-amz-cf-id": "zFRUOj0dK3yPZ2vL-x53EuTvWSqBqr2x1iHb3QwOHQ7l_RGbCHQwvw==",
Sep 17 19:24:31 swingset python[119855]:         "x-amz-cf-pop": "EWR53-P1",
Sep 17 19:24:31 swingset python[119855]:         "x-cache": "Miss from cloudfront"
Sep 17 19:24:31 swingset python[119855]:       },
Sep 17 19:24:31 swingset python[119855]:       "host_gate_after_response": {
Sep 17 19:24:31 swingset python[119855]:         "next_allowed_at": "2026-09-17T19:24:30.490185+00:00",
Sep 17 19:24:31 swingset python[119855]:         "pause_reason": null,
Sep 17 19:24:31 swingset python[119855]:         "pause_streak": 0,
Sep 17 19:24:31 swingset python[119855]:         "paused_until": null
Sep 17 19:24:31 swingset python[119855]:       },
Sep 17 19:24:31 swingset python[119855]:       "http_status": 200,
Sep 17 19:24:31 swingset python[119855]:       "paid_admission": true,
Sep 17 19:24:31 swingset python[119855]:       "purpose": "pdf",
Sep 17 19:24:31 swingset python[119855]:       "redirect_count": 0,
Sep 17 19:24:31 swingset python[119855]:       "request_day": "2026-09-17",
Sep 17 19:24:31 swingset python[119855]:       "reserved_bytes": 2097152,
Sep 17 19:24:31 swingset python[119855]:       "retry_after_seconds": null,
Sep 17 19:24:31 swingset python[119855]:       "socket_dispatch_attempted": true,
Sep 17 19:24:31 swingset python[119855]:       "url": "https://danceconvention.net/eventdirector/en/roundscores/3451330.pdf"
Sep 17 19:24:31 swingset python[119855]:     },
Sep 17 19:24:31 swingset python[119855]:     {
Sep 17 19:24:31 swingset python[119855]:       "admitted_at": "2026-09-17T19:24:30.550149+00:00",
Sep 17 19:24:31 swingset python[119855]:       "body_bytes": 74760,
Sep 17 19:24:31 swingset python[119855]:       "body_sha256": "f2ee4660315ab79703e8095312f75922e84271b38e19e784236bee5c2fbebb0b",
Sep 17 19:24:31 swingset python[119855]:       "classified_outcome": "Ok",
Sep 17 19:24:31 swingset python[119855]:       "complete": true,
Sep 17 19:24:31 swingset python[119855]:       "completed_at": "2026-09-17T19:24:30.951561+00:00",
Sep 17 19:24:31 swingset python[119855]:       "completed_monotonic": 452978.659707241,
Sep 17 19:24:31 swingset python[119855]:       "dispatched_at": "2026-09-17T19:24:30.609516+00:00",
Sep 17 19:24:31 swingset python[119855]:       "dispatched_monotonic": 452978.317618205,
Sep 17 19:24:31 swingset python[119855]:       "exchange_completed_elapsed_seconds": 0.34208903601393104,
Sep 17 19:24:31 swingset python[119855]:       "final_url": "https://danceconvention.net/eventdirector/en/roundscores/3451331.pdf",
Sep 17 19:24:31 swingset python[119855]:       "headers": {
Sep 17 19:24:31 swingset python[119855]:         "cache-control": "no-store, no-cache, must-revalidate, private, post-check=0, pre-check=0, max-age=0",
Sep 17 19:24:31 swingset python[119855]:         "connection": "keep-alive",
Sep 17 19:24:31 swingset python[119855]:         "content-type": "application/pdf",
Sep 17 19:24:31 swingset python[119855]:         "date": "Thu, 17 Sep 2026 19:24:30 GMT",
Sep 17 19:24:31 swingset python[119855]:         "expires": "0",
Sep 17 19:24:31 swingset python[119855]:         "pragma": "no-cache",
Sep 17 19:24:31 swingset python[119855]:         "server": "Jetty(9.4.z-SNAPSHOT)",
Sep 17 19:24:31 swingset python[119855]:         "transfer-encoding": "chunked",
Sep 17 19:24:31 swingset python[119855]:         "via": "1.1 957a0e737a088bdc07cb5cc9dcc9e826.cloudfront.net (CloudFront)",
Sep 17 19:24:31 swingset python[119855]:         "x-amz-cf-id": "VeWlX1LTui60yrMq_kWRejBhtKgoG_9hszhJJAnkl2j7sjTm7oC5_Q==",
Sep 17 19:24:31 swingset python[119855]:         "x-amz-cf-pop": "EWR53-P1",
Sep 17 19:24:31 swingset python[119855]:         "x-cache": "Miss from cloudfront"
Sep 17 19:24:31 swingset python[119855]:       },
Sep 17 19:24:31 swingset python[119855]:       "host_gate_after_response": {
Sep 17 19:24:31 swingset python[119855]:         "next_allowed_at": "2026-09-17T19:24:40.956433+00:00",
Sep 17 19:24:31 swingset python[119855]:         "pause_reason": null,
Sep 17 19:24:31 swingset python[119855]:         "pause_streak": 0,
Sep 17 19:24:31 swingset python[119855]:         "paused_until": null
Sep 17 19:24:31 swingset python[119855]:       },
Sep 17 19:24:31 swingset python[119855]:       "http_status": 200,
Sep 17 19:24:31 swingset python[119855]:       "paid_admission": true,
Sep 17 19:24:31 swingset python[119855]:       "purpose": "pdf",
Sep 17 19:24:31 swingset python[119855]:       "redirect_count": 0,
Sep 17 19:24:31 swingset python[119855]:       "request_day": "2026-09-17",
Sep 17 19:24:31 swingset python[119855]:       "reserved_bytes": 2097152,
Sep 17 19:24:31 swingset python[119855]:       "retry_after_seconds": null,
Sep 17 19:24:31 swingset python[119855]:       "socket_dispatch_attempted": true,
Sep 17 19:24:31 swingset python[119855]:       "url": "https://danceconvention.net/eventdirector/en/roundscores/3451331.pdf"
Sep 17 19:24:31 swingset python[119855]:     }
Sep 17 19:24:31 swingset python[119855]:   ],
Sep 17 19:24:31 swingset python[119855]:   "started_at": "2026-09-17T19:23:59.486815+00:00",
Sep 17 19:24:31 swingset python[119855]:   "status": "captured_pending_independent_review",
Sep 17 19:24:31 swingset python[119855]:   "targets": [
Sep 17 19:24:31 swingset python[119855]:     {
Sep 17 19:24:31 swingset python[119855]:       "body_bytes": 55063,
Sep 17 19:24:31 swingset python[119855]:       "body_sha256": "b91e9e0a82edbd455b21b5aad50f211c590a05afd9a8bb34c81493d134e70e5e",
Sep 17 19:24:31 swingset python[119855]:       "captured_at": "2026-09-17T19:24:20.485922+00:00",
Sep 17 19:24:31 swingset python[119855]:       "content_finding": "pdf",
Sep 17 19:24:31 swingset python[119855]:       "fetched_at": "2026-09-17T19:24:20.485922+00:00",
Sep 17 19:24:31 swingset python[119855]:       "final_url": "https://danceconvention.net/eventdirector/en/roundscores/3451330.pdf",
Sep 17 19:24:31 swingset python[119855]:       "headers": {
Sep 17 19:24:31 swingset python[119855]:         "cache-control": "no-store, no-cache, must-revalidate, private, post-check=0, pre-check=0, max-age=0",
Sep 17 19:24:31 swingset python[119855]:         "connection": "keep-alive",
Sep 17 19:24:31 swingset python[119855]:         "content-type": "application/pdf",
Sep 17 19:24:31 swingset python[119855]:         "date": "Thu, 17 Sep 2026 19:24:20 GMT",
Sep 17 19:24:31 swingset python[119855]:         "expires": "0",
Sep 17 19:24:31 swingset python[119855]:         "pragma": "no-cache",
Sep 17 19:24:31 swingset python[119855]:         "server": "Jetty(9.4.z-SNAPSHOT)",
Sep 17 19:24:31 swingset python[119855]:         "transfer-encoding": "chunked",
Sep 17 19:24:31 swingset python[119855]:         "via": "1.1 79455aeea26d3c071fd96c3c1432669a.cloudfront.net (CloudFront)",
Sep 17 19:24:31 swingset python[119855]:         "x-amz-cf-id": "zFRUOj0dK3yPZ2vL-x53EuTvWSqBqr2x1iHb3QwOHQ7l_RGbCHQwvw==",
Sep 17 19:24:31 swingset python[119855]:         "x-amz-cf-pop": "EWR53-P1",
Sep 17 19:24:31 swingset python[119855]:         "x-cache": "Miss from cloudfront"
Sep 17 19:24:31 swingset python[119855]:       },
Sep 17 19:24:31 swingset python[119855]:       "http_status": 200,
Sep 17 19:24:31 swingset python[119855]:       "interpretation": "unreviewed_quarantine_body",
Sep 17 19:24:31 swingset python[119855]:       "observed_at": "2026-09-17T19:24:20.485922+00:00",
Sep 17 19:24:31 swingset python[119855]:       "requested_url": "https://danceconvention.net/eventdirector/en/roundscores/3451330.pdf",
Sep 17 19:24:31 swingset python[119855]:       "via": "origin"
Sep 17 19:24:31 swingset python[119855]:     },
Sep 17 19:24:31 swingset python[119855]:     {
Sep 17 19:24:31 swingset python[119855]:       "body_bytes": 74760,
Sep 17 19:24:31 swingset python[119855]:       "body_sha256": "f2ee4660315ab79703e8095312f75922e84271b38e19e784236bee5c2fbebb0b",
Sep 17 19:24:31 swingset python[119855]:       "captured_at": "2026-09-17T19:24:30.951561+00:00",
Sep 17 19:24:31 swingset python[119855]:       "content_finding": "pdf",
Sep 17 19:24:31 swingset python[119855]:       "fetched_at": "2026-09-17T19:24:30.951561+00:00",
Sep 17 19:24:31 swingset python[119855]:       "final_url": "https://danceconvention.net/eventdirector/en/roundscores/3451331.pdf",
Sep 17 19:24:31 swingset python[119855]:       "headers": {
Sep 17 19:24:31 swingset python[119855]:         "cache-control": "no-store, no-cache, must-revalidate, private, post-check=0, pre-check=0, max-age=0",
Sep 17 19:24:31 swingset python[119855]:         "connection": "keep-alive",
Sep 17 19:24:31 swingset python[119855]:         "content-type": "application/pdf",
Sep 17 19:24:31 swingset python[119855]:         "date": "Thu, 17 Sep 2026 19:24:30 GMT",
Sep 17 19:24:31 swingset python[119855]:         "expires": "0",
Sep 17 19:24:31 swingset python[119855]:         "pragma": "no-cache",
Sep 17 19:24:31 swingset python[119855]:         "server": "Jetty(9.4.z-SNAPSHOT)",
Sep 17 19:24:31 swingset python[119855]:         "transfer-encoding": "chunked",
Sep 17 19:24:31 swingset python[119855]:         "via": "1.1 957a0e737a088bdc07cb5cc9dcc9e826.cloudfront.net (CloudFront)",
Sep 17 19:24:31 swingset python[119855]:         "x-amz-cf-id": "VeWlX1LTui60yrMq_kWRejBhtKgoG_9hszhJJAnkl2j7sjTm7oC5_Q==",
Sep 17 19:24:31 swingset python[119855]:         "x-amz-cf-pop": "EWR53-P1",
Sep 17 19:24:31 swingset python[119855]:         "x-cache": "Miss from cloudfront"
Sep 17 19:24:31 swingset python[119855]:       },
Sep 17 19:24:31 swingset python[119855]:       "http_status": 200,
Sep 17 19:24:31 swingset python[119855]:       "interpretation": "unreviewed_quarantine_body",
Sep 17 19:24:31 swingset python[119855]:       "observed_at": "2026-09-17T19:24:30.951561+00:00",
Sep 17 19:24:31 swingset python[119855]:       "requested_url": "https://danceconvention.net/eventdirector/en/roundscores/3451331.pdf",
Sep 17 19:24:31 swingset python[119855]:       "via": "origin"
Sep 17 19:24:31 swingset python[119855]:     }
Sep 17 19:24:31 swingset python[119855]:   ]
Sep 17 19:24:31 swingset python[119855]: }
Sep 17 19:24:31 swingset systemd[1]: swingset-dcn-origin-20260917-001.service: Deactivated successfully.
Sep 17 19:24:31 swingset systemd[1]: swingset-dcn-origin-20260917-001.service: Consumed 734ms CPU time, 132M memory peak, 111.9M read from disk, 1.5M written to disk, 155.8K incoming IP traffic, 9.8K outgoing IP traffic.
