these 13 derivations will be built:
  /nix/store/3zzbs47f0lnv0ikrwq7fy0df8b748y6l-swingset.drv
  /nix/store/gg3y5jg3d8iyq3n1m40fgl0zriwmcfsb-system-path.drv
  /nix/store/knqwzx446qsm65pn678im5dkvsj1i1q8-dbus-1.drv
  /nix/store/985pd7rfr2q0fcfnbbl6is07d5363i4b-X-Restart-Triggers-dbus.drv
  /nix/store/3l4aawhbz5dxm764zhkd73sm5ii2xl4f-unit-dbus.service.drv
  /nix/store/56y7ximjs545ql4npdsb176wms15gszk-unit-swingset-summary.service.drv
  /nix/store/688h0q65zb7gak4ffysv3qjg2sa3hs6h-unit-swingset-backup.service.drv
  /nix/store/d973ga5pbf4whmc383njz6njwy4y2a9z-unit-swingset-cycle.service.drv
  /nix/store/301xkmmpdswlwqfrnk0jhrljzvkxkayf-system-units.drv
  /nix/store/lw1hccp4zbdm4cpf8ls7nyafx07mvdnk-unit-dbus.service.drv
  /nix/store/bprdfs7znkvqgz890a6pkhadiy9v8ffb-user-units.drv
  /nix/store/5a2kxwa9zy003cqsrl4049ggqhphc1q4-etc.drv
  /nix/store/ybks8ki0l87nd0fnzz20qjmgbyh76cpg-nixos-system-swingset-lxc-25.11.20260630.b6018f8.drv
building '/nix/store/3zzbs47f0lnv0ikrwq7fy0df8b748y6l-swingset.drv'...
building '/nix/store/gg3y5jg3d8iyq3n1m40fgl0zriwmcfsb-system-path.drv'...
building '/nix/store/688h0q65zb7gak4ffysv3qjg2sa3hs6h-unit-swingset-backup.service.drv'...
building '/nix/store/d973ga5pbf4whmc383njz6njwy4y2a9z-unit-swingset-cycle.service.drv'...
building '/nix/store/56y7ximjs545ql4npdsb176wms15gszk-unit-swingset-summary.service.drv'...
building '/nix/store/knqwzx446qsm65pn678im5dkvsj1i1q8-dbus-1.drv'...
building '/nix/store/985pd7rfr2q0fcfnbbl6is07d5363i4b-X-Restart-Triggers-dbus.drv'...
building '/nix/store/3l4aawhbz5dxm764zhkd73sm5ii2xl4f-unit-dbus.service.drv'...
building '/nix/store/lw1hccp4zbdm4cpf8ls7nyafx07mvdnk-unit-dbus.service.drv'...
building '/nix/store/301xkmmpdswlwqfrnk0jhrljzvkxkayf-system-units.drv'...
building '/nix/store/bprdfs7znkvqgz890a6pkhadiy9v8ffb-user-units.drv'...
building '/nix/store/5a2kxwa9zy003cqsrl4049ggqhphc1q4-etc.drv'...
building '/nix/store/ybks8ki0l87nd0fnzz20qjmgbyh76cpg-nixos-system-swingset-lxc-25.11.20260630.b6018f8.drv'...
