these 13 derivations will be built:
  /nix/store/qsl7ph1vysn6bsprxiifs5mixrp2ibj3-swingset.drv
  /nix/store/ks1dw5d2dj3zdnkjfwvb5pd4vm11p2bg-system-path.drv
  /nix/store/gry5qjz8hzcw7likg0fdkjlwaisnm6a8-dbus-1.drv
  /nix/store/v02xdjdcaarl7y6r5qhd5hcpbi1nmcja-X-Restart-Triggers-dbus.drv
  /nix/store/baj0ybq5z6f58riy81jfxn3sc14y8zli-unit-dbus.service.drv
  /nix/store/133ww8739gv8igrdi8i69apmzin1w2by-user-units.drv
  /nix/store/43r8rmsn4vszhnfh3xvkki47f3x5pbks-unit-swingset-backup.service.drv
  /nix/store/44vv46wcfpmfnfayq3fd9vmwl1krv0jv-unit-swingset-cycle.service.drv
  /nix/store/743pqbizf5scflqsrbjsd2lg8smic0h6-unit-swingset-summary.service.drv
  /nix/store/jnwb1nzpiim2bykyg73z8cv3hhm1fac9-unit-dbus.service.drv
  /nix/store/9ld2iccmjbz9cz11d7kn9bcp7bljprdm-system-units.drv
  /nix/store/iblz876ypgbljz21fwghwb51cq2mivgq-etc.drv
  /nix/store/yy43vp7rbpp94d7b5wwfd304ln7cgvqj-nixos-system-swingset-lxc-25.11.20260630.b6018f8.drv
building '/nix/store/qsl7ph1vysn6bsprxiifs5mixrp2ibj3-swingset.drv'...
building '/nix/store/ks1dw5d2dj3zdnkjfwvb5pd4vm11p2bg-system-path.drv'...
building '/nix/store/43r8rmsn4vszhnfh3xvkki47f3x5pbks-unit-swingset-backup.service.drv'...
building '/nix/store/44vv46wcfpmfnfayq3fd9vmwl1krv0jv-unit-swingset-cycle.service.drv'...
building '/nix/store/743pqbizf5scflqsrbjsd2lg8smic0h6-unit-swingset-summary.service.drv'...
building '/nix/store/gry5qjz8hzcw7likg0fdkjlwaisnm6a8-dbus-1.drv'...
building '/nix/store/v02xdjdcaarl7y6r5qhd5hcpbi1nmcja-X-Restart-Triggers-dbus.drv'...
building '/nix/store/baj0ybq5z6f58riy81jfxn3sc14y8zli-unit-dbus.service.drv'...
building '/nix/store/jnwb1nzpiim2bykyg73z8cv3hhm1fac9-unit-dbus.service.drv'...
building '/nix/store/133ww8739gv8igrdi8i69apmzin1w2by-user-units.drv'...
building '/nix/store/9ld2iccmjbz9cz11d7kn9bcp7bljprdm-system-units.drv'...
building '/nix/store/iblz876ypgbljz21fwghwb51cq2mivgq-etc.drv'...
building '/nix/store/yy43vp7rbpp94d7b5wwfd304ln7cgvqj-nixos-system-swingset-lxc-25.11.20260630.b6018f8.drv'...
