Sep 17 15:42:52 swingset systemd[1]: Started [systemd-run] /bin/sh /var/lib/swingset/operations/v2-continuation-20260917/fixture-002/execute.sh.
Sep 17 15:44:06 swingset sh[111396]: {
Sep 17 15:44:06 swingset sh[111396]:   "manifest_canonical_sha256": "c51d9810073d5e49c4a1044e30de97bd4409f3ad4c4a109aa6a2fa31dc51dd93",
Sep 17 15:44:06 swingset sh[111396]:   "authorization_sha256": "074d5d29e2c0b7f04f7017dfee3b6ad92252831ab9ee729d2df098e539c5dd10",
Sep 17 15:44:06 swingset sh[111396]:   "started_at": "2026-09-17T15:42:52.996197+00:00",
Sep 17 15:44:06 swingset sh[111396]:   "status": "captured_pending_independent_review",
Sep 17 15:44:06 swingset sh[111396]:   "requests": [
Sep 17 15:44:06 swingset sh[111396]:     {
Sep 17 15:44:06 swingset sh[111396]:       "url": "https://web.archive.org/robots.txt",
Sep 17 15:44:06 swingset sh[111396]:       "purpose": "robots",
Sep 17 15:44:06 swingset sh[111396]:       "issued_at": "2026-09-17T15:42:53.040298+00:00",
Sep 17 15:44:06 swingset sh[111396]:       "request_day": "2026-09-17",
Sep 17 15:44:06 swingset sh[111396]:       "reserved_bytes": 8388608,
Sep 17 15:44:06 swingset sh[111396]:       "complete": true,
Sep 17 15:44:06 swingset sh[111396]:       "http_status": 404,
Sep 17 15:44:06 swingset sh[111396]:       "headers": {
Sep 17 15:44:06 swingset sh[111396]:         "server": "nginx",
Sep 17 15:44:06 swingset sh[111396]:         "date": "Thu, 17 Sep 2026 15:42:53 GMT",
Sep 17 15:44:06 swingset sh[111396]:         "content-type": "text/html",
Sep 17 15:44:06 swingset sh[111396]:         "content-length": "146",
Sep 17 15:44:06 swingset sh[111396]:         "connection": "keep-alive"
Sep 17 15:44:06 swingset sh[111396]:       },
Sep 17 15:44:06 swingset sh[111396]:       "body_sha256": "55f7d9e99b8e2d4e0e193b2f0275501e6d9c1ebd29cadbea6a0da48a8587e3e0",
Sep 17 15:44:06 swingset sh[111396]:       "body_bytes": 146,
Sep 17 15:44:06 swingset sh[111396]:       "classification": "Gone"
Sep 17 15:44:06 swingset sh[111396]:     },
Sep 17 15:44:06 swingset sh[111396]:     {
Sep 17 15:44:06 swingset sh[111396]:       "url": "https://web.archive.org/web/20130413022752id_/http://www.steprightsolutions.com:80/events",
Sep 17 15:44:06 swingset sh[111396]:       "purpose": "srs-index",
Sep 17 15:44:06 swingset sh[111396]:       "issued_at": "2026-09-17T15:43:03.053077+00:00",
Sep 17 15:44:06 swingset sh[111396]:       "request_day": "2026-09-17",
Sep 17 15:44:06 swingset sh[111396]:       "reserved_bytes": 8388608,
Sep 17 15:44:06 swingset sh[111396]:       "complete": true,
Sep 17 15:44:06 swingset sh[111396]:       "http_status": 200,
Sep 17 15:44:06 swingset sh[111396]:       "headers": {
Sep 17 15:44:06 swingset sh[111396]:         "server": "nginx",
Sep 17 15:44:06 swingset sh[111396]:         "date": "Thu, 17 Sep 2026 15:43:09 GMT",
Sep 17 15:44:06 swingset sh[111396]:         "content-type": "text/html; charset=UTF-8",
Sep 17 15:44:06 swingset sh[111396]:         "transfer-encoding": "chunked",
Sep 17 15:44:06 swingset sh[111396]:         "connection": "keep-alive",
Sep 17 15:44:06 swingset sh[111396]:         "x-archive-orig-date": "Sat, 13 Apr 2013 02:27:52 GMT",
Sep 17 15:44:06 swingset sh[111396]:         "x-archive-orig-server": "Apache/2.2.22 (Ubuntu)",
Sep 17 15:44:06 swingset sh[111396]:         "x-archive-orig-x-powered-by": "PHP/5.3.10-1ubuntu3.6",
Sep 17 15:44:06 swingset sh[111396]:         "x-archive-orig-cache-control": "no-cache, max-age=0",
Sep 17 15:44:06 swingset sh[111396]:         "x-archive-orig-set-cookie": "srs_session=5e661685e792eb77b87ff3dc0c5756bf4c4789cf%2BsBUtoT454JYSHRXvm0PiOCwH1go802xp5dEgrOTb; expires=Sat, 13-Apr-2013 03:27:52 GMT; path=/; httponly",
Sep 17 15:44:06 swingset sh[111396]:         "x-archive-orig-expires": "Sat, 13 Apr 2013 02:27:52 GMT",
Sep 17 15:44:06 swingset sh[111396]:         "x-archive-orig-vary": "Accept-Encoding",
Sep 17 15:44:06 swingset sh[111396]:         "x-archive-orig-connection": "close",
Sep 17 15:44:06 swingset sh[111396]:         "cache-control": "max-age=1800, private",
Sep 17 15:44:06 swingset sh[111396]:         "accept-ranges": "bytes",
Sep 17 15:44:06 swingset sh[111396]:         "memento-datetime": "Sat, 13 Apr 2013 02:27:52 GMT",
Sep 17 15:44:06 swingset sh[111396]:         "link": "<http://www.steprightsolutions.com:80/events>; rel=\"original\", <https://web.archive.org/web/timemap/link/http://www.steprightsolutions.com:80/events>; rel=\"timemap\"; type=\"application/link-format\", <https://web.archive.org/web/http://www.steprightsolutions.com:80/events>; rel=\"timegate\"",
Sep 17 15:44:06 swingset sh[111396]:         "content-security-policy": "default-src 'self' 'unsafe-eval' 'unsafe-inline' data: blob: archive.org web.archive.org web-static.archive.org wayback-api.archive.org athena.archive.org analytics.archive.org pragma.archivelab.org wwwb-events.archive.org",
Sep 17 15:44:06 swingset sh[111396]:         "x-archive-src": "alexa20130413-23/52_33_20130413022731_crawl100.arc.gz",
Sep 17 15:44:06 swingset sh[111396]:         "server-timing": "captures_list;dur=0.371586, exclusion.robots;dur=0.036702, exclusion.robots.policy;dur=0.028860, esindex;dur=0.006093, cdx.remote;dur=6.276223, LoadShardBlock;dur=81.570840, PetaboxLoader3.datanode;dur=61.748480, PetaboxLoader3.resolve;dur=1020.486172, load_resource;dur=1043.168141, TR;dur=0,Tw;dur=4986,Tc;dur=1, MISS",
Sep 17 15:44:06 swingset sh[111396]:         "x-app-server": "wwwb-app263-dc8",
Sep 17 15:44:06 swingset sh[111396]:         "x-ts": "200",
Sep 17 15:44:06 swingset sh[111396]:         "x-tr": "1146",
Sep 17 15:44:06 swingset sh[111396]:         "set-cookie": "wb-p-SERVER=wwwb-app263; path=/",
Sep 17 15:44:06 swingset sh[111396]:         "x-location": "All",
Sep 17 15:44:06 swingset sh[111396]:         "x-as": "12271",
Sep 17 15:44:06 swingset sh[111396]:         "x-rl": "0",
Sep 17 15:44:06 swingset sh[111396]:         "x-na": "0",
Sep 17 15:44:06 swingset sh[111396]:         "x-page-cache": "MISS",
Sep 17 15:44:06 swingset sh[111396]:         "x-nid": "TWC-12271-NYC",
Sep 17 15:44:06 swingset sh[111396]:         "referrer-policy": "no-referrer-when-downgrade",
Sep 17 15:44:06 swingset sh[111396]:         "permissions-policy": "interest-cohort=()",
Sep 17 15:44:06 swingset sh[111396]:         "x-sd": "0"
Sep 17 15:44:06 swingset sh[111396]:       },
Sep 17 15:44:06 swingset sh[111396]:       "body_sha256": "9264cb04aab050fce36fc83b92c7e51ffb28c4d1b1412ef575474e7dd6864f40",
Sep 17 15:44:06 swingset sh[111396]:       "body_bytes": 26497,
Sep 17 15:44:06 swingset sh[111396]:       "classification": "Ok"
Sep 17 15:44:06 swingset sh[111396]:     },
Sep 17 15:44:06 swingset sh[111396]:     {
Sep 17 15:44:06 swingset sh[111396]:       "url": "https://web.archive.org/web/20130401090810id_/http://www.steprightsolutions.com:80/events/asianopen2013",
Sep 17 15:44:06 swingset sh[111396]:       "purpose": "srs-event",
Sep 17 15:44:06 swingset sh[111396]:       "issued_at": "2026-09-17T15:43:13.067815+00:00",
Sep 17 15:44:06 swingset sh[111396]:       "request_day": "2026-09-17",
Sep 17 15:44:06 swingset sh[111396]:       "reserved_bytes": 8388608,
Sep 17 15:44:06 swingset sh[111396]:       "complete": true,
Sep 17 15:44:06 swingset sh[111396]:       "http_status": 200,
Sep 17 15:44:06 swingset sh[111396]:       "headers": {
Sep 17 15:44:06 swingset sh[111396]:         "server": "nginx",
Sep 17 15:44:06 swingset sh[111396]:         "date": "Thu, 17 Sep 2026 15:43:18 GMT",
Sep 17 15:44:06 swingset sh[111396]:         "content-type": "text/html; charset=UTF-8",
Sep 17 15:44:06 swingset sh[111396]:         "transfer-encoding": "chunked",
Sep 17 15:44:06 swingset sh[111396]:         "connection": "keep-alive",
Sep 17 15:44:06 swingset sh[111396]:         "x-archive-orig-date": "Mon, 01 Apr 2013 09:08:09 GMT",
Sep 17 15:44:06 swingset sh[111396]:         "x-archive-orig-server": "Apache/2.2.22 (Ubuntu)",
Sep 17 15:44:06 swingset sh[111396]:         "x-archive-orig-x-powered-by": "PHP/5.3.10-1ubuntu3.6",
Sep 17 15:44:06 swingset sh[111396]:         "x-archive-orig-cache-control": "no-cache, max-age=0",
Sep 17 15:44:06 swingset sh[111396]:         "x-archive-orig-set-cookie": "srs_session=d97033cd381acd3d53a364939f83d6bc6fa3e2f4%2BK9xEoopBaZMqISAtyyn6NkuDUVGVXDH2uv8hLy5x; expires=Mon, 01-Apr-2013 10:08:10 GMT; path=/; httponly",
Sep 17 15:44:06 swingset sh[111396]:         "x-archive-orig-expires": "Mon, 01 Apr 2013 09:08:09 GMT",
Sep 17 15:44:06 swingset sh[111396]:         "x-archive-orig-vary": "Accept-Encoding",
Sep 17 15:44:06 swingset sh[111396]:         "x-archive-orig-connection": "close",
Sep 17 15:44:06 swingset sh[111396]:         "cache-control": "max-age=1800, private",
Sep 17 15:44:06 swingset sh[111396]:         "accept-ranges": "bytes",
Sep 17 15:44:06 swingset sh[111396]:         "memento-datetime": "Mon, 01 Apr 2013 09:08:10 GMT",
Sep 17 15:44:06 swingset sh[111396]:         "link": "<http://www.steprightsolutions.com:80/events/asianopen2013>; rel=\"original\", <https://web.archive.org/web/timemap/link/http://www.steprightsolutions.com:80/events/asianopen2013>; rel=\"timemap\"; type=\"application/link-format\", <https://web.archive.org/web/http://www.steprightsolutions.com:80/events/asianopen2013>; rel=\"timegate\"",
Sep 17 15:44:06 swingset sh[111396]:         "content-security-policy": "default-src 'self' 'unsafe-eval' 'unsafe-inline' data: blob: archive.org web.archive.org web-static.archive.org wayback-api.archive.org athena.archive.org analytics.archive.org pragma.archivelab.org wwwb-events.archive.org",
Sep 17 15:44:06 swingset sh[111396]:         "x-archive-src": "alexa20130402-15/52_33_20130401085253_crawl100.arc.gz",
Sep 17 15:44:06 swingset sh[111396]:         "server-timing": "captures_list;dur=0.366704, exclusion.robots;dur=0.041862, exclusion.robots.policy;dur=0.033915, esindex;dur=0.007632, cdx.remote;dur=31.782729, LoadShardBlock;dur=145.561118, PetaboxLoader3.datanode;dur=82.960923, PetaboxLoader3.resolve;dur=314.495703, load_resource;dur=321.186895, TR;dur=0,Tw;dur=4977,Tc;dur=2, MISS",
Sep 17 15:44:06 swingset sh[111396]:         "x-app-server": "wwwb-app263-dc8",
Sep 17 15:44:06 swingset sh[111396]:         "x-ts": "200",
Sep 17 15:44:06 swingset sh[111396]:         "x-tr": "514",
Sep 17 15:44:06 swingset sh[111396]:         "set-cookie": "wb-p-SERVER=wwwb-app263; path=/",
Sep 17 15:44:06 swingset sh[111396]:         "x-location": "All",
Sep 17 15:44:06 swingset sh[111396]:         "x-as": "12271",
Sep 17 15:44:06 swingset sh[111396]:         "x-rl": "0",
Sep 17 15:44:06 swingset sh[111396]:         "x-na": "0",
Sep 17 15:44:06 swingset sh[111396]:         "x-page-cache": "MISS",
Sep 17 15:44:06 swingset sh[111396]:         "x-nid": "TWC-12271-NYC",
Sep 17 15:44:06 swingset sh[111396]:         "referrer-policy": "no-referrer-when-downgrade",
Sep 17 15:44:06 swingset sh[111396]:         "permissions-policy": "interest-cohort=()",
Sep 17 15:44:06 swingset sh[111396]:         "x-sd": "0"
Sep 17 15:44:06 swingset sh[111396]:       },
Sep 17 15:44:06 swingset sh[111396]:       "body_sha256": "ef7b01b6a34c91dbf15e41a1bad76052b878dc7c0903fb0b67e44a6dcafbd63c",
Sep 17 15:44:06 swingset sh[111396]:       "body_bytes": 14788,
Sep 17 15:44:06 swingset sh[111396]:       "classification": "Ok"
Sep 17 15:44:06 swingset sh[111396]:     },
Sep 17 15:44:06 swingset sh[111396]:     {
Sep 17 15:44:06 swingset sh[111396]:       "url": "https://web.archive.org/web/20160909170855id_/http://steprightsolutions.com/events/asianopen2013/round/507",
Sep 17 15:44:06 swingset sh[111396]:       "purpose": "srs-round507",
Sep 17 15:44:06 swingset sh[111396]:       "issued_at": "2026-09-17T15:43:23.058469+00:00",
Sep 17 15:44:06 swingset sh[111396]:       "request_day": "2026-09-17",
Sep 17 15:44:06 swingset sh[111396]:       "reserved_bytes": 8388608,
Sep 17 15:44:06 swingset sh[111396]:       "complete": true,
Sep 17 15:44:06 swingset sh[111396]:       "http_status": 200,
Sep 17 15:44:06 swingset sh[111396]:       "headers": {
Sep 17 15:44:06 swingset sh[111396]:         "server": "nginx",
Sep 17 15:44:06 swingset sh[111396]:         "date": "Thu, 17 Sep 2026 15:43:29 GMT",
Sep 17 15:44:06 swingset sh[111396]:         "content-type": "text/html; charset=UTF-8",
Sep 17 15:44:06 swingset sh[111396]:         "transfer-encoding": "chunked",
Sep 17 15:44:06 swingset sh[111396]:         "connection": "keep-alive",
Sep 17 15:44:06 swingset sh[111396]:         "x-archive-orig-date": "Fri, 09 Sep 2016 17:30:58 GMT",
Sep 17 15:44:06 swingset sh[111396]:         "x-archive-orig-server": "Apache/2.4.7 (Ubuntu)",
Sep 17 15:44:06 swingset sh[111396]:         "x-archive-orig-x-powered-by": "PHP/5.5.9-1ubuntu4.16",
Sep 17 15:44:06 swingset sh[111396]:         "x-archive-orig-cache-control": "private, must-revalidate",
Sep 17 15:44:06 swingset sh[111396]:         "x-archive-orig-pragma": "no-cache",
Sep 17 15:44:06 swingset sh[111396]:         "x-archive-orig-expires": "-1",
Sep 17 15:44:06 swingset sh[111396]:         "x-archive-orig-set-cookie": "srs_session=5665c15bd62e57eb479296b5035b7c854861f7bd%2B0jvScmWqNc9w9MqbFQa4biu07mSmHBIHtVFDErge; expires=Fri, 09-Sep-2016 18:30:58 GMT; Max-Age=3600; path=/; httponly",
Sep 17 15:44:06 swingset sh[111396]:         "x-archive-orig-vary": "Accept-Encoding",
Sep 17 15:44:06 swingset sh[111396]:         "x-archive-orig-connection": "close",
Sep 17 15:44:06 swingset sh[111396]:         "cache-control": "max-age=1800, private",
Sep 17 15:44:06 swingset sh[111396]:         "accept-ranges": "bytes",
Sep 17 15:44:06 swingset sh[111396]:         "memento-datetime": "Fri, 09 Sep 2016 17:08:55 GMT",
Sep 17 15:44:06 swingset sh[111396]:         "link": "<http://steprightsolutions.com/events/asianopen2013/round/507>; rel=\"original\", <https://web.archive.org/web/timemap/link/http://steprightsolutions.com/events/asianopen2013/round/507>; rel=\"timemap\"; type=\"application/link-format\", <https://web.archive.org/web/http://steprightsolutions.com/events/asianopen2013/round/507>; rel=\"timegate\"",
Sep 17 15:44:06 swingset sh[111396]:         "content-security-policy": "default-src 'self' 'unsafe-eval' 'unsafe-inline' data: blob: archive.org web.archive.org web-static.archive.org wayback-api.archive.org athena.archive.org analytics.archive.org pragma.archivelab.org wwwb-events.archive.org",
Sep 17 15:44:06 swingset sh[111396]:         "x-archive-src": "WIDE-20160909161647-crawl809/WIDE-20160909165655-02656.warc.gz",
Sep 17 15:44:06 swingset sh[111396]:         "server-timing": "captures_list;dur=0.522135, exclusion.robots;dur=0.068681, exclusion.robots.policy;dur=0.058413, esindex;dur=0.009059, cdx.remote;dur=19.861190, LoadShardBlock;dur=221.800549, PetaboxLoader3.resolve;dur=620.544781, PetaboxLoader3.datanode;dur=93.963855, load_resource;dur=1201.455812, TR;dur=0,Tw;dur=4982,Tc;dur=1, MISS",
Sep 17 15:44:06 swingset sh[111396]:         "x-app-server": "wwwb-app265-dc8",
Sep 17 15:44:06 swingset sh[111396]:         "x-ts": "200",
Sep 17 15:44:06 swingset sh[111396]:         "x-tr": "1481",
Sep 17 15:44:06 swingset sh[111396]:         "set-cookie": "wb-p-SERVER=wwwb-app265; path=/",
Sep 17 15:44:06 swingset sh[111396]:         "x-location": "All",
Sep 17 15:44:06 swingset sh[111396]:         "x-as": "12271",
Sep 17 15:44:06 swingset sh[111396]:         "x-rl": "0",
Sep 17 15:44:06 swingset sh[111396]:         "x-na": "0",
Sep 17 15:44:06 swingset sh[111396]:         "x-page-cache": "MISS",
Sep 17 15:44:06 swingset sh[111396]:         "x-nid": "TWC-12271-NYC",
Sep 17 15:44:06 swingset sh[111396]:         "referrer-policy": "no-referrer-when-downgrade",
Sep 17 15:44:06 swingset sh[111396]:         "permissions-policy": "interest-cohort=()",
Sep 17 15:44:06 swingset sh[111396]:         "x-sd": "0"
Sep 17 15:44:06 swingset sh[111396]:       },
Sep 17 15:44:06 swingset sh[111396]:       "body_sha256": "5a75a6e61684b23a616dd3c39eb6efd3da28e9b23e0a77925aa05e9da555f15e",
Sep 17 15:44:06 swingset sh[111396]:       "body_bytes": 37876,
Sep 17 15:44:06 swingset sh[111396]:       "classification": "Ok"
Sep 17 15:44:06 swingset sh[111396]:     },
Sep 17 15:44:06 swingset sh[111396]:     {
Sep 17 15:44:06 swingset sh[111396]:       "url": "https://web.archive.org/web/20160909171011id_/http://steprightsolutions.com/events/asianopen2013/round/508",
Sep 17 15:44:06 swingset sh[111396]:       "purpose": "srs-round508",
Sep 17 15:44:06 swingset sh[111396]:       "issued_at": "2026-09-17T15:43:33.061790+00:00",
Sep 17 15:44:06 swingset sh[111396]:       "request_day": "2026-09-17",
Sep 17 15:44:06 swingset sh[111396]:       "reserved_bytes": 8388608,
Sep 17 15:44:06 swingset sh[111396]:       "complete": true,
Sep 17 15:44:06 swingset sh[111396]:       "http_status": 200,
Sep 17 15:44:06 swingset sh[111396]:       "headers": {
Sep 17 15:44:06 swingset sh[111396]:         "server": "nginx",
Sep 17 15:44:06 swingset sh[111396]:         "date": "Thu, 17 Sep 2026 15:43:40 GMT",
Sep 17 15:44:06 swingset sh[111396]:         "content-type": "text/html; charset=UTF-8",
Sep 17 15:44:06 swingset sh[111396]:         "transfer-encoding": "chunked",
Sep 17 15:44:06 swingset sh[111396]:         "connection": "keep-alive",
Sep 17 15:44:06 swingset sh[111396]:         "x-archive-orig-date": "Fri, 09 Sep 2016 17:32:15 GMT",
Sep 17 15:44:06 swingset sh[111396]:         "x-archive-orig-server": "Apache/2.4.7 (Ubuntu)",
Sep 17 15:44:06 swingset sh[111396]:         "x-archive-orig-x-powered-by": "PHP/5.5.9-1ubuntu4.16",
Sep 17 15:44:06 swingset sh[111396]:         "x-archive-orig-cache-control": "private, must-revalidate",
Sep 17 15:44:06 swingset sh[111396]:         "x-archive-orig-pragma": "no-cache",
Sep 17 15:44:06 swingset sh[111396]:         "x-archive-orig-expires": "-1",
Sep 17 15:44:06 swingset sh[111396]:         "x-archive-orig-set-cookie": "srs_session=742de87d0324face712dcf3ca530bea319736a2a%2ByKIYqgxEuwvdZBrA3seFWp2Nug3ago4xeYSm847U; expires=Fri, 09-Sep-2016 18:32:15 GMT; Max-Age=3600; path=/; httponly",
Sep 17 15:44:06 swingset sh[111396]:         "x-archive-orig-vary": "Accept-Encoding",
Sep 17 15:44:06 swingset sh[111396]:         "x-archive-orig-connection": "close",
Sep 17 15:44:06 swingset sh[111396]:         "cache-control": "max-age=1800, private",
Sep 17 15:44:06 swingset sh[111396]:         "accept-ranges": "bytes",
Sep 17 15:44:06 swingset sh[111396]:         "memento-datetime": "Fri, 09 Sep 2016 17:10:11 GMT",
Sep 17 15:44:06 swingset sh[111396]:         "link": "<http://steprightsolutions.com/events/asianopen2013/round/508>; rel=\"original\", <https://web.archive.org/web/timemap/link/http://steprightsolutions.com/events/asianopen2013/round/508>; rel=\"timemap\"; type=\"application/link-format\", <https://web.archive.org/web/http://steprightsolutions.com/events/asianopen2013/round/508>; rel=\"timegate\"",
Sep 17 15:44:06 swingset sh[111396]:         "content-security-policy": "default-src 'self' 'unsafe-eval' 'unsafe-inline' data: blob: archive.org web.archive.org web-static.archive.org wayback-api.archive.org athena.archive.org analytics.archive.org pragma.archivelab.org wwwb-events.archive.org",
Sep 17 15:44:06 swingset sh[111396]:         "x-archive-src": "WIDE-20160909161647-crawl809/WIDE-20160909165655-02656.warc.gz",
Sep 17 15:44:06 swingset sh[111396]:         "server-timing": "captures_list;dur=0.797639, exclusion.robots;dur=0.096238, exclusion.robots.policy;dur=0.082089, esindex;dur=0.010827, cdx.remote;dur=123.896617, LoadShardBlock;dur=1368.658140, PetaboxLoader3.datanode;dur=2021.235409, PetaboxLoader3.resolve;dur=205.305802, load_resource;dur=881.243494, TR;dur=0,Tw;dur=4948,Tc;dur=12, MISS",
Sep 17 15:44:06 swingset sh[111396]:         "x-app-server": "wwwb-app246-dc8",
Sep 17 15:44:06 swingset sh[111396]:         "x-ts": "200",
Sep 17 15:44:06 swingset sh[111396]:         "x-tr": "2496",
Sep 17 15:44:06 swingset sh[111396]:         "set-cookie": "wb-p-SERVER=wwwb-app246; path=/",
Sep 17 15:44:06 swingset sh[111396]:         "x-location": "All",
Sep 17 15:44:06 swingset sh[111396]:         "x-as": "12271",
Sep 17 15:44:06 swingset sh[111396]:         "x-rl": "0",
Sep 17 15:44:06 swingset sh[111396]:         "x-na": "0",
Sep 17 15:44:06 swingset sh[111396]:         "x-page-cache": "MISS",
Sep 17 15:44:06 swingset sh[111396]:         "x-nid": "TWC-12271-NYC",
Sep 17 15:44:06 swingset sh[111396]:         "referrer-policy": "no-referrer-when-downgrade",
Sep 17 15:44:06 swingset sh[111396]:         "permissions-policy": "interest-cohort=()",
Sep 17 15:44:06 swingset sh[111396]:         "x-sd": "0"
Sep 17 15:44:06 swingset sh[111396]:       },
Sep 17 15:44:06 swingset sh[111396]:       "body_sha256": "ab571cf857210f90b91db779b81a81c0beae10becf97aaa8c66377b0da7b26eb",
Sep 17 15:44:06 swingset sh[111396]:       "body_bytes": 35358,
Sep 17 15:44:06 swingset sh[111396]:       "classification": "Ok"
Sep 17 15:44:06 swingset sh[111396]:     },
Sep 17 15:44:06 swingset sh[111396]:     {
Sep 17 15:44:06 swingset sh[111396]:       "url": "https://web.archive.org/web/20180815191517id_/https://danceconvention.net/eventdirector/en/eventpage/1546230",
Sep 17 15:44:06 swingset sh[111396]:       "purpose": "dcn-event-metadata",
Sep 17 15:44:06 swingset sh[111396]:       "issued_at": "2026-09-17T15:43:43.066073+00:00",
Sep 17 15:44:06 swingset sh[111396]:       "request_day": "2026-09-17",
Sep 17 15:44:06 swingset sh[111396]:       "reserved_bytes": 8388608,
Sep 17 15:44:06 swingset sh[111396]:       "complete": true,
Sep 17 15:44:06 swingset sh[111396]:       "http_status": 200,
Sep 17 15:44:06 swingset sh[111396]:       "headers": {
Sep 17 15:44:06 swingset sh[111396]:         "server": "nginx",
Sep 17 15:44:06 swingset sh[111396]:         "date": "Thu, 17 Sep 2026 15:43:48 GMT",
Sep 17 15:44:06 swingset sh[111396]:         "content-type": "text/html;charset=utf-8",
Sep 17 15:44:06 swingset sh[111396]:         "content-length": "14508",
Sep 17 15:44:06 swingset sh[111396]:         "connection": "keep-alive",
Sep 17 15:44:06 swingset sh[111396]:         "x-archive-orig-cache-control": "no-cache=\"set-cookie\"",
Sep 17 15:44:06 swingset sh[111396]:         "x-archive-orig-date": "Wed, 15 Aug 2018 19:15:18 GMT",
Sep 17 15:44:06 swingset sh[111396]:         "x-archive-orig-expires": "Thu, 01 Jan 1970 00:00:00 GMT",
Sep 17 15:44:06 swingset sh[111396]:         "x-archive-orig-server": "Jetty(9.4.z-SNAPSHOT)",
Sep 17 15:44:06 swingset sh[111396]:         "x-archive-orig-set-cookie": "JSESSIONID=6577d0b8-34a1-344e-8a77-a954723e3613;Path=/eventdirector;Secure, AWSELB=1FAD05CF1E04C102DAEF786EE7AC48734B15BB6A668AA0D92DA121D69C2165A193108C2B6425F22923BB09760348A2C2090F298B202F213FFE33FA0D71E375C8F9C6D2815F;PATH=/;MAX-AGE=86400",
Sep 17 15:44:06 swingset sh[111396]:         "x-archive-orig-content-length": "14508",
Sep 17 15:44:06 swingset sh[111396]:         "x-archive-orig-connection": "Close",
Sep 17 15:44:06 swingset sh[111396]:         "cache-control": "max-age=1800, private",
Sep 17 15:44:06 swingset sh[111396]:         "accept-ranges": "bytes",
Sep 17 15:44:06 swingset sh[111396]:         "memento-datetime": "Wed, 15 Aug 2018 19:15:17 GMT",
Sep 17 15:44:06 swingset sh[111396]:         "link": "<https://danceconvention.net/eventdirector/en/eventpage/1546230>; rel=\"original\", <https://web.archive.org/web/timemap/link/https://danceconvention.net/eventdirector/en/eventpage/1546230>; rel=\"timemap\"; type=\"application/link-format\", <https://web.archive.org/web/https://danceconvention.net/eventdirector/en/eventpage/1546230>; rel=\"timegate\"",
Sep 17 15:44:06 swingset sh[111396]:         "content-security-policy": "default-src 'self' 'unsafe-eval' 'unsafe-inline' data: blob: archive.org web.archive.org web-static.archive.org wayback-api.archive.org athena.archive.org analytics.archive.org pragma.archivelab.org wwwb-events.archive.org",
Sep 17 15:44:06 swingset sh[111396]:         "x-archive-src": "WIDE-20180815182206-crawl814/WIDE-20180815185606-00461.warc.gz",
Sep 17 15:44:06 swingset sh[111396]:         "server-timing": "captures_list;dur=0.584436, exclusion.robots;dur=0.063485, exclusion.robots.policy;dur=0.051967, esindex;dur=0.007845, cdx.remote;dur=7.201141, LoadShardBlock;dur=122.441005, PetaboxLoader3.datanode;dur=271.095402, PetaboxLoader3.resolve;dur=59.918635, load_resource;dur=253.594281, TR;dur=0,Tw;dur=4977,Tc;dur=1, MISS",
Sep 17 15:44:06 swingset sh[111396]:         "x-app-server": "wwwb-app220-dc8",
Sep 17 15:44:06 swingset sh[111396]:         "x-ts": "200",
Sep 17 15:44:06 swingset sh[111396]:         "x-tr": "418",
Sep 17 15:44:06 swingset sh[111396]:         "set-cookie": "wb-p-SERVER=wwwb-app220; path=/",
Sep 17 15:44:06 swingset sh[111396]:         "x-location": "All",
Sep 17 15:44:06 swingset sh[111396]:         "x-as": "12271",
Sep 17 15:44:06 swingset sh[111396]:         "x-rl": "0",
Sep 17 15:44:06 swingset sh[111396]:         "x-na": "0",
Sep 17 15:44:06 swingset sh[111396]:         "x-page-cache": "MISS",
Sep 17 15:44:06 swingset sh[111396]:         "x-nid": "TWC-12271-NYC",
Sep 17 15:44:06 swingset sh[111396]:         "referrer-policy": "no-referrer-when-downgrade",
Sep 17 15:44:06 swingset sh[111396]:         "permissions-policy": "interest-cohort=()",
Sep 17 15:44:06 swingset sh[111396]:         "x-sd": "0"
Sep 17 15:44:06 swingset sh[111396]:       },
Sep 17 15:44:06 swingset sh[111396]:       "body_sha256": "c30d80cb4f6fae81e886c13aaa43c46ff68f9949ff219c5c77c3daa79104e03f",
Sep 17 15:44:06 swingset sh[111396]:       "body_bytes": 14508,
Sep 17 15:44:06 swingset sh[111396]:       "classification": "Ok"
Sep 17 15:44:06 swingset sh[111396]:     },
Sep 17 15:44:06 swingset sh[111396]:     {
Sep 17 15:44:06 swingset sh[111396]:       "url": "https://web.archive.org/cdx/search/cdx?url=danceconvention.net%2Feventdirector%2Fen%2Feventsarchive&matchType=exact&from=2025&to=2025&filter=statuscode%3A200&filter=mimetype%3Atext%2Fhtml&collapse=digest&showNumPages=true",
Sep 17 15:44:06 swingset sh[111396]:       "purpose": "cdx",
Sep 17 15:44:06 swingset sh[111396]:       "issued_at": "2026-09-17T15:43:53.062869+00:00",
Sep 17 15:44:06 swingset sh[111396]:       "request_day": "2026-09-17",
Sep 17 15:44:06 swingset sh[111396]:       "reserved_bytes": 8388608,
Sep 17 15:44:06 swingset sh[111396]:       "complete": true,
Sep 17 15:44:06 swingset sh[111396]:       "http_status": 200,
Sep 17 15:44:06 swingset sh[111396]:       "headers": {
Sep 17 15:44:06 swingset sh[111396]:         "server": "nginx",
Sep 17 15:44:06 swingset sh[111396]:         "date": "Thu, 17 Sep 2026 15:43:53 GMT",
Sep 17 15:44:06 swingset sh[111396]:         "content-type": "text/plain",
Sep 17 15:44:06 swingset sh[111396]:         "transfer-encoding": "chunked",
Sep 17 15:44:06 swingset sh[111396]:         "connection": "keep-alive",
Sep 17 15:44:06 swingset sh[111396]:         "x-app-server": "wwwb-app207-dc8",
Sep 17 15:44:06 swingset sh[111396]:         "x-ts": "200",
Sep 17 15:44:06 swingset sh[111396]:         "x-tr": "11",
Sep 17 15:44:06 swingset sh[111396]:         "server-timing": "TR;dur=0,Tw;dur=0,Tc;dur=4, BYPASS",
Sep 17 15:44:06 swingset sh[111396]:         "set-cookie": "wb-cdx-SERVER=wwwb-app207; path=/",
Sep 17 15:44:06 swingset sh[111396]:         "x-location": "cdx",
Sep 17 15:44:06 swingset sh[111396]:         "x-rl": "0",
Sep 17 15:44:06 swingset sh[111396]:         "x-na": "0",
Sep 17 15:44:06 swingset sh[111396]:         "x-page-cache": "BYPASS",
Sep 17 15:44:06 swingset sh[111396]:         "x-nid": "TWC-12271-NYC",
Sep 17 15:44:06 swingset sh[111396]:         "referrer-policy": "no-referrer-when-downgrade",
Sep 17 15:44:06 swingset sh[111396]:         "permissions-policy": "interest-cohort=()",
Sep 17 15:44:06 swingset sh[111396]:         "x-sd": "0",
Sep 17 15:44:06 swingset sh[111396]:         "x-be": "wb_cdx_pygwb"
Sep 17 15:44:06 swingset sh[111396]:       },
Sep 17 15:44:06 swingset sh[111396]:       "body_sha256": "4355a46b19d348dc2f57c046f8ef63d4538ebb936000f3c9ee954a27460dd865",
Sep 17 15:44:06 swingset sh[111396]:       "body_bytes": 2,
Sep 17 15:44:06 swingset sh[111396]:       "classification": "Ok"
Sep 17 15:44:06 swingset sh[111396]:     },
Sep 17 15:44:06 swingset sh[111396]:     {
Sep 17 15:44:06 swingset sh[111396]:       "url": "https://web.archive.org/cdx/search/cdx?url=danceconvention.net%2Feventdirector%2Fen%2Feventsarchive&matchType=exact&from=2025&to=2025&filter=statuscode%3A200&filter=mimetype%3Atext%2Fhtml&collapse=digest&output=json&fl=timestamp%2Coriginal%2Cdigest%2Cmimetype%2Clength&page=0",
Sep 17 15:44:06 swingset sh[111396]:       "purpose": "cdx",
Sep 17 15:44:06 swingset sh[111396]:       "issued_at": "2026-09-17T15:44:03.067452+00:00",
Sep 17 15:44:06 swingset sh[111396]:       "request_day": "2026-09-17",
Sep 17 15:44:06 swingset sh[111396]:       "reserved_bytes": 8388608,
Sep 17 15:44:06 swingset sh[111396]:       "complete": true,
Sep 17 15:44:06 swingset sh[111396]:       "http_status": 200,
Sep 17 15:44:06 swingset sh[111396]:       "headers": {
Sep 17 15:44:06 swingset sh[111396]:         "server": "nginx",
Sep 17 15:44:06 swingset sh[111396]:         "date": "Thu, 17 Sep 2026 15:44:06 GMT",
Sep 17 15:44:06 swingset sh[111396]:         "content-type": "application/json",
Sep 17 15:44:06 swingset sh[111396]:         "transfer-encoding": "chunked",
Sep 17 15:44:06 swingset sh[111396]:         "connection": "keep-alive",
Sep 17 15:44:06 swingset sh[111396]:         "server-timing": "exclusion.robots;dur=0.049477, exclusion.robots.policy;dur=0.043329, esindex;dur=0.004719, TR;dur=0,Tw;dur=0,Tc;dur=0, BYPASS",
Sep 17 15:44:06 swingset sh[111396]:         "x-app-server": "wwwb-app235-dc6",
Sep 17 15:44:06 swingset sh[111396]:         "x-ts": "200",
Sep 17 15:44:06 swingset sh[111396]:         "x-tr": "2539",
Sep 17 15:44:06 swingset sh[111396]:         "set-cookie": "wb-cdx-SERVER=wwwb-app235; path=/",
Sep 17 15:44:06 swingset sh[111396]:         "x-location": "cdx",
Sep 17 15:44:06 swingset sh[111396]:         "x-rl": "0",
Sep 17 15:44:06 swingset sh[111396]:         "x-na": "0",
Sep 17 15:44:06 swingset sh[111396]:         "x-page-cache": "BYPASS",
Sep 17 15:44:06 swingset sh[111396]:         "x-nid": "TWC-12271-NYC",
Sep 17 15:44:06 swingset sh[111396]:         "referrer-policy": "no-referrer-when-downgrade",
Sep 17 15:44:06 swingset sh[111396]:         "permissions-policy": "interest-cohort=()",
Sep 17 15:44:06 swingset sh[111396]:         "x-sd": "0",
Sep 17 15:44:06 swingset sh[111396]:         "x-be": "wb_cdx_pygwb"
Sep 17 15:44:06 swingset sh[111396]:       },
Sep 17 15:44:06 swingset sh[111396]:       "body_sha256": "d1e3f7d8031e7a0f9bb113273250abce9fdf48df13756c199b8c609b9a2387fb",
Sep 17 15:44:06 swingset sh[111396]:       "body_bytes": 884,
Sep 17 15:44:06 swingset sh[111396]:       "classification": "Ok"
Sep 17 15:44:06 swingset sh[111396]:     }
Sep 17 15:44:06 swingset sh[111396]:   ],
Sep 17 15:44:06 swingset sh[111396]:   "targets": [
Sep 17 15:44:06 swingset sh[111396]:     {
Sep 17 15:44:06 swingset sh[111396]:       "id": "srs-index",
Sep 17 15:44:06 swingset sh[111396]:       "original_url": "http://www.steprightsolutions.com:80/events",
Sep 17 15:44:06 swingset sh[111396]:       "requested_archive_url": "https://web.archive.org/web/20130413022752id_/http://www.steprightsolutions.com:80/events",
Sep 17 15:44:06 swingset sh[111396]:       "archive_url": "https://web.archive.org/web/20130413022752id_/http://www.steprightsolutions.com:80/events",
Sep 17 15:44:06 swingset sh[111396]:       "captured_at": "2013-04-13T02:27:52+00:00",
Sep 17 15:44:06 swingset sh[111396]:       "body_sha256": "9264cb04aab050fce36fc83b92c7e51ffb28c4d1b1412ef575474e7dd6864f40",
Sep 17 15:44:06 swingset sh[111396]:       "interpretation": "unreviewed_quarantine_body"
Sep 17 15:44:06 swingset sh[111396]:     },
Sep 17 15:44:06 swingset sh[111396]:     {
Sep 17 15:44:06 swingset sh[111396]:       "id": "srs-event",
Sep 17 15:44:06 swingset sh[111396]:       "original_url": "http://www.steprightsolutions.com:80/events/asianopen2013",
Sep 17 15:44:06 swingset sh[111396]:       "requested_archive_url": "https://web.archive.org/web/20130401090810id_/http://www.steprightsolutions.com:80/events/asianopen2013",
Sep 17 15:44:06 swingset sh[111396]:       "archive_url": "https://web.archive.org/web/20130401090810id_/http://www.steprightsolutions.com:80/events/asianopen2013",
Sep 17 15:44:06 swingset sh[111396]:       "captured_at": "2013-04-01T09:08:10+00:00",
Sep 17 15:44:06 swingset sh[111396]:       "body_sha256": "ef7b01b6a34c91dbf15e41a1bad76052b878dc7c0903fb0b67e44a6dcafbd63c",
Sep 17 15:44:06 swingset sh[111396]:       "interpretation": "unreviewed_quarantine_body"
Sep 17 15:44:06 swingset sh[111396]:     },
Sep 17 15:44:06 swingset sh[111396]:     {
Sep 17 15:44:06 swingset sh[111396]:       "id": "srs-round507",
Sep 17 15:44:06 swingset sh[111396]:       "original_url": "http://steprightsolutions.com/events/asianopen2013/round/507",
Sep 17 15:44:06 swingset sh[111396]:       "requested_archive_url": "https://web.archive.org/web/20160909170855id_/http://steprightsolutions.com/events/asianopen2013/round/507",
Sep 17 15:44:06 swingset sh[111396]:       "archive_url": "https://web.archive.org/web/20160909170855id_/http://steprightsolutions.com/events/asianopen2013/round/507",
Sep 17 15:44:06 swingset sh[111396]:       "captured_at": "2016-09-09T17:08:55+00:00",
Sep 17 15:44:06 swingset sh[111396]:       "body_sha256": "5a75a6e61684b23a616dd3c39eb6efd3da28e9b23e0a77925aa05e9da555f15e",
Sep 17 15:44:06 swingset sh[111396]:       "interpretation": "unreviewed_quarantine_body"
Sep 17 15:44:06 swingset sh[111396]:     },
Sep 17 15:44:06 swingset sh[111396]:     {
Sep 17 15:44:06 swingset sh[111396]:       "id": "srs-round508",
Sep 17 15:44:06 swingset sh[111396]:       "original_url": "http://steprightsolutions.com/events/asianopen2013/round/508",
Sep 17 15:44:06 swingset sh[111396]:       "requested_archive_url": "https://web.archive.org/web/20160909171011id_/http://steprightsolutions.com/events/asianopen2013/round/508",
Sep 17 15:44:06 swingset sh[111396]:       "archive_url": "https://web.archive.org/web/20160909171011id_/http://steprightsolutions.com/events/asianopen2013/round/508",
Sep 17 15:44:06 swingset sh[111396]:       "captured_at": "2016-09-09T17:10:11+00:00",
Sep 17 15:44:06 swingset sh[111396]:       "body_sha256": "ab571cf857210f90b91db779b81a81c0beae10becf97aaa8c66377b0da7b26eb",
Sep 17 15:44:06 swingset sh[111396]:       "interpretation": "unreviewed_quarantine_body"
Sep 17 15:44:06 swingset sh[111396]:     },
Sep 17 15:44:06 swingset sh[111396]:     {
Sep 17 15:44:06 swingset sh[111396]:       "id": "dcn-event-metadata",
Sep 17 15:44:06 swingset sh[111396]:       "original_url": "https://danceconvention.net/eventdirector/en/eventpage/1546230",
Sep 17 15:44:06 swingset sh[111396]:       "requested_archive_url": "https://web.archive.org/web/20180815191517id_/https://danceconvention.net/eventdirector/en/eventpage/1546230",
Sep 17 15:44:06 swingset sh[111396]:       "archive_url": "https://web.archive.org/web/20180815191517id_/https://danceconvention.net/eventdirector/en/eventpage/1546230",
Sep 17 15:44:06 swingset sh[111396]:       "captured_at": "2018-08-15T19:15:17+00:00",
Sep 17 15:44:06 swingset sh[111396]:       "body_sha256": "c30d80cb4f6fae81e886c13aaa43c46ff68f9949ff219c5c77c3daa79104e03f",
Sep 17 15:44:06 swingset sh[111396]:       "interpretation": "unreviewed_quarantine_body"
Sep 17 15:44:06 swingset sh[111396]:     }
Sep 17 15:44:06 swingset sh[111396]:   ],
Sep 17 15:44:06 swingset sh[111396]:   "received_bytes": 130059,
Sep 17 15:44:06 swingset sh[111396]:   "production_facts_or_watches_created": 0,
Sep 17 15:44:06 swingset sh[111396]:   "cdx_pages_reported": 1,
Sep 17 15:44:06 swingset sh[111396]:   "cdx_page0_sha256": "d1e3f7d8031e7a0f9bb113273250abce9fdf48df13756c199b8c609b9a2387fb",
Sep 17 15:44:06 swingset sh[111396]:   "cdx_further_pages_unexamined": 0,
Sep 17 15:44:06 swingset sh[111396]:   "finished_at": "2026-09-17T15:44:06.251242+00:00"
Sep 17 15:44:06 swingset sh[111396]: }
Sep 17 15:44:06 swingset systemd[1]: swingset-fixture-exception-20260917-002.service: Deactivated successfully.
Sep 17 15:44:06 swingset systemd[1]: swingset-fixture-exception-20260917-002.service: Consumed 396ms CPU time, 89.5M memory peak, 75.3M read from disk, 2.2M written to disk, 162K incoming IP traffic, 9.8K outgoing IP traffic.
