Sep 17 16:15:50 swingset systemd[1]: Started [systemd-run] /bin/sh /var/lib/swingset/operations/v2-continuation-20260917/dcn-index-001/execute.sh.
Sep 17 16:16:12 swingset sh[114174]: {
Sep 17 16:16:12 swingset sh[114174]:   "manifest_canonical_sha256": "8495f724833e077cde947c97360f38c24dee7265ade89549e6ae9e553f61e18e",
Sep 17 16:16:12 swingset sh[114174]:   "authorization_sha256": "a36f3b931c4b654813ce2ef01b3b7dc1a9e1ff7a4b8c9f77bc9c713529e86af3",
Sep 17 16:16:12 swingset sh[114174]:   "started_at": "2026-09-17T16:15:50.875565+00:00",
Sep 17 16:16:12 swingset sh[114174]:   "status": "captured_pending_independent_review",
Sep 17 16:16:12 swingset sh[114174]:   "requests": [
Sep 17 16:16:12 swingset sh[114174]:     {
Sep 17 16:16:12 swingset sh[114174]:       "url": "https://web.archive.org/robots.txt",
Sep 17 16:16:12 swingset sh[114174]:       "purpose": "robots",
Sep 17 16:16:12 swingset sh[114174]:       "issued_at": "2026-09-17T16:16:00.884870+00:00",
Sep 17 16:16:12 swingset sh[114174]:       "request_day": "2026-09-17",
Sep 17 16:16:12 swingset sh[114174]:       "reserved_bytes": 8388608,
Sep 17 16:16:12 swingset sh[114174]:       "complete": true,
Sep 17 16:16:12 swingset sh[114174]:       "transport_dispatched_at": "2026-09-17T16:16:00.889308+00:00",
Sep 17 16:16:12 swingset sh[114174]:       "transport_dispatched_elapsed_seconds": 10.013764675997663,
Sep 17 16:16:12 swingset sh[114174]:       "http_status": 404,
Sep 17 16:16:12 swingset sh[114174]:       "headers": {
Sep 17 16:16:12 swingset sh[114174]:         "server": "nginx",
Sep 17 16:16:12 swingset sh[114174]:         "date": "Thu, 17 Sep 2026 16:16:01 GMT",
Sep 17 16:16:12 swingset sh[114174]:         "content-type": "text/html",
Sep 17 16:16:12 swingset sh[114174]:         "content-length": "146",
Sep 17 16:16:12 swingset sh[114174]:         "connection": "keep-alive"
Sep 17 16:16:12 swingset sh[114174]:       },
Sep 17 16:16:12 swingset sh[114174]:       "exchange_completed_at": "2026-09-17T16:16:01.254425+00:00",
Sep 17 16:16:12 swingset sh[114174]:       "exchange_completed_elapsed_seconds": 10.378877162002027,
Sep 17 16:16:12 swingset sh[114174]:       "next_dispatch_not_before_elapsed_seconds": 20.378877162002027,
Sep 17 16:16:12 swingset sh[114174]:       "next_dispatch_not_before": "2026-09-17T16:16:11.254425+00:00",
Sep 17 16:16:12 swingset sh[114174]:       "spacing_basis": "closed_exchange_completion_floor",
Sep 17 16:16:12 swingset sh[114174]:       "body_sha256": "55f7d9e99b8e2d4e0e193b2f0275501e6d9c1ebd29cadbea6a0da48a8587e3e0",
Sep 17 16:16:12 swingset sh[114174]:       "body_bytes": 146,
Sep 17 16:16:12 swingset sh[114174]:       "classification": "Gone"
Sep 17 16:16:12 swingset sh[114174]:     },
Sep 17 16:16:12 swingset sh[114174]:     {
Sep 17 16:16:12 swingset sh[114174]:       "url": "https://web.archive.org/web/20251112105828id_/https://danceconvention.net/eventdirector/en/eventsarchive",
Sep 17 16:16:12 swingset sh[114174]:       "purpose": "dcn-eventsarchive-2025-latest",
Sep 17 16:16:12 swingset sh[114174]:       "issued_at": "2026-09-17T16:16:11.266824+00:00",
Sep 17 16:16:12 swingset sh[114174]:       "request_day": "2026-09-17",
Sep 17 16:16:12 swingset sh[114174]:       "reserved_bytes": 8388608,
Sep 17 16:16:12 swingset sh[114174]:       "complete": true,
Sep 17 16:16:12 swingset sh[114174]:       "transport_dispatched_at": "2026-09-17T16:16:11.275184+00:00",
Sep 17 16:16:12 swingset sh[114174]:       "transport_dispatched_elapsed_seconds": 20.399642423028126,
Sep 17 16:16:12 swingset sh[114174]:       "http_status": 200,
Sep 17 16:16:12 swingset sh[114174]:       "headers": {
Sep 17 16:16:12 swingset sh[114174]:         "server": "nginx",
Sep 17 16:16:12 swingset sh[114174]:         "date": "Thu, 17 Sep 2026 16:16:12 GMT",
Sep 17 16:16:12 swingset sh[114174]:         "content-type": "text/html; charset=utf-8",
Sep 17 16:16:12 swingset sh[114174]:         "content-length": "2804496",
Sep 17 16:16:12 swingset sh[114174]:         "connection": "keep-alive",
Sep 17 16:16:12 swingset sh[114174]:         "x-archive-orig-x-crawler-transfer-encoding": "chunked",
Sep 17 16:16:12 swingset sh[114174]:         "x-archive-orig-connection": "keep-alive",
Sep 17 16:16:12 swingset sh[114174]:         "x-archive-orig-date": "Wed, 12 Nov 2025 10:58:28 GMT",
Sep 17 16:16:12 swingset sh[114174]:         "x-archive-orig-vary": "Accept-Encoding",
Sep 17 16:16:12 swingset sh[114174]:         "x-archive-orig-x-crawler-content-encoding": "br",
Sep 17 16:16:12 swingset sh[114174]:         "x-archive-orig-set-cookie": "AWSALB=w6JHWDzEhLPYuqi74mGGloQ/nIS9Ks7HJ0dqluFBfnJQ5PnDzYjg9FNVBC6sM2aG4cwETxnzMJhyx9fnyOPfVGTowhKfL1QRBF2PRWbnuJF7YLmuvrGgQmMwMhdf; Expires=Wed, 19 Nov 2025 10:58:26 GMT; Path=/, AWSALBCORS=w6JHWDzEhLPYuqi74mGGloQ/nIS9Ks7HJ0dqluFBfnJQ5PnDzYjg9FNVBC6sM2aG4cwETxnzMJhyx9fnyOPfVGTowhKfL1QRBF2PRWbnuJF7YLmuvrGgQmMwMhdf; Expires=Wed, 19 Nov 2025 10:58:26 GMT; Path=/; SameSite=None; Secure, dclang=en;Path=/eventdirector/;Expires=Fri, 12-Dec-2025 10:58:26 GMT;Max-Age=2592000;Secure, JSESSIONID=5cf90b78-c08d-3966-8949-62198779b918~2edad9163d8a;Path=/eventdirector;Secure",
Sep 17 16:16:12 swingset sh[114174]:         "x-archive-orig-cache-control": "no-store, no-cache, must-revalidate, private, post-check=0, pre-check=0, max-age=0",
Sep 17 16:16:12 swingset sh[114174]:         "x-archive-orig-pragma": "no-cache",
Sep 17 16:16:12 swingset sh[114174]:         "x-archive-orig-expires": "0",
Sep 17 16:16:12 swingset sh[114174]:         "x-archive-orig-etag": "\"2acb10-/yhf655l8EcLu3CEOYwg1SimAuQ\"",
Sep 17 16:16:12 swingset sh[114174]:         "x-archive-orig-accept-ranges": "none",
Sep 17 16:16:12 swingset sh[114174]:         "x-archive-orig-x-cache": "Miss from cloudfront",
Sep 17 16:16:12 swingset sh[114174]:         "x-archive-orig-via": "1.1 46d3157e794de0cde352e9914da1d37e.cloudfront.net (CloudFront)",
Sep 17 16:16:12 swingset sh[114174]:         "x-archive-orig-x-amz-cf-pop": "IAD55-P10",
Sep 17 16:16:12 swingset sh[114174]:         "x-archive-orig-x-amz-cf-id": "sgnjyzXqYpnUk5vxRwDcGX19SPw8g2gvxNgr7FHniIF6xzkFU9vCaw==",
Sep 17 16:16:12 swingset sh[114174]:         "x-archive-orig-content-length": "2804496",
Sep 17 16:16:12 swingset sh[114174]:         "cache-control": "max-age=1800, private",
Sep 17 16:16:12 swingset sh[114174]:         "accept-ranges": "bytes",
Sep 17 16:16:12 swingset sh[114174]:         "memento-datetime": "Wed, 12 Nov 2025 10:58:28 GMT",
Sep 17 16:16:12 swingset sh[114174]:         "link": "<https://danceconvention.net/eventdirector/en/eventsarchive>; rel=\"original\", <https://web.archive.org/web/timemap/link/https://danceconvention.net/eventdirector/en/eventsarchive>; rel=\"timemap\"; type=\"application/link-format\", <https://web.archive.org/web/https://danceconvention.net/eventdirector/en/eventsarchive>; rel=\"timegate\"",
Sep 17 16:16:12 swingset sh[114174]:         "content-security-policy": "default-src 'self' 'unsafe-eval' 'unsafe-inline' data: blob: archive.org web.archive.org web-static.archive.org wayback-api.archive.org athena.archive.org analytics.archive.org pragma.archivelab.org wwwb-events.archive.org",
Sep 17 16:16:12 swingset sh[114174]:         "x-archive-src": "CC-MAIN-2025-47-1762439343239.12-0020/CC-MAIN-20251112100515-20251112130515-00400.warc.gz",
Sep 17 16:16:12 swingset sh[114174]:         "server-timing": "captures_list;dur=0.528263, exclusion.robots;dur=0.056119, exclusion.robots.policy;dur=0.042048, esindex;dur=0.009214, cdx.remote;dur=12.494908, LoadShardBlock;dur=123.017740, PetaboxLoader3.datanode;dur=191.803189, PetaboxLoader3.resolve;dur=115.053659, load_resource;dur=231.501965, TR;dur=0,Tw;dur=0,Tc;dur=1, MISS",
Sep 17 16:16:12 swingset sh[114174]:         "x-app-server": "wwwb-app221-dc8",
Sep 17 16:16:12 swingset sh[114174]:         "x-ts": "200",
Sep 17 16:16:12 swingset sh[114174]:         "x-tr": "388",
Sep 17 16:16:12 swingset sh[114174]:         "set-cookie": "wb-p-SERVER=wwwb-app221; path=/",
Sep 17 16:16:12 swingset sh[114174]:         "x-location": "All",
Sep 17 16:16:12 swingset sh[114174]:         "x-as": "12271",
Sep 17 16:16:12 swingset sh[114174]:         "x-rl": "0",
Sep 17 16:16:12 swingset sh[114174]:         "x-na": "0",
Sep 17 16:16:12 swingset sh[114174]:         "x-page-cache": "MISS",
Sep 17 16:16:12 swingset sh[114174]:         "x-nid": "TWC-12271-NYC",
Sep 17 16:16:12 swingset sh[114174]:         "referrer-policy": "no-referrer-when-downgrade",
Sep 17 16:16:12 swingset sh[114174]:         "permissions-policy": "interest-cohort=()",
Sep 17 16:16:12 swingset sh[114174]:         "x-sd": "0"
Sep 17 16:16:12 swingset sh[114174]:       },
Sep 17 16:16:12 swingset sh[114174]:       "exchange_completed_at": "2026-09-17T16:16:12.692906+00:00",
Sep 17 16:16:12 swingset sh[114174]:       "exchange_completed_elapsed_seconds": 21.817365757015068,
Sep 17 16:16:12 swingset sh[114174]:       "next_dispatch_not_before_elapsed_seconds": 31.817365757015068,
Sep 17 16:16:12 swingset sh[114174]:       "next_dispatch_not_before": "2026-09-17T16:16:22.692906+00:00",
Sep 17 16:16:12 swingset sh[114174]:       "spacing_basis": "closed_exchange_completion_floor",
Sep 17 16:16:12 swingset sh[114174]:       "body_sha256": "3e4e9cae6d39e099b79c7b5e7bae1e25c02fb0315e82e1311c7be4b39e3796bb",
Sep 17 16:16:12 swingset sh[114174]:       "body_bytes": 2804496,
Sep 17 16:16:12 swingset sh[114174]:       "classification": "Ok"
Sep 17 16:16:12 swingset sh[114174]:     }
Sep 17 16:16:12 swingset sh[114174]:   ],
Sep 17 16:16:12 swingset sh[114174]:   "targets": [
Sep 17 16:16:12 swingset sh[114174]:     {
Sep 17 16:16:12 swingset sh[114174]:       "id": "dcn-eventsarchive-2025-latest",
Sep 17 16:16:12 swingset sh[114174]:       "original_url": "https://danceconvention.net/eventdirector/en/eventsarchive",
Sep 17 16:16:12 swingset sh[114174]:       "requested_archive_url": "https://web.archive.org/web/20251112105828id_/https://danceconvention.net/eventdirector/en/eventsarchive",
Sep 17 16:16:12 swingset sh[114174]:       "archive_url": "https://web.archive.org/web/20251112105828id_/https://danceconvention.net/eventdirector/en/eventsarchive",
Sep 17 16:16:12 swingset sh[114174]:       "captured_at": "2025-11-12T10:58:28+00:00",
Sep 17 16:16:12 swingset sh[114174]:       "body_sha256": "3e4e9cae6d39e099b79c7b5e7bae1e25c02fb0315e82e1311c7be4b39e3796bb",
Sep 17 16:16:12 swingset sh[114174]:       "interpretation": "unreviewed_quarantine_body"
Sep 17 16:16:12 swingset sh[114174]:     }
Sep 17 16:16:12 swingset sh[114174]:   ],
Sep 17 16:16:12 swingset sh[114174]:   "received_bytes": 2804642,
Sep 17 16:16:12 swingset sh[114174]:   "production_facts_or_watches_created": 0,
Sep 17 16:16:12 swingset sh[114174]:   "finished_at": "2026-09-17T16:16:12.737675+00:00"
Sep 17 16:16:12 swingset sh[114174]: }
Sep 17 16:16:12 swingset systemd[1]: swingset-dcn-index-fixture-20260917-001.service: Deactivated successfully.
Sep 17 16:16:12 swingset systemd[1]: swingset-dcn-index-fixture-20260917-001.service: Consumed 394ms CPU time, 55.6M memory peak, 21.2M read from disk, 3.2M written to disk, 2.6M incoming IP traffic, 8.1K outgoing IP traffic.
