2026-09-16T22:36:12+00:00 swingset systemd[1]: Starting [systemd-run] /var/lib/swingset/venv/bin/python /var/lib/swingset/operations/h16-event-preservation-release-20260916/production-release.py publish --gate /var/lib/swingset/operations/h16-event-preservation-release-20260916/production-publish-gate-001.json --output /var/lib/swingset/operations/h16-event-preservation-release-20260916/production-publish-001.json...
2026-09-16T22:36:12+00:00 swingset systemd[1]: Started [systemd-run] /var/lib/swingset/venv/bin/python /var/lib/swingset/operations/h16-event-preservation-release-20260916/production-release.py publish --gate /var/lib/swingset/operations/h16-event-preservation-release-20260916/production-publish-gate-001.json --output /var/lib/swingset/operations/h16-event-preservation-release-20260916/production-publish-001.json.
2026-09-16T22:36:59+00:00 swingset python[110130]: [61B blob data]
2026-09-16T22:36:59+00:00 swingset python[110130]: [76B blob data]
2026-09-16T22:36:59+00:00 swingset python[110130]: [101B blob data]
2026-09-16T22:36:59+00:00 swingset python[110130]: [90B blob data]
2026-09-16T22:36:59+00:00 swingset python[110130]: [105B blob data]
2026-09-16T22:36:59+00:00 swingset python[110130]: [104B blob data]
2026-09-16T22:36:59+00:00 swingset python[110130]: [113B blob data]
2026-09-16T22:36:59+00:00 swingset python[110130]: [112B blob data]
2026-09-16T22:36:59+00:00 swingset python[110130]: [117B blob data]
2026-09-16T22:36:59+00:00 swingset python[110130]: [122B blob data]
2026-09-16T22:36:59+00:00 swingset python[110130]: [121B blob data]
2026-09-16T22:36:59+00:00 swingset python[110130]: [130B blob data]
2026-09-16T22:36:59+00:00 swingset python[110130]: [101B blob data]
2026-09-16T22:36:59+00:00 swingset python[110130]: [90B blob data]
2026-09-16T22:36:59+00:00 swingset python[110130]: [105B blob data]
2026-09-16T22:36:59+00:00 swingset python[110130]: [104B blob data]
2026-09-16T22:36:59+00:00 swingset python[110130]: [113B blob data]
2026-09-16T22:36:59+00:00 swingset python[110130]: [112B blob data]
2026-09-16T22:36:59+00:00 swingset python[110130]: [117B blob data]
2026-09-16T22:36:59+00:00 swingset python[110130]: [122B blob data]
2026-09-16T22:36:59+00:00 swingset python[110130]: [121B blob data]
2026-09-16T22:36:59+00:00 swingset python[110130]: [219B blob data]
2026-09-16T22:36:59+00:00 swingset python[110130]: [101B blob data]
2026-09-16T22:36:59+00:00 swingset python[110130]: [92B blob data]
2026-09-16T22:36:59+00:00 swingset python[110130]: [107B blob data]
2026-09-16T22:36:59+00:00 swingset python[110130]: [104B blob data]
2026-09-16T22:36:59+00:00 swingset python[110130]: [113B blob data]
2026-09-16T22:36:59+00:00 swingset python[110130]: [114B blob data]
2026-09-16T22:36:59+00:00 swingset python[110130]: [119B blob data]
2026-09-16T22:36:59+00:00 swingset python[110130]: [122B blob data]
2026-09-16T22:36:59+00:00 swingset python[110130]: [121B blob data]
2026-09-16T22:36:59+00:00 swingset python[110130]: [219B blob data]
2026-09-16T22:36:59+00:00 swingset python[110130]: [84B blob data]
2026-09-16T22:36:59+00:00 swingset python[110130]: [101B blob data]
2026-09-16T22:36:59+00:00 swingset python[110130]: [96B blob data]
2026-09-16T22:36:59+00:00 swingset python[110130]: [107B blob data]
2026-09-16T22:36:59+00:00 swingset python[110130]: [106B blob data]
2026-09-16T22:36:59+00:00 swingset python[110130]: [115B blob data]
2026-09-16T22:36:59+00:00 swingset python[110130]: [114B blob data]
2026-09-16T22:36:59+00:00 swingset python[110130]: [119B blob data]
2026-09-16T22:36:59+00:00 swingset python[110130]: [122B blob data]
2026-09-16T22:36:59+00:00 swingset python[110130]: [123B blob data]
2026-09-16T22:36:59+00:00 swingset python[110130]: [219B blob data]
2026-09-16T22:37:00+00:00 swingset python[110130]: [88B blob data]
2026-09-16T22:37:00+00:00 swingset python[110130]: [103B blob data]
2026-09-16T22:37:00+00:00 swingset python[110130]: [98B blob data]
2026-09-16T22:37:00+00:00 swingset python[110130]: [107B blob data]
2026-09-16T22:37:00+00:00 swingset python[110130]: [108B blob data]
2026-09-16T22:37:00+00:00 swingset python[110130]: [115B blob data]
2026-09-16T22:37:00+00:00 swingset python[110130]: [116B blob data]
2026-09-16T22:37:00+00:00 swingset python[110130]: [121B blob data]
2026-09-16T22:37:00+00:00 swingset python[110130]: [124B blob data]
2026-09-16T22:37:00+00:00 swingset python[110130]: [123B blob data]
2026-09-16T22:37:00+00:00 swingset python[110130]: [221B blob data]
2026-09-16T22:37:00+00:00 swingset python[110130]: [90B blob data]
2026-09-16T22:37:00+00:00 swingset python[110130]: [103B blob data]
2026-09-16T22:37:00+00:00 swingset python[110130]: [98B blob data]
2026-09-16T22:37:00+00:00 swingset python[110130]: [107B blob data]
2026-09-16T22:37:00+00:00 swingset python[110130]: [108B blob data]
2026-09-16T22:37:00+00:00 swingset python[110130]: [115B blob data]
2026-09-16T22:37:00+00:00 swingset python[110130]: [116B blob data]
2026-09-16T22:37:00+00:00 swingset python[110130]: [121B blob data]
2026-09-16T22:37:00+00:00 swingset python[110130]: [124B blob data]
2026-09-16T22:37:00+00:00 swingset python[110130]: [123B blob data]
2026-09-16T22:37:00+00:00 swingset python[110130]: [128B blob data]
2026-09-16T22:37:00+00:00 swingset python[110130]: [103B blob data]
2026-09-16T22:37:00+00:00 swingset python[110130]: [98B blob data]
2026-09-16T22:37:00+00:00 swingset python[110130]: [107B blob data]
2026-09-16T22:37:00+00:00 swingset python[110130]: [108B blob data]
2026-09-16T22:37:00+00:00 swingset python[110130]: [115B blob data]
2026-09-16T22:37:00+00:00 swingset python[110130]: [116B blob data]
2026-09-16T22:37:00+00:00 swingset python[110130]: [121B blob data]
2026-09-16T22:37:00+00:00 swingset python[110130]: [124B blob data]
2026-09-16T22:37:00+00:00 swingset python[110130]: [123B blob data]
2026-09-16T22:37:00+00:00 swingset python[110130]: [128B blob data]
2026-09-16T22:37:00+00:00 swingset python[110130]: [103B blob data]
2026-09-16T22:37:00+00:00 swingset python[110130]: [98B blob data]
2026-09-16T22:37:00+00:00 swingset python[110130]: [107B blob data]
2026-09-16T22:37:00+00:00 swingset python[110130]: [108B blob data]
2026-09-16T22:37:00+00:00 swingset python[110130]: [115B blob data]
2026-09-16T22:37:00+00:00 swingset python[110130]: [116B blob data]
2026-09-16T22:37:00+00:00 swingset python[110130]: [121B blob data]
2026-09-16T22:37:00+00:00 swingset python[110130]: [124B blob data]
2026-09-16T22:37:00+00:00 swingset python[110130]: [123B blob data]
2026-09-16T22:37:00+00:00 swingset python[110130]: [128B blob data]
2026-09-16T22:37:00+00:00 swingset python[110130]: [103B blob data]
2026-09-16T22:37:00+00:00 swingset python[110130]: [98B blob data]
2026-09-16T22:37:00+00:00 swingset python[110130]: [107B blob data]
2026-09-16T22:37:00+00:00 swingset python[110130]: [108B blob data]
2026-09-16T22:37:00+00:00 swingset python[110130]: [115B blob data]
2026-09-16T22:37:00+00:00 swingset python[110130]: [116B blob data]
2026-09-16T22:37:00+00:00 swingset python[110130]: [121B blob data]
2026-09-16T22:37:00+00:00 swingset python[110130]: [124B blob data]
2026-09-16T22:37:00+00:00 swingset python[110130]: [123B blob data]
2026-09-16T22:37:00+00:00 swingset python[110130]: [128B blob data]
2026-09-16T22:37:00+00:00 swingset python[110130]: [103B blob data]
2026-09-16T22:37:00+00:00 swingset python[110130]: [98B blob data]
2026-09-16T22:37:00+00:00 swingset python[110130]: [107B blob data]
2026-09-16T22:37:00+00:00 swingset python[110130]: [108B blob data]
2026-09-16T22:37:00+00:00 swingset python[110130]: [115B blob data]
2026-09-16T22:37:00+00:00 swingset python[110130]: [116B blob data]
2026-09-16T22:37:00+00:00 swingset python[110130]: [121B blob data]
2026-09-16T22:37:00+00:00 swingset python[110130]: [124B blob data]
2026-09-16T22:37:00+00:00 swingset python[110130]: [125B blob data]
2026-09-16T22:37:00+00:00 swingset python[110130]: [223B blob data]
2026-09-16T22:37:00+00:00 swingset python[110130]: [92B blob data]
2026-09-16T22:37:00+00:00 swingset python[110130]: [103B blob data]
2026-09-16T22:37:00+00:00 swingset python[110130]: [98B blob data]
2026-09-16T22:37:00+00:00 swingset python[110130]: [107B blob data]
2026-09-16T22:37:00+00:00 swingset python[110130]: [108B blob data]
2026-09-16T22:37:00+00:00 swingset python[110130]: [115B blob data]
2026-09-16T22:37:00+00:00 swingset python[110130]: [116B blob data]
2026-09-16T22:37:00+00:00 swingset python[110130]: [121B blob data]
2026-09-16T22:37:00+00:00 swingset python[110130]: [124B blob data]
2026-09-16T22:37:00+00:00 swingset python[110130]: [125B blob data]
2026-09-16T22:37:00+00:00 swingset python[110130]: [128B blob data]
2026-09-16T22:37:00+00:00 swingset python[110130]: [103B blob data]
2026-09-16T22:37:00+00:00 swingset python[110130]: [100B blob data]
2026-09-16T22:37:00+00:00 swingset python[110130]: [109B blob data]
2026-09-16T22:37:00+00:00 swingset python[110130]: [110B blob data]
2026-09-16T22:37:00+00:00 swingset python[110130]: [115B blob data]
2026-09-16T22:37:00+00:00 swingset python[110130]: [116B blob data]
2026-09-16T22:37:00+00:00 swingset python[110130]: [121B blob data]
2026-09-16T22:37:00+00:00 swingset python[110130]: [124B blob data]
2026-09-16T22:37:00+00:00 swingset python[110130]: [125B blob data]
2026-09-16T22:37:00+00:00 swingset python[110130]: [223B blob data]
2026-09-16T22:37:00+00:00 swingset python[110130]: [94B blob data]
2026-09-16T22:37:00+00:00 swingset python[110130]: [103B blob data]
2026-09-16T22:37:00+00:00 swingset python[110130]: [100B blob data]
2026-09-16T22:37:00+00:00 swingset python[110130]: [109B blob data]
2026-09-16T22:37:00+00:00 swingset python[110130]: [110B blob data]
2026-09-16T22:37:00+00:00 swingset python[110130]: [115B blob data]
2026-09-16T22:37:00+00:00 swingset python[110130]: [116B blob data]
2026-09-16T22:37:00+00:00 swingset python[110130]: [121B blob data]
2026-09-16T22:37:00+00:00 swingset python[110130]: [124B blob data]
2026-09-16T22:37:00+00:00 swingset python[110130]: [125B blob data]
2026-09-16T22:37:00+00:00 swingset python[110130]: [128B blob data]
2026-09-16T22:37:00+00:00 swingset python[110130]: [103B blob data]
2026-09-16T22:37:00+00:00 swingset python[110130]: [100B blob data]
2026-09-16T22:37:00+00:00 swingset python[110130]: [109B blob data]
2026-09-16T22:37:00+00:00 swingset python[110130]: [110B blob data]
2026-09-16T22:37:00+00:00 swingset python[110130]: [115B blob data]
2026-09-16T22:37:00+00:00 swingset python[110130]: [116B blob data]
2026-09-16T22:37:00+00:00 swingset python[110130]: [121B blob data]
2026-09-16T22:37:00+00:00 swingset python[110130]: [124B blob data]
2026-09-16T22:37:00+00:00 swingset python[110130]: [125B blob data]
2026-09-16T22:37:01+00:00 swingset python[110130]: [128B blob data]
2026-09-16T22:37:01+00:00 swingset python[110130]: [103B blob data]
2026-09-16T22:37:01+00:00 swingset python[110130]: [102B blob data]
2026-09-16T22:37:01+00:00 swingset python[110130]: [109B blob data]
2026-09-16T22:37:01+00:00 swingset python[110130]: [110B blob data]
2026-09-16T22:37:01+00:00 swingset python[110130]: [115B blob data]
2026-09-16T22:37:01+00:00 swingset python[110130]: [118B blob data]
2026-09-16T22:37:01+00:00 swingset python[110130]: [121B blob data]
2026-09-16T22:37:01+00:00 swingset python[110130]: [124B blob data]
2026-09-16T22:37:01+00:00 swingset python[110130]: [125B blob data]
2026-09-16T22:37:01+00:00 swingset python[110130]: [225B blob data]
2026-09-16T22:37:01+00:00 swingset python[110130]: [96B blob data]
2026-09-16T22:37:01+00:00 swingset python[110130]: [103B blob data]
2026-09-16T22:37:01+00:00 swingset python[110130]: [102B blob data]
2026-09-16T22:37:01+00:00 swingset python[110130]: [109B blob data]
2026-09-16T22:37:01+00:00 swingset python[110130]: [110B blob data]
2026-09-16T22:37:01+00:00 swingset python[110130]: [115B blob data]
2026-09-16T22:37:01+00:00 swingset python[110130]: [118B blob data]
2026-09-16T22:37:01+00:00 swingset python[110130]: [121B blob data]
2026-09-16T22:37:01+00:00 swingset python[110130]: [124B blob data]
2026-09-16T22:37:01+00:00 swingset python[110130]: [125B blob data]
2026-09-16T22:37:01+00:00 swingset python[110130]: [130B blob data]
2026-09-16T22:37:01+00:00 swingset python[110130]: [103B blob data]
2026-09-16T22:37:01+00:00 swingset python[110130]: [102B blob data]
2026-09-16T22:37:01+00:00 swingset python[110130]: [109B blob data]
2026-09-16T22:37:01+00:00 swingset python[110130]: [110B blob data]
2026-09-16T22:37:01+00:00 swingset python[110130]: [115B blob data]
2026-09-16T22:37:01+00:00 swingset python[110130]: [118B blob data]
2026-09-16T22:37:01+00:00 swingset python[110130]: [121B blob data]
2026-09-16T22:37:01+00:00 swingset python[110130]: [124B blob data]
2026-09-16T22:37:01+00:00 swingset python[110130]: [125B blob data]
2026-09-16T22:37:01+00:00 swingset python[110130]: [130B blob data]
2026-09-16T22:37:01+00:00 swingset python[110130]: [103B blob data]
2026-09-16T22:37:01+00:00 swingset python[110130]: [104B blob data]
2026-09-16T22:37:01+00:00 swingset python[110130]: [109B blob data]
2026-09-16T22:37:01+00:00 swingset python[110130]: [112B blob data]
2026-09-16T22:37:01+00:00 swingset python[110130]: [115B blob data]
2026-09-16T22:37:01+00:00 swingset python[110130]: [118B blob data]
2026-09-16T22:37:01+00:00 swingset python[110130]: [121B blob data]
2026-09-16T22:37:01+00:00 swingset python[110130]: [124B blob data]
2026-09-16T22:37:01+00:00 swingset python[110130]: [127B blob data]
2026-09-16T22:37:01+00:00 swingset python[110130]: [225B blob data]
2026-09-16T22:37:01+00:00 swingset python[110130]: [98B blob data]
2026-09-16T22:37:01+00:00 swingset python[110130]: [103B blob data]
2026-09-16T22:37:01+00:00 swingset python[110130]: [104B blob data]
2026-09-16T22:37:01+00:00 swingset python[110130]: [109B blob data]
2026-09-16T22:37:01+00:00 swingset python[110130]: [112B blob data]
2026-09-16T22:37:01+00:00 swingset python[110130]: [115B blob data]
2026-09-16T22:37:01+00:00 swingset python[110130]: [118B blob data]
2026-09-16T22:37:01+00:00 swingset python[110130]: [121B blob data]
2026-09-16T22:37:01+00:00 swingset python[110130]: [124B blob data]
2026-09-16T22:37:01+00:00 swingset python[110130]: [127B blob data]
2026-09-16T22:37:01+00:00 swingset python[110130]: [130B blob data]
2026-09-16T22:37:01+00:00 swingset python[110130]: [103B blob data]
2026-09-16T22:37:01+00:00 swingset python[110130]: [106B blob data]
2026-09-16T22:37:01+00:00 swingset python[110130]: [109B blob data]
2026-09-16T22:37:01+00:00 swingset python[110130]: [112B blob data]
2026-09-16T22:37:01+00:00 swingset python[110130]: [115B blob data]
2026-09-16T22:37:01+00:00 swingset python[110130]: [118B blob data]
2026-09-16T22:37:01+00:00 swingset python[110130]: [121B blob data]
2026-09-16T22:37:01+00:00 swingset python[110130]: [124B blob data]
2026-09-16T22:37:01+00:00 swingset python[110130]: [127B blob data]
2026-09-16T22:37:01+00:00 swingset python[110130]: [225B blob data]
2026-09-16T22:37:01+00:00 swingset python[110130]: [100B blob data]
2026-09-16T22:37:01+00:00 swingset python[110130]: [103B blob data]
2026-09-16T22:37:01+00:00 swingset python[110130]: [106B blob data]
2026-09-16T22:37:01+00:00 swingset python[110130]: [109B blob data]
2026-09-16T22:37:01+00:00 swingset python[110130]: [112B blob data]
2026-09-16T22:37:01+00:00 swingset python[110130]: [115B blob data]
2026-09-16T22:37:01+00:00 swingset python[110130]: [118B blob data]
2026-09-16T22:37:01+00:00 swingset python[110130]: [121B blob data]
2026-09-16T22:37:01+00:00 swingset python[110130]: [124B blob data]
2026-09-16T22:37:01+00:00 swingset python[110130]: [127B blob data]
2026-09-16T22:37:01+00:00 swingset python[110130]: [130B blob data]
2026-09-16T22:37:01+00:00 swingset python[110130]: [103B blob data]
2026-09-16T22:37:01+00:00 swingset python[110130]: [106B blob data]
2026-09-16T22:37:01+00:00 swingset python[110130]: [109B blob data]
2026-09-16T22:37:01+00:00 swingset python[110130]: [112B blob data]
2026-09-16T22:37:01+00:00 swingset python[110130]: [115B blob data]
2026-09-16T22:37:01+00:00 swingset python[110130]: [118B blob data]
2026-09-16T22:37:01+00:00 swingset python[110130]: [121B blob data]
2026-09-16T22:37:01+00:00 swingset python[110130]: [124B blob data]
2026-09-16T22:37:01+00:00 swingset python[110130]: [127B blob data]
2026-09-16T22:37:01+00:00 swingset python[110130]: [130B blob data]
2026-09-16T22:37:01+00:00 swingset python[110130]: [103B blob data]
2026-09-16T22:37:01+00:00 swingset python[110130]: [106B blob data]
2026-09-16T22:37:01+00:00 swingset python[110130]: [109B blob data]
2026-09-16T22:37:01+00:00 swingset python[110130]: [112B blob data]
2026-09-16T22:37:01+00:00 swingset python[110130]: [115B blob data]
2026-09-16T22:37:01+00:00 swingset python[110130]: [118B blob data]
2026-09-16T22:37:01+00:00 swingset python[110130]: [121B blob data]
2026-09-16T22:37:01+00:00 swingset python[110130]: [124B blob data]
2026-09-16T22:37:01+00:00 swingset python[110130]: [127B blob data]
2026-09-16T22:37:01+00:00 swingset python[110130]: [225B blob data]
2026-09-16T22:37:01+00:00 swingset python[110130]: [100B blob data]
2026-09-16T22:37:01+00:00 swingset python[110130]: [103B blob data]
2026-09-16T22:37:01+00:00 swingset python[110130]: [106B blob data]
2026-09-16T22:37:01+00:00 swingset python[110130]: [109B blob data]
2026-09-16T22:37:01+00:00 swingset python[110130]: [112B blob data]
2026-09-16T22:37:01+00:00 swingset python[110130]: [115B blob data]
2026-09-16T22:37:01+00:00 swingset python[110130]: [118B blob data]
2026-09-16T22:37:01+00:00 swingset python[110130]: [121B blob data]
2026-09-16T22:37:01+00:00 swingset python[110130]: [124B blob data]
2026-09-16T22:37:01+00:00 swingset python[110130]: [127B blob data]
2026-09-16T22:37:02+00:00 swingset python[110130]: [130B blob data]
2026-09-16T22:37:02+00:00 swingset python[110130]: [103B blob data]
2026-09-16T22:37:02+00:00 swingset python[110130]: [106B blob data]
2026-09-16T22:37:02+00:00 swingset python[110130]: [109B blob data]
2026-09-16T22:37:02+00:00 swingset python[110130]: [112B blob data]
2026-09-16T22:37:02+00:00 swingset python[110130]: [115B blob data]
2026-09-16T22:37:02+00:00 swingset python[110130]: [118B blob data]
2026-09-16T22:37:02+00:00 swingset python[110130]: [121B blob data]
2026-09-16T22:37:02+00:00 swingset python[110130]: [124B blob data]
2026-09-16T22:37:02+00:00 swingset python[110130]: [127B blob data]
2026-09-16T22:37:02+00:00 swingset python[110130]: [130B blob data]
2026-09-16T22:37:02+00:00 swingset python[110130]: [103B blob data]
2026-09-16T22:37:02+00:00 swingset python[110130]: [106B blob data]
2026-09-16T22:37:02+00:00 swingset python[110130]: [109B blob data]
2026-09-16T22:37:02+00:00 swingset python[110130]: [112B blob data]
2026-09-16T22:37:02+00:00 swingset python[110130]: [115B blob data]
2026-09-16T22:37:02+00:00 swingset python[110130]: [118B blob data]
2026-09-16T22:37:02+00:00 swingset python[110130]: [121B blob data]
2026-09-16T22:37:02+00:00 swingset python[110130]: [124B blob data]
2026-09-16T22:37:02+00:00 swingset python[110130]: [127B blob data]
2026-09-16T22:37:02+00:00 swingset python[110130]: [130B blob data]
2026-09-16T22:37:02+00:00 swingset python[110130]: [103B blob data]
2026-09-16T22:37:02+00:00 swingset python[110130]: [106B blob data]
2026-09-16T22:37:02+00:00 swingset python[110130]: [109B blob data]
2026-09-16T22:37:02+00:00 swingset python[110130]: [112B blob data]
2026-09-16T22:37:02+00:00 swingset python[110130]: [115B blob data]
2026-09-16T22:37:02+00:00 swingset python[110130]: [118B blob data]
2026-09-16T22:37:02+00:00 swingset python[110130]: [121B blob data]
2026-09-16T22:37:02+00:00 swingset python[110130]: [124B blob data]
2026-09-16T22:37:02+00:00 swingset python[110130]: [127B blob data]
2026-09-16T22:37:02+00:00 swingset python[110130]: [130B blob data]
2026-09-16T22:37:02+00:00 swingset python[110130]: [103B blob data]
2026-09-16T22:37:02+00:00 swingset python[110130]: [106B blob data]
2026-09-16T22:37:02+00:00 swingset python[110130]: [109B blob data]
2026-09-16T22:37:02+00:00 swingset python[110130]: [112B blob data]
2026-09-16T22:37:02+00:00 swingset python[110130]: [115B blob data]
2026-09-16T22:37:02+00:00 swingset python[110130]: [118B blob data]
2026-09-16T22:37:02+00:00 swingset python[110130]: [121B blob data]
2026-09-16T22:37:02+00:00 swingset python[110130]: [124B blob data]
2026-09-16T22:37:02+00:00 swingset python[110130]: [127B blob data]
2026-09-16T22:37:02+00:00 swingset python[110130]: [130B blob data]
2026-09-16T22:37:02+00:00 swingset python[110130]: [103B blob data]
2026-09-16T22:37:02+00:00 swingset python[110130]: [106B blob data]
2026-09-16T22:37:02+00:00 swingset python[110130]: [109B blob data]
2026-09-16T22:37:02+00:00 swingset python[110130]: [112B blob data]
2026-09-16T22:37:02+00:00 swingset python[110130]: [115B blob data]
2026-09-16T22:37:02+00:00 swingset python[110130]: [118B blob data]
2026-09-16T22:37:02+00:00 swingset python[110130]: [121B blob data]
2026-09-16T22:37:02+00:00 swingset python[110130]: [124B blob data]
2026-09-16T22:37:02+00:00 swingset python[110130]: [127B blob data]
2026-09-16T22:37:02+00:00 swingset python[110130]: [130B blob data]
2026-09-16T22:37:02+00:00 swingset python[110130]: [103B blob data]
2026-09-16T22:37:02+00:00 swingset python[110130]: [106B blob data]
2026-09-16T22:37:02+00:00 swingset python[110130]: [109B blob data]
2026-09-16T22:37:02+00:00 swingset python[110130]: [112B blob data]
2026-09-16T22:37:02+00:00 swingset python[110130]: [115B blob data]
2026-09-16T22:37:02+00:00 swingset python[110130]: [118B blob data]
2026-09-16T22:37:02+00:00 swingset python[110130]: [121B blob data]
2026-09-16T22:37:02+00:00 swingset python[110130]: [124B blob data]
2026-09-16T22:37:02+00:00 swingset python[110130]: [127B blob data]
2026-09-16T22:37:02+00:00 swingset python[110130]: [130B blob data]
2026-09-16T22:37:02+00:00 swingset python[110130]: [103B blob data]
2026-09-16T22:37:02+00:00 swingset python[110130]: [106B blob data]
2026-09-16T22:37:02+00:00 swingset python[110130]: [109B blob data]
2026-09-16T22:37:02+00:00 swingset python[110130]: [112B blob data]
2026-09-16T22:37:02+00:00 swingset python[110130]: [115B blob data]
2026-09-16T22:37:02+00:00 swingset python[110130]: [118B blob data]
2026-09-16T22:37:02+00:00 swingset python[110130]: [121B blob data]
2026-09-16T22:37:02+00:00 swingset python[110130]: [124B blob data]
2026-09-16T22:37:02+00:00 swingset python[110130]: [127B blob data]
2026-09-16T22:37:02+00:00 swingset python[110130]: [130B blob data]
2026-09-16T22:37:02+00:00 swingset python[110130]: [103B blob data]
2026-09-16T22:37:02+00:00 swingset python[110130]: [106B blob data]
2026-09-16T22:37:02+00:00 swingset python[110130]: [109B blob data]
2026-09-16T22:37:02+00:00 swingset python[110130]: [112B blob data]
2026-09-16T22:37:02+00:00 swingset python[110130]: [115B blob data]
2026-09-16T22:37:02+00:00 swingset python[110130]: [118B blob data]
2026-09-16T22:37:02+00:00 swingset python[110130]: [121B blob data]
2026-09-16T22:37:02+00:00 swingset python[110130]: [124B blob data]
2026-09-16T22:37:02+00:00 swingset python[110130]: [127B blob data]
2026-09-16T22:37:02+00:00 swingset python[110130]: [130B blob data]
2026-09-16T22:37:02+00:00 swingset python[110130]: [103B blob data]
2026-09-16T22:37:02+00:00 swingset python[110130]: [106B blob data]
2026-09-16T22:37:02+00:00 swingset python[110130]: [109B blob data]
2026-09-16T22:37:02+00:00 swingset python[110130]: [112B blob data]
2026-09-16T22:37:02+00:00 swingset python[110130]: [115B blob data]
2026-09-16T22:37:02+00:00 swingset python[110130]: [118B blob data]
2026-09-16T22:37:02+00:00 swingset python[110130]: [121B blob data]
2026-09-16T22:37:02+00:00 swingset python[110130]: [124B blob data]
2026-09-16T22:37:02+00:00 swingset python[110130]: [127B blob data]
2026-09-16T22:37:03+00:00 swingset python[110130]: [130B blob data]
2026-09-16T22:37:03+00:00 swingset python[110130]: [103B blob data]
2026-09-16T22:37:03+00:00 swingset python[110130]: [106B blob data]
2026-09-16T22:37:03+00:00 swingset python[110130]: [109B blob data]
2026-09-16T22:37:03+00:00 swingset python[110130]: [112B blob data]
2026-09-16T22:37:03+00:00 swingset python[110130]: [115B blob data]
2026-09-16T22:37:03+00:00 swingset python[110130]: [118B blob data]
2026-09-16T22:37:03+00:00 swingset python[110130]: [121B blob data]
2026-09-16T22:37:03+00:00 swingset python[110130]: [124B blob data]
2026-09-16T22:37:03+00:00 swingset python[110130]: [127B blob data]
2026-09-16T22:37:03+00:00 swingset python[110130]: [130B blob data]
2026-09-16T22:37:03+00:00 swingset python[110130]: [103B blob data]
2026-09-16T22:37:03+00:00 swingset python[110130]: [106B blob data]
2026-09-16T22:37:03+00:00 swingset python[110130]: [109B blob data]
2026-09-16T22:37:03+00:00 swingset python[110130]: [112B blob data]
2026-09-16T22:37:03+00:00 swingset python[110130]: [115B blob data]
2026-09-16T22:37:03+00:00 swingset python[110130]: [118B blob data]
2026-09-16T22:37:03+00:00 swingset python[110130]: [121B blob data]
2026-09-16T22:37:03+00:00 swingset python[110130]: [124B blob data]
2026-09-16T22:37:03+00:00 swingset python[110130]: [127B blob data]
2026-09-16T22:37:03+00:00 swingset python[110130]: [225B blob data]
2026-09-16T22:37:03+00:00 swingset python[110130]: [100B blob data]
2026-09-16T22:37:03+00:00 swingset python[110130]: [103B blob data]
2026-09-16T22:37:03+00:00 swingset python[110130]: [106B blob data]
2026-09-16T22:37:03+00:00 swingset python[110130]: [109B blob data]
2026-09-16T22:37:03+00:00 swingset python[110130]: [112B blob data]
2026-09-16T22:37:03+00:00 swingset python[110130]: [115B blob data]
2026-09-16T22:37:03+00:00 swingset python[110130]: [118B blob data]
2026-09-16T22:37:03+00:00 swingset python[110130]: [121B blob data]
2026-09-16T22:37:03+00:00 swingset python[110130]: [124B blob data]
2026-09-16T22:37:03+00:00 swingset python[110130]: [127B blob data]
2026-09-16T22:37:03+00:00 swingset python[110130]: [130B blob data]
2026-09-16T22:37:03+00:00 swingset python[110130]: [103B blob data]
2026-09-16T22:37:03+00:00 swingset python[110130]: [106B blob data]
2026-09-16T22:37:03+00:00 swingset python[110130]: [109B blob data]
2026-09-16T22:37:03+00:00 swingset python[110130]: [112B blob data]
2026-09-16T22:37:03+00:00 swingset python[110130]: [115B blob data]
2026-09-16T22:37:03+00:00 swingset python[110130]: [118B blob data]
2026-09-16T22:37:03+00:00 swingset python[110130]: [121B blob data]
2026-09-16T22:37:03+00:00 swingset python[110130]: [124B blob data]
2026-09-16T22:37:03+00:00 swingset python[110130]: [127B blob data]
2026-09-16T22:37:03+00:00 swingset python[110130]: [130B blob data]
2026-09-16T22:37:03+00:00 swingset python[110130]: [103B blob data]
2026-09-16T22:37:03+00:00 swingset python[110130]: [106B blob data]
2026-09-16T22:37:03+00:00 swingset python[110130]: [109B blob data]
2026-09-16T22:37:03+00:00 swingset python[110130]: [112B blob data]
2026-09-16T22:37:03+00:00 swingset python[110130]: [115B blob data]
2026-09-16T22:37:03+00:00 swingset python[110130]: [118B blob data]
2026-09-16T22:37:03+00:00 swingset python[110130]: [121B blob data]
2026-09-16T22:37:03+00:00 swingset python[110130]: [124B blob data]
2026-09-16T22:37:03+00:00 swingset python[110130]: [127B blob data]
2026-09-16T22:37:03+00:00 swingset python[110130]: [130B blob data]
2026-09-16T22:37:03+00:00 swingset python[110130]: [103B blob data]
2026-09-16T22:37:03+00:00 swingset python[110130]: [106B blob data]
2026-09-16T22:37:03+00:00 swingset python[110130]: [109B blob data]
2026-09-16T22:37:03+00:00 swingset python[110130]: [112B blob data]
2026-09-16T22:37:03+00:00 swingset python[110130]: [115B blob data]
2026-09-16T22:37:03+00:00 swingset python[110130]: [118B blob data]
2026-09-16T22:37:03+00:00 swingset python[110130]: [121B blob data]
2026-09-16T22:37:03+00:00 swingset python[110130]: [124B blob data]
2026-09-16T22:37:03+00:00 swingset python[110130]: [127B blob data]
2026-09-16T22:37:03+00:00 swingset python[110130]: [130B blob data]
2026-09-16T22:37:03+00:00 swingset python[110130]: [103B blob data]
2026-09-16T22:37:03+00:00 swingset python[110130]: [106B blob data]
2026-09-16T22:37:03+00:00 swingset python[110130]: [109B blob data]
2026-09-16T22:37:03+00:00 swingset python[110130]: [112B blob data]
2026-09-16T22:37:03+00:00 swingset python[110130]: [115B blob data]
2026-09-16T22:37:03+00:00 swingset python[110130]: [118B blob data]
2026-09-16T22:37:03+00:00 swingset python[110130]: [121B blob data]
2026-09-16T22:37:03+00:00 swingset python[110130]: [124B blob data]
2026-09-16T22:37:03+00:00 swingset python[110130]: [127B blob data]
2026-09-16T22:37:03+00:00 swingset python[110130]: [225B blob data]
2026-09-16T22:37:03+00:00 swingset python[110130]: [95B blob data]
2026-09-16T22:37:03+00:00 swingset python[110130]: [85B blob data]
2026-09-16T22:37:03+00:00 swingset python[110130]: [85B blob data]
2026-09-16T22:37:03+00:00 swingset python[110130]: [85B blob data]
2026-09-16T22:37:03+00:00 swingset python[110130]: [85B blob data]
2026-09-16T22:37:03+00:00 swingset python[110130]: [85B blob data]
2026-09-16T22:37:03+00:00 swingset python[110130]: [85B blob data]
2026-09-16T22:37:03+00:00 swingset python[110130]: [85B blob data]
2026-09-16T22:37:03+00:00 swingset python[110130]: [85B blob data]
2026-09-16T22:37:03+00:00 swingset python[110130]: [85B blob data]
2026-09-16T22:37:03+00:00 swingset python[110130]: [85B blob data]
2026-09-16T22:37:28+00:00 swingset python[110130]: {"status": "published", "candidate": "/var/lib/swingset/candidates/cand_8f31cad7226643ae", "receipt": "/var/lib/swingset/operations/h16-event-preservation-release-20260916/production-publish-001.json"}
2026-09-16T22:37:28+00:00 swingset systemd[1]: swingset-h16-production-publish-reviewed-001.service: Deactivated successfully.
2026-09-16T22:37:28+00:00 swingset systemd[1]: swingset-h16-production-publish-reviewed-001.service: Consumed 53.529s CPU time, 4.8G memory peak, 5.4G read from disk, 1G written to disk, 134.5M incoming IP traffic, 24.9M outgoing IP traffic.
