Sep 17 19:33:50 swingset systemd[1]: Started [systemd-run] /var/lib/swingset/venv/bin/python /var/lib/swingset/operations/v2-resume-20260917/checkpoint-extension28-003.py --output /var/tmp/swingset-extension28-checkpoint-receipts-20260917-004 --checkpoint /var/lib/swingset/checkpoints/extension28-held-20260917-004 --upload.
Sep 17 19:38:08 swingset python[120105]: {"phase": "checkpoint_verified", "path": "/var/lib/swingset/checkpoints/extension28-held-20260917-004", "manifest_sha256": "6ac7bb2d291136ef502abcb33f8762bf4449fd2fdc0160fb995f2aba0921f9d9", "files": 68866, "bytes": 8770615161}
Sep 17 19:38:39 swingset python[120105]: [61B blob data]
Sep 17 19:38:40 swingset python[120105]: [76B blob data]
Sep 17 19:38:40 swingset python[120105]: [83B blob data]
Sep 17 19:38:40 swingset python[120105]: [106B blob data]
Sep 17 19:38:40 swingset python[120105]: [83B blob data]
Sep 17 19:38:40 swingset python[120105]: [181B blob data]
Sep 17 19:38:40 swingset python[120105]: [85B blob data]
Sep 17 19:38:40 swingset python[120105]: [183B blob data]
Sep 17 19:38:40 swingset python[120105]: [85B blob data]
Sep 17 19:38:40 swingset python[120105]: [183B blob data]
Sep 17 19:38:40 swingset python[120105]: [85B blob data]
Sep 17 19:38:40 swingset python[120105]: [183B blob data]
Sep 17 19:38:40 swingset python[120105]: [85B blob data]
Sep 17 19:38:40 swingset python[120105]: [183B blob data]
Sep 17 19:38:40 swingset python[120105]: [85B blob data]
Sep 17 19:38:40 swingset python[120105]: [183B blob data]
Sep 17 19:38:40 swingset python[120105]: [85B blob data]
Sep 17 19:38:40 swingset python[120105]: [183B blob data]
Sep 17 19:38:40 swingset python[120105]: [85B blob data]
Sep 17 19:38:41 swingset python[120105]: [183B blob data]
Sep 17 19:38:41 swingset python[120105]: [85B blob data]
Sep 17 19:38:41 swingset python[120105]: [183B blob data]
Sep 17 19:38:41 swingset python[120105]: [85B blob data]
Sep 17 19:38:41 swingset python[120105]: [183B blob data]
Sep 17 19:38:41 swingset python[120105]: [85B blob data]
Sep 17 19:38:41 swingset python[120105]: [183B blob data]
Sep 17 19:38:41 swingset python[120105]: [85B blob data]
Sep 17 19:38:41 swingset python[120105]: [183B blob data]
Sep 17 19:38:41 swingset python[120105]: [85B blob data]
Sep 17 19:38:41 swingset python[120105]: [183B blob data]
Sep 17 19:38:41 swingset python[120105]: [85B blob data]
Sep 17 19:38:41 swingset python[120105]: [183B blob data]
Sep 17 19:38:41 swingset python[120105]: [87B blob data]
Sep 17 19:38:41 swingset python[120105]: [185B blob data]
Sep 17 19:38:41 swingset python[120105]: [87B blob data]
Sep 17 19:38:41 swingset python[120105]: [185B blob data]
Sep 17 19:38:41 swingset python[120105]: [87B blob data]
Sep 17 19:38:41 swingset python[120105]: [185B blob data]
Sep 17 19:38:42 swingset python[120105]: [87B blob data]
Sep 17 19:38:42 swingset python[120105]: [185B blob data]
Sep 17 19:38:42 swingset python[120105]: [87B blob data]
Sep 17 19:38:42 swingset python[120105]: [185B blob data]
Sep 17 19:38:42 swingset python[120105]: [87B blob data]
Sep 17 19:38:42 swingset python[120105]: [185B blob data]
Sep 17 19:38:42 swingset python[120105]: [87B blob data]
Sep 17 19:38:42 swingset python[120105]: [185B blob data]
Sep 17 19:38:42 swingset python[120105]: [87B blob data]
Sep 17 19:38:42 swingset python[120105]: [185B blob data]
Sep 17 19:38:42 swingset python[120105]: [87B blob data]
Sep 17 19:38:42 swingset python[120105]: [185B blob data]
Sep 17 19:38:42 swingset python[120105]: [87B blob data]
Sep 17 19:38:42 swingset python[120105]: [185B blob data]
Sep 17 19:38:42 swingset python[120105]: [87B blob data]
Sep 17 19:38:42 swingset python[120105]: [185B blob data]
Sep 17 19:38:42 swingset python[120105]: [87B blob data]
Sep 17 19:38:42 swingset python[120105]: [187B blob data]
Sep 17 19:38:42 swingset python[120105]: [89B blob data]
Sep 17 19:38:43 swingset python[120105]: [187B blob data]
Sep 17 19:38:43 swingset python[120105]: [89B blob data]
Sep 17 19:38:43 swingset python[120105]: [187B blob data]
Sep 17 19:38:43 swingset python[120105]: [89B blob data]
Sep 17 19:38:43 swingset python[120105]: [187B blob data]
Sep 17 19:38:43 swingset python[120105]: [89B blob data]
Sep 17 19:38:43 swingset python[120105]: [187B blob data]
Sep 17 19:38:43 swingset python[120105]: [89B blob data]
Sep 17 19:38:43 swingset python[120105]: [187B blob data]
Sep 17 19:38:43 swingset python[120105]: [89B blob data]
Sep 17 19:38:43 swingset python[120105]: [187B blob data]
Sep 17 19:38:43 swingset python[120105]: [89B blob data]
Sep 17 19:38:43 swingset python[120105]: [187B blob data]
Sep 17 19:38:43 swingset python[120105]: [89B blob data]
Sep 17 19:38:43 swingset python[120105]: [187B blob data]
Sep 17 19:38:43 swingset python[120105]: [89B blob data]
Sep 17 19:38:43 swingset python[120105]: [187B blob data]
Sep 17 19:38:43 swingset python[120105]: [89B blob data]
Sep 17 19:38:43 swingset python[120105]: [187B blob data]
Sep 17 19:38:43 swingset python[120105]: [89B blob data]
Sep 17 19:38:44 swingset python[120105]: [187B blob data]
Sep 17 19:38:44 swingset python[120105]: [91B blob data]
Sep 17 19:38:44 swingset python[120105]: [189B blob data]
Sep 17 19:38:44 swingset python[120105]: [91B blob data]
Sep 17 19:38:44 swingset python[120105]: [189B blob data]
Sep 17 19:38:44 swingset python[120105]: [91B blob data]
Sep 17 19:38:44 swingset python[120105]: [189B blob data]
Sep 17 19:38:44 swingset python[120105]: [91B blob data]
Sep 17 19:38:44 swingset python[120105]: [189B blob data]
Sep 17 19:38:44 swingset python[120105]: [91B blob data]
Sep 17 19:38:44 swingset python[120105]: [189B blob data]
Sep 17 19:38:44 swingset python[120105]: [91B blob data]
Sep 17 19:38:44 swingset python[120105]: [189B blob data]
Sep 17 19:38:44 swingset python[120105]: [91B blob data]
Sep 17 19:38:44 swingset python[120105]: [189B blob data]
Sep 17 19:38:44 swingset python[120105]: [91B blob data]
Sep 17 19:38:44 swingset python[120105]: [189B blob data]
Sep 17 19:38:44 swingset python[120105]: [91B blob data]
Sep 17 19:38:44 swingset python[120105]: [189B blob data]
Sep 17 19:38:44 swingset python[120105]: [91B blob data]
Sep 17 19:38:45 swingset python[120105]: [189B blob data]
Sep 17 19:38:45 swingset python[120105]: [91B blob data]
Sep 17 19:38:45 swingset python[120105]: [189B blob data]
Sep 17 19:38:45 swingset python[120105]: [91B blob data]
Sep 17 19:38:45 swingset python[120105]: [189B blob data]
Sep 17 19:38:45 swingset python[120105]: [91B blob data]
Sep 17 19:38:45 swingset python[120105]: [189B blob data]
Sep 17 19:38:45 swingset python[120105]: [93B blob data]
Sep 17 19:38:45 swingset python[120105]: [191B blob data]
Sep 17 19:38:45 swingset python[120105]: [93B blob data]
Sep 17 19:38:45 swingset python[120105]: [191B blob data]
Sep 17 19:38:45 swingset python[120105]: [93B blob data]
Sep 17 19:38:45 swingset python[120105]: [191B blob data]
Sep 17 19:38:45 swingset python[120105]: [93B blob data]
Sep 17 19:38:45 swingset python[120105]: [191B blob data]
Sep 17 19:38:45 swingset python[120105]: [93B blob data]
Sep 17 19:38:45 swingset python[120105]: [191B blob data]
Sep 17 19:38:45 swingset python[120105]: [93B blob data]
Sep 17 19:38:45 swingset python[120105]: [191B blob data]
Sep 17 19:38:45 swingset python[120105]: [93B blob data]
Sep 17 19:38:46 swingset python[120105]: [191B blob data]
Sep 17 19:38:46 swingset python[120105]: [93B blob data]
Sep 17 19:38:46 swingset python[120105]: [191B blob data]
Sep 17 19:38:46 swingset python[120105]: [93B blob data]
Sep 17 19:38:46 swingset python[120105]: [191B blob data]
Sep 17 19:38:46 swingset python[120105]: [93B blob data]
Sep 17 19:38:46 swingset python[120105]: [191B blob data]
Sep 17 19:38:46 swingset python[120105]: [93B blob data]
Sep 17 19:38:46 swingset python[120105]: [191B blob data]
Sep 17 19:38:46 swingset python[120105]: [93B blob data]
Sep 17 19:38:46 swingset python[120105]: [191B blob data]
Sep 17 19:38:46 swingset python[120105]: [93B blob data]
Sep 17 19:38:46 swingset python[120105]: [191B blob data]
Sep 17 19:38:46 swingset python[120105]: [93B blob data]
Sep 17 19:38:46 swingset python[120105]: [191B blob data]
Sep 17 19:38:46 swingset python[120105]: [93B blob data]
Sep 17 19:38:46 swingset python[120105]: [191B blob data]
Sep 17 19:38:46 swingset python[120105]: [93B blob data]
Sep 17 19:38:47 swingset python[120105]: [191B blob data]
Sep 17 19:38:47 swingset python[120105]: [93B blob data]
Sep 17 19:38:47 swingset python[120105]: [191B blob data]
Sep 17 19:38:47 swingset python[120105]: [93B blob data]
Sep 17 19:38:47 swingset python[120105]: [191B blob data]
Sep 17 19:38:47 swingset python[120105]: [93B blob data]
Sep 17 19:38:47 swingset python[120105]: [191B blob data]
Sep 17 19:38:47 swingset python[120105]: [95B blob data]
Sep 17 19:38:47 swingset python[120105]: [193B blob data]
Sep 17 19:38:47 swingset python[120105]: [95B blob data]
Sep 17 19:38:47 swingset python[120105]: [193B blob data]
Sep 17 19:38:47 swingset python[120105]: [95B blob data]
Sep 17 19:38:47 swingset python[120105]: [193B blob data]
Sep 17 19:38:47 swingset python[120105]: [95B blob data]
Sep 17 19:38:47 swingset python[120105]: [193B blob data]
Sep 17 19:38:47 swingset python[120105]: [95B blob data]
Sep 17 19:38:47 swingset python[120105]: [193B blob data]
Sep 17 19:38:47 swingset python[120105]: [95B blob data]
Sep 17 19:38:47 swingset python[120105]: [193B blob data]
Sep 17 19:38:47 swingset python[120105]: [95B blob data]
Sep 17 19:38:48 swingset python[120105]: [193B blob data]
Sep 17 19:38:48 swingset python[120105]: [95B blob data]
Sep 17 19:38:48 swingset python[120105]: [193B blob data]
Sep 17 19:38:48 swingset python[120105]: [95B blob data]
Sep 17 19:38:48 swingset python[120105]: [193B blob data]
Sep 17 19:38:48 swingset python[120105]: [95B blob data]
Sep 17 19:38:48 swingset python[120105]: [193B blob data]
Sep 17 19:38:48 swingset python[120105]: [95B blob data]
Sep 17 19:38:48 swingset python[120105]: [193B blob data]
Sep 17 19:38:48 swingset python[120105]: [95B blob data]
Sep 17 19:38:48 swingset python[120105]: [193B blob data]
Sep 17 19:38:48 swingset python[120105]: [95B blob data]
Sep 17 19:38:48 swingset python[120105]: [193B blob data]
Sep 17 19:38:48 swingset python[120105]: [95B blob data]
Sep 17 19:38:48 swingset python[120105]: [193B blob data]
Sep 17 19:38:48 swingset python[120105]: [95B blob data]
Sep 17 19:38:48 swingset python[120105]: [193B blob data]
Sep 17 19:38:48 swingset python[120105]: [95B blob data]
Sep 17 19:38:48 swingset python[120105]: [193B blob data]
Sep 17 19:38:48 swingset python[120105]: [95B blob data]
Sep 17 19:38:49 swingset python[120105]: [193B blob data]
Sep 17 19:38:49 swingset python[120105]: [95B blob data]
Sep 17 19:38:49 swingset python[120105]: [193B blob data]
Sep 17 19:38:49 swingset python[120105]: [95B blob data]
Sep 17 19:38:49 swingset python[120105]: [193B blob data]
Sep 17 19:38:49 swingset python[120105]: [97B blob data]
Sep 17 19:38:49 swingset python[120105]: [195B blob data]
Sep 17 19:38:49 swingset python[120105]: [97B blob data]
Sep 17 19:38:49 swingset python[120105]: [195B blob data]
Sep 17 19:38:49 swingset python[120105]: [97B blob data]
Sep 17 19:38:49 swingset python[120105]: [195B blob data]
Sep 17 19:38:49 swingset python[120105]: [97B blob data]
Sep 17 19:38:49 swingset python[120105]: [195B blob data]
Sep 17 19:38:49 swingset python[120105]: [97B blob data]
Sep 17 19:38:49 swingset python[120105]: [195B blob data]
Sep 17 19:38:49 swingset python[120105]: [97B blob data]
Sep 17 19:38:49 swingset python[120105]: [195B blob data]
Sep 17 19:38:49 swingset python[120105]: [97B blob data]
Sep 17 19:38:49 swingset python[120105]: [195B blob data]
Sep 17 19:38:49 swingset python[120105]: [97B blob data]
Sep 17 19:38:50 swingset python[120105]: [195B blob data]
Sep 17 19:38:50 swingset python[120105]: [97B blob data]
Sep 17 19:38:50 swingset python[120105]: [195B blob data]
Sep 17 19:38:50 swingset python[120105]: [97B blob data]
Sep 17 19:38:50 swingset python[120105]: [195B blob data]
Sep 17 19:38:50 swingset python[120105]: [97B blob data]
Sep 17 19:38:50 swingset python[120105]: [195B blob data]
Sep 17 19:38:50 swingset python[120105]: [97B blob data]
Sep 17 19:38:50 swingset python[120105]: [195B blob data]
Sep 17 19:38:50 swingset python[120105]: [97B blob data]
Sep 17 19:38:50 swingset python[120105]: [195B blob data]
Sep 17 19:38:50 swingset python[120105]: [97B blob data]
Sep 17 19:38:50 swingset python[120105]: [195B blob data]
Sep 17 19:38:50 swingset python[120105]: [99B blob data]
Sep 17 19:38:50 swingset python[120105]: [197B blob data]
Sep 17 19:38:50 swingset python[120105]: [99B blob data]
Sep 17 19:38:50 swingset python[120105]: [197B blob data]
Sep 17 19:38:50 swingset python[120105]: [99B blob data]
Sep 17 19:38:51 swingset python[120105]: [197B blob data]
Sep 17 19:38:51 swingset python[120105]: [99B blob data]
Sep 17 19:38:51 swingset python[120105]: [197B blob data]
Sep 17 19:38:51 swingset python[120105]: [99B blob data]
Sep 17 19:38:51 swingset python[120105]: [197B blob data]
Sep 17 19:38:51 swingset python[120105]: [99B blob data]
Sep 17 19:38:51 swingset python[120105]: [197B blob data]
Sep 17 19:38:51 swingset python[120105]: [99B blob data]
Sep 17 19:38:51 swingset python[120105]: [197B blob data]
Sep 17 19:38:51 swingset python[120105]: [99B blob data]
Sep 17 19:38:51 swingset python[120105]: [197B blob data]
Sep 17 19:38:51 swingset python[120105]: [99B blob data]
Sep 17 19:38:51 swingset python[120105]: [197B blob data]
Sep 17 19:38:51 swingset python[120105]: [99B blob data]
Sep 17 19:38:51 swingset python[120105]: [197B blob data]
Sep 17 19:38:51 swingset python[120105]: [99B blob data]
Sep 17 19:38:51 swingset python[120105]: [197B blob data]
Sep 17 19:38:51 swingset python[120105]: [101B blob data]
Sep 17 19:38:51 swingset python[120105]: [199B blob data]
Sep 17 19:38:51 swingset python[120105]: [101B blob data]
Sep 17 19:38:52 swingset python[120105]: [199B blob data]
Sep 17 19:38:52 swingset python[120105]: [101B blob data]
Sep 17 19:38:52 swingset python[120105]: [199B blob data]
Sep 17 19:38:52 swingset python[120105]: [101B blob data]
Sep 17 19:38:52 swingset python[120105]: [199B blob data]
Sep 17 19:38:52 swingset python[120105]: [101B blob data]
Sep 17 19:38:52 swingset python[120105]: [199B blob data]
Sep 17 19:38:52 swingset python[120105]: [101B blob data]
Sep 17 19:38:52 swingset python[120105]: [199B blob data]
Sep 17 19:38:52 swingset python[120105]: [101B blob data]
Sep 17 19:38:52 swingset python[120105]: [199B blob data]
Sep 17 19:38:52 swingset python[120105]: [101B blob data]
Sep 17 19:38:52 swingset python[120105]: [199B blob data]
Sep 17 19:38:52 swingset python[120105]: [101B blob data]
Sep 17 19:38:52 swingset python[120105]: [199B blob data]
Sep 17 19:38:52 swingset python[120105]: [101B blob data]
Sep 17 19:38:52 swingset python[120105]: [199B blob data]
Sep 17 19:38:52 swingset python[120105]: [101B blob data]
Sep 17 19:38:52 swingset python[120105]: [199B blob data]
Sep 17 19:38:52 swingset python[120105]: [103B blob data]
Sep 17 19:38:53 swingset python[120105]: [201B blob data]
Sep 17 19:38:53 swingset python[120105]: [103B blob data]
Sep 17 19:38:53 swingset python[120105]: [201B blob data]
Sep 17 19:38:53 swingset python[120105]: [103B blob data]
Sep 17 19:38:53 swingset python[120105]: [201B blob data]
Sep 17 19:38:53 swingset python[120105]: [103B blob data]
Sep 17 19:38:53 swingset python[120105]: [201B blob data]
Sep 17 19:38:53 swingset python[120105]: [103B blob data]
Sep 17 19:38:53 swingset python[120105]: [201B blob data]
Sep 17 19:38:53 swingset python[120105]: [103B blob data]
Sep 17 19:38:53 swingset python[120105]: [201B blob data]
Sep 17 19:38:53 swingset python[120105]: [103B blob data]
Sep 17 19:38:53 swingset python[120105]: [201B blob data]
Sep 17 19:38:53 swingset python[120105]: [103B blob data]
Sep 17 19:38:53 swingset python[120105]: [201B blob data]
Sep 17 19:38:53 swingset python[120105]: [103B blob data]
Sep 17 19:38:53 swingset python[120105]: [201B blob data]
Sep 17 19:38:53 swingset python[120105]: [103B blob data]
Sep 17 19:38:53 swingset python[120105]: [201B blob data]
Sep 17 19:38:53 swingset python[120105]: [103B blob data]
Sep 17 19:38:54 swingset python[120105]: [106B blob data]
Sep 17 19:38:54 swingset python[120105]: [103B blob data]
Sep 17 19:38:54 swingset python[120105]: [201B blob data]
Sep 17 19:38:54 swingset python[120105]: [94B blob data]
Sep 17 19:38:54 swingset python[120105]: [103B blob data]
Sep 17 19:38:54 swingset python[120105]: [106B blob data]
Sep 17 19:38:54 swingset python[120105]: [103B blob data]
Sep 17 19:38:54 swingset python[120105]: [106B blob data]
Sep 17 19:38:54 swingset python[120105]: [103B blob data]
Sep 17 19:38:54 swingset python[120105]: [201B blob data]
Sep 17 19:38:54 swingset python[120105]: [98B blob data]
Sep 17 19:38:54 swingset python[120105]: [103B blob data]
Sep 17 19:38:54 swingset python[120105]: [106B blob data]
Sep 17 19:38:54 swingset python[120105]: [103B blob data]
Sep 17 19:38:54 swingset python[120105]: [106B blob data]
Sep 17 19:38:54 swingset python[120105]: [103B blob data]
Sep 17 19:38:54 swingset python[120105]: [106B blob data]
Sep 17 19:38:54 swingset python[120105]: [103B blob data]
Sep 17 19:38:54 swingset python[120105]: [106B blob data]
Sep 17 19:38:54 swingset python[120105]: [103B blob data]
Sep 17 19:38:55 swingset python[120105]: [106B blob data]
Sep 17 19:38:55 swingset python[120105]: [103B blob data]
Sep 17 19:38:55 swingset python[120105]: [106B blob data]
Sep 17 19:38:55 swingset python[120105]: [103B blob data]
Sep 17 19:38:55 swingset python[120105]: [201B blob data]
Sep 17 19:38:55 swingset python[120105]: [100B blob data]
Sep 17 19:38:55 swingset python[120105]: [103B blob data]
Sep 17 19:38:55 swingset python[120105]: [106B blob data]
Sep 17 19:38:55 swingset python[120105]: [103B blob data]
Sep 17 19:38:55 swingset python[120105]: [106B blob data]
Sep 17 19:38:55 swingset python[120105]: [103B blob data]
Sep 17 19:38:55 swingset python[120105]: [106B blob data]
Sep 17 19:38:55 swingset python[120105]: [103B blob data]
Sep 17 19:38:55 swingset python[120105]: [106B blob data]
Sep 17 19:38:55 swingset python[120105]: [103B blob data]
Sep 17 19:38:55 swingset python[120105]: [106B blob data]
Sep 17 19:38:55 swingset python[120105]: [103B blob data]
Sep 17 19:38:55 swingset python[120105]: [106B blob data]
Sep 17 19:38:55 swingset python[120105]: [103B blob data]
Sep 17 19:38:55 swingset python[120105]: [106B blob data]
Sep 17 19:38:55 swingset python[120105]: [103B blob data]
Sep 17 19:38:56 swingset python[120105]: [106B blob data]
Sep 17 19:38:56 swingset python[120105]: [103B blob data]
Sep 17 19:38:56 swingset python[120105]: [106B blob data]
Sep 17 19:38:56 swingset python[120105]: [103B blob data]
Sep 17 19:38:56 swingset python[120105]: [106B blob data]
Sep 17 19:38:56 swingset python[120105]: [103B blob data]
Sep 17 19:38:56 swingset python[120105]: [106B blob data]
Sep 17 19:38:56 swingset python[120105]: [103B blob data]
Sep 17 19:38:56 swingset python[120105]: [106B blob data]
Sep 17 19:38:56 swingset python[120105]: [103B blob data]
Sep 17 19:38:56 swingset python[120105]: [106B blob data]
Sep 17 19:38:56 swingset python[120105]: [103B blob data]
Sep 17 19:38:56 swingset python[120105]: [106B blob data]
Sep 17 19:38:56 swingset python[120105]: [103B blob data]
Sep 17 19:38:56 swingset python[120105]: [201B blob data]
Sep 17 19:38:56 swingset python[120105]: [100B blob data]
Sep 17 19:38:56 swingset python[120105]: [103B blob data]
Sep 17 19:38:56 swingset python[120105]: [106B blob data]
Sep 17 19:38:56 swingset python[120105]: [103B blob data]
Sep 17 19:38:56 swingset python[120105]: [106B blob data]
Sep 17 19:38:56 swingset python[120105]: [103B blob data]
Sep 17 19:38:57 swingset python[120105]: [106B blob data]
Sep 17 19:38:57 swingset python[120105]: [103B blob data]
Sep 17 19:38:57 swingset python[120105]: [106B blob data]
Sep 17 19:38:57 swingset python[120105]: [103B blob data]
Sep 17 19:38:57 swingset python[120105]: [106B blob data]
Sep 17 19:38:57 swingset python[120105]: [103B blob data]
Sep 17 19:38:57 swingset python[120105]: [106B blob data]
Sep 17 19:38:57 swingset python[120105]: [103B blob data]
Sep 17 19:38:57 swingset python[120105]: [106B blob data]
Sep 17 19:38:57 swingset python[120105]: [103B blob data]
Sep 17 19:38:57 swingset python[120105]: [106B blob data]
Sep 17 19:38:57 swingset python[120105]: [103B blob data]
Sep 17 19:38:57 swingset python[120105]: [106B blob data]
Sep 17 19:38:57 swingset python[120105]: [103B blob data]
Sep 17 19:38:57 swingset python[120105]: [201B blob data]
Sep 17 19:38:57 swingset python[120105]: [95B blob data]
Sep 17 19:38:57 swingset python[120105]: [85B blob data]
Sep 17 19:38:57 swingset python[120105]: [85B blob data]
Sep 17 19:39:01 swingset systemd[1]: swingset-extension28-checkpoint-20260917-004.service: Deactivated successfully.
Sep 17 19:39:01 swingset systemd[1]: swingset-extension28-checkpoint-20260917-004.service: Consumed 3min 32.731s CPU time, 6.4G memory peak, 47.9G read from disk, 16.8G written to disk, 7.2M incoming IP traffic, 11.5M outgoing IP traffic.
