Sep 17 17:16:30 swingset systemd[1]: Started [systemd-run] /run/current-system/sw/bin/sh /var/lib/swingset/operations/v2-continuation-20260917/dcn-results-lookup-001/execute.sh.
Sep 17 17:17:13 swingset sh[116270]: {
Sep 17 17:17:13 swingset sh[116270]:   "manifest_canonical_sha256": "ad3f8584d2f540bab4967c36e1730e91e364f2aeeef19cf40273e3deb5bfe0f6",
Sep 17 17:17:13 swingset sh[116270]:   "byte_measurement": "response_body_bytes_exposed_by_iter_raw",
Sep 17 17:17:13 swingset sh[116270]:   "transport_buffering_not_measured": true,
Sep 17 17:17:13 swingset sh[116270]:   "read_chunk_bytes": 65536,
Sep 17 17:17:13 swingset sh[116270]:   "incomplete_response_keeps_byte_reservation": true,
Sep 17 17:17:13 swingset sh[116270]:   "authorization_sha256": "abfe531079e54b3a1012708f5ec3d18f0638a82707e7080f07a8094d3afcdbcf",
Sep 17 17:17:13 swingset sh[116270]:   "started_at": "2026-09-17T17:16:30.866350+00:00",
Sep 17 17:17:13 swingset sh[116270]:   "status": "captured_pending_independent_review",
Sep 17 17:17:13 swingset sh[116270]:   "requests": [
Sep 17 17:17:13 swingset sh[116270]:     {
Sep 17 17:17:13 swingset sh[116270]:       "url": "https://web.archive.org/robots.txt",
Sep 17 17:17:13 swingset sh[116270]:       "purpose": "robots",
Sep 17 17:17:13 swingset sh[116270]:       "issued_at": "2026-09-17T17:16:50.883824+00:00",
Sep 17 17:17:13 swingset sh[116270]:       "request_day": "2026-09-17",
Sep 17 17:17:13 swingset sh[116270]:       "reserved_bytes": 2097152,
Sep 17 17:17:13 swingset sh[116270]:       "complete": true,
Sep 17 17:17:13 swingset sh[116270]:       "transport_dispatched_at": "2026-09-17T17:16:50.886245+00:00",
Sep 17 17:17:13 swingset sh[116270]:       "transport_dispatched_elapsed_seconds": 20.019920658960473,
Sep 17 17:17:13 swingset sh[116270]:       "http_status": 404,
Sep 17 17:17:13 swingset sh[116270]:       "headers": {
Sep 17 17:17:13 swingset sh[116270]:         "server": "nginx",
Sep 17 17:17:13 swingset sh[116270]:         "date": "Thu, 17 Sep 2026 17:16:51 GMT",
Sep 17 17:17:13 swingset sh[116270]:         "content-type": "text/html",
Sep 17 17:17:13 swingset sh[116270]:         "content-length": "146",
Sep 17 17:17:13 swingset sh[116270]:         "connection": "keep-alive"
Sep 17 17:17:13 swingset sh[116270]:       },
Sep 17 17:17:13 swingset sh[116270]:       "exchange_completed_elapsed_seconds": 20.466948048968334,
Sep 17 17:17:13 swingset sh[116270]:       "exchange_completed_at": "2026-09-17T17:16:51.333279+00:00",
Sep 17 17:17:13 swingset sh[116270]:       "next_dispatch_not_before_elapsed_seconds": 30.466948048968334,
Sep 17 17:17:13 swingset sh[116270]:       "next_dispatch_not_before": "2026-09-17T17:17:01.333279+00:00",
Sep 17 17:17:13 swingset sh[116270]:       "spacing_basis": "closed_exchange_completion_floor",
Sep 17 17:17:13 swingset sh[116270]:       "body_sha256": "55f7d9e99b8e2d4e0e193b2f0275501e6d9c1ebd29cadbea6a0da48a8587e3e0",
Sep 17 17:17:13 swingset sh[116270]:       "body_bytes": 146,
Sep 17 17:17:13 swingset sh[116270]:       "classification": "Gone",
Sep 17 17:17:13 swingset sh[116270]:       "budget_charged_bytes": 146
Sep 17 17:17:13 swingset sh[116270]:     },
Sep 17 17:17:13 swingset sh[116270]:     {
Sep 17 17:17:13 swingset sh[116270]:       "url": "https://web.archive.org/cdx/search/cdx?url=https%3A%2F%2Fdanceconvention.net%2Feventdirector%2Fen%2Feventpage%2F1546230-riga-summer-swing%2Fresults&matchType=exact&from=2018&to=2026&filter=statuscode%3A200&filter=mimetype%3Atext%2Fhtml&collapse=digest&showNumPages=true",
Sep 17 17:17:13 swingset sh[116270]:       "purpose": "cdx",
Sep 17 17:17:13 swingset sh[116270]:       "issued_at": "2026-09-17T17:17:01.351333+00:00",
Sep 17 17:17:13 swingset sh[116270]:       "request_day": "2026-09-17",
Sep 17 17:17:13 swingset sh[116270]:       "reserved_bytes": 2097152,
Sep 17 17:17:13 swingset sh[116270]:       "complete": true,
Sep 17 17:17:13 swingset sh[116270]:       "transport_dispatched_at": "2026-09-17T17:17:01.354232+00:00",
Sep 17 17:17:13 swingset sh[116270]:       "transport_dispatched_elapsed_seconds": 30.487904231995344,
Sep 17 17:17:13 swingset sh[116270]:       "http_status": 200,
Sep 17 17:17:13 swingset sh[116270]:       "headers": {
Sep 17 17:17:13 swingset sh[116270]:         "server": "nginx",
Sep 17 17:17:13 swingset sh[116270]:         "date": "Thu, 17 Sep 2026 17:17:01 GMT",
Sep 17 17:17:13 swingset sh[116270]:         "content-type": "text/plain",
Sep 17 17:17:13 swingset sh[116270]:         "transfer-encoding": "chunked",
Sep 17 17:17:13 swingset sh[116270]:         "connection": "keep-alive",
Sep 17 17:17:13 swingset sh[116270]:         "x-app-server": "wwwb-app207-dc8",
Sep 17 17:17:13 swingset sh[116270]:         "x-ts": "200",
Sep 17 17:17:13 swingset sh[116270]:         "x-tr": "4",
Sep 17 17:17:13 swingset sh[116270]:         "server-timing": "TR;dur=0,Tw;dur=0,Tc;dur=0, BYPASS",
Sep 17 17:17:13 swingset sh[116270]:         "set-cookie": "wb-cdx-SERVER=wwwb-app207; path=/",
Sep 17 17:17:13 swingset sh[116270]:         "x-location": "cdx",
Sep 17 17:17:13 swingset sh[116270]:         "x-rl": "0",
Sep 17 17:17:13 swingset sh[116270]:         "x-na": "0",
Sep 17 17:17:13 swingset sh[116270]:         "x-page-cache": "BYPASS",
Sep 17 17:17:13 swingset sh[116270]:         "x-nid": "TWC-12271-NYC",
Sep 17 17:17:13 swingset sh[116270]:         "referrer-policy": "no-referrer-when-downgrade",
Sep 17 17:17:13 swingset sh[116270]:         "permissions-policy": "interest-cohort=()",
Sep 17 17:17:13 swingset sh[116270]:         "x-sd": "0",
Sep 17 17:17:13 swingset sh[116270]:         "x-be": "wb_cdx_pygwb"
Sep 17 17:17:13 swingset sh[116270]:       },
Sep 17 17:17:13 swingset sh[116270]:       "exchange_completed_elapsed_seconds": 30.891362925991416,
Sep 17 17:17:13 swingset sh[116270]:       "exchange_completed_at": "2026-09-17T17:17:01.757694+00:00",
Sep 17 17:17:13 swingset sh[116270]:       "next_dispatch_not_before_elapsed_seconds": 40.891362925991416,
Sep 17 17:17:13 swingset sh[116270]:       "next_dispatch_not_before": "2026-09-17T17:17:11.757694+00:00",
Sep 17 17:17:13 swingset sh[116270]:       "spacing_basis": "closed_exchange_completion_floor",
Sep 17 17:17:13 swingset sh[116270]:       "body_sha256": "4355a46b19d348dc2f57c046f8ef63d4538ebb936000f3c9ee954a27460dd865",
Sep 17 17:17:13 swingset sh[116270]:       "body_bytes": 2,
Sep 17 17:17:13 swingset sh[116270]:       "classification": "Ok",
Sep 17 17:17:13 swingset sh[116270]:       "budget_charged_bytes": 2
Sep 17 17:17:13 swingset sh[116270]:     },
Sep 17 17:17:13 swingset sh[116270]:     {
Sep 17 17:17:13 swingset sh[116270]:       "url": "https://web.archive.org/cdx/search/cdx?url=https%3A%2F%2Fdanceconvention.net%2Feventdirector%2Fen%2Feventpage%2F1546230-riga-summer-swing%2Fresults&matchType=exact&from=2018&to=2026&filter=statuscode%3A200&filter=mimetype%3Atext%2Fhtml&collapse=digest&output=json&fl=timestamp%2Coriginal%2Cdigest%2Cmimetype%2Clength&page=0",
Sep 17 17:17:13 swingset sh[116270]:       "purpose": "cdx",
Sep 17 17:17:13 swingset sh[116270]:       "issued_at": "2026-09-17T17:17:11.777777+00:00",
Sep 17 17:17:13 swingset sh[116270]:       "request_day": "2026-09-17",
Sep 17 17:17:13 swingset sh[116270]:       "reserved_bytes": 2097152,
Sep 17 17:17:13 swingset sh[116270]:       "complete": true,
Sep 17 17:17:13 swingset sh[116270]:       "transport_dispatched_at": "2026-09-17T17:17:11.781968+00:00",
Sep 17 17:17:13 swingset sh[116270]:       "transport_dispatched_elapsed_seconds": 40.915641254978254,
Sep 17 17:17:13 swingset sh[116270]:       "http_status": 200,
Sep 17 17:17:13 swingset sh[116270]:       "headers": {
Sep 17 17:17:13 swingset sh[116270]:         "server": "nginx",
Sep 17 17:17:13 swingset sh[116270]:         "date": "Thu, 17 Sep 2026 17:17:13 GMT",
Sep 17 17:17:13 swingset sh[116270]:         "content-type": "application/json",
Sep 17 17:17:13 swingset sh[116270]:         "transfer-encoding": "chunked",
Sep 17 17:17:13 swingset sh[116270]:         "connection": "keep-alive",
Sep 17 17:17:13 swingset sh[116270]:         "server-timing": "exclusion.robots;dur=0.105822, exclusion.robots.policy;dur=0.092396, esindex;dur=0.010595, TR;dur=0,Tw;dur=0,Tc;dur=1, BYPASS",
Sep 17 17:17:13 swingset sh[116270]:         "x-app-server": "wwwb-app207-dc8",
Sep 17 17:17:13 swingset sh[116270]:         "x-ts": "200",
Sep 17 17:17:13 swingset sh[116270]:         "x-tr": "1537",
Sep 17 17:17:13 swingset sh[116270]:         "set-cookie": "wb-cdx-SERVER=wwwb-app207; path=/",
Sep 17 17:17:13 swingset sh[116270]:         "x-location": "cdx",
Sep 17 17:17:13 swingset sh[116270]:         "x-rl": "0",
Sep 17 17:17:13 swingset sh[116270]:         "x-na": "0",
Sep 17 17:17:13 swingset sh[116270]:         "x-page-cache": "BYPASS",
Sep 17 17:17:13 swingset sh[116270]:         "x-nid": "TWC-12271-NYC",
Sep 17 17:17:13 swingset sh[116270]:         "referrer-policy": "no-referrer-when-downgrade",
Sep 17 17:17:13 swingset sh[116270]:         "permissions-policy": "interest-cohort=()",
Sep 17 17:17:13 swingset sh[116270]:         "x-sd": "0",
Sep 17 17:17:13 swingset sh[116270]:         "x-be": "wb_cdx_pygwb"
Sep 17 17:17:13 swingset sh[116270]:       },
Sep 17 17:17:13 swingset sh[116270]:       "exchange_completed_elapsed_seconds": 42.8950885499944,
Sep 17 17:17:13 swingset sh[116270]:       "exchange_completed_at": "2026-09-17T17:17:13.761420+00:00",
Sep 17 17:17:13 swingset sh[116270]:       "next_dispatch_not_before_elapsed_seconds": 52.8950885499944,
Sep 17 17:17:13 swingset sh[116270]:       "next_dispatch_not_before": "2026-09-17T17:17:23.761420+00:00",
Sep 17 17:17:13 swingset sh[116270]:       "spacing_basis": "closed_exchange_completion_floor",
Sep 17 17:17:13 swingset sh[116270]:       "body_sha256": "1d1acd4975aefcfc548237fa2e6e4a572f2941b168899b2f4b3ce612637774ad",
Sep 17 17:17:13 swingset sh[116270]:       "body_bytes": 221,
Sep 17 17:17:13 swingset sh[116270]:       "classification": "Ok",
Sep 17 17:17:13 swingset sh[116270]:       "budget_charged_bytes": 221
Sep 17 17:17:13 swingset sh[116270]:     }
Sep 17 17:17:13 swingset sh[116270]:   ],
Sep 17 17:17:13 swingset sh[116270]:   "targets": [],
Sep 17 17:17:13 swingset sh[116270]:   "received_bytes": 369,
Sep 17 17:17:13 swingset sh[116270]:   "production_facts_or_watches_created": 0,
Sep 17 17:17:13 swingset sh[116270]:   "cdx_pages_reported": 1,
Sep 17 17:17:13 swingset sh[116270]:   "cdx_page0_sha256": "1d1acd4975aefcfc548237fa2e6e4a572f2941b168899b2f4b3ce612637774ad",
Sep 17 17:17:13 swingset sh[116270]:   "cdx_further_pages_unexamined": 0,
Sep 17 17:17:13 swingset sh[116270]:   "finished_at": "2026-09-17T17:17:13.777678+00:00"
Sep 17 17:17:13 swingset sh[116270]: }
Sep 17 17:17:13 swingset systemd[1]: swingset-dcn-results-lookup-20260917-001.service: Deactivated successfully.
Sep 17 17:17:13 swingset systemd[1]: swingset-dcn-results-lookup-20260917-001.service: Consumed 557ms CPU time, 131M memory peak, 106M read from disk, 496K written to disk, 23.3K incoming IP traffic, 7.3K outgoing IP traffic.
