/nix/store/sx7lpr80cx0n9vzsi3cwz9nxawqc4p1i-nixos-system-swingset-lxc-25.11.20260630.b6018f8
these 13 derivations will be built:
  /nix/store/ngrab70lsd9mfz2h8z66aib2xfq0pzdw-swingset.drv
  /nix/store/95x3ch3zsmg3k18b9gwgl1gkzkkld6z1-system-path.drv
  /nix/store/s69jmxlanwnqs08cic1682hl4kh5y3qx-dbus-1.drv
  /nix/store/56jix6khqsqjirnl5gslg4ybz0pyjqn6-X-Restart-Triggers-dbus.drv
  /nix/store/4vp0fixf23m23vwczgqfkz96ki7wv9j9-unit-dbus.service.drv
  /nix/store/1q3sk59z0a334if6q4rw9vcv6bv8jija-user-units.drv
  /nix/store/32d2fdfphfpdq5gb5viga72h2bl8b5nk-unit-dbus.service.drv
  /nix/store/ahbjxdnskg85mf0vzmjpppyq83nak3id-unit-swingset-backup.service.drv
  /nix/store/hdi0qqd213fk9vb9mzkidv7zlqfvvnk9-unit-swingset-cycle.service.drv
  /nix/store/y0kdx9mji82y4c0cx23cfd6yx0dcjdbg-unit-swingset-summary.service.drv
  /nix/store/yw400q6p9raa43jb42jzsa4apldsg65j-system-units.drv
  /nix/store/kb382v3q57d58lk2351cw09qky73n9cz-etc.drv
  /nix/store/8mifhfccbjq38m7frl8g6s81zkqr723r-nixos-system-swingset-lxc-25.11.20260630.b6018f8.drv
building '/nix/store/ngrab70lsd9mfz2h8z66aib2xfq0pzdw-swingset.drv'...
building '/nix/store/95x3ch3zsmg3k18b9gwgl1gkzkkld6z1-system-path.drv'...
building '/nix/store/ahbjxdnskg85mf0vzmjpppyq83nak3id-unit-swingset-backup.service.drv'...
building '/nix/store/hdi0qqd213fk9vb9mzkidv7zlqfvvnk9-unit-swingset-cycle.service.drv'...
building '/nix/store/y0kdx9mji82y4c0cx23cfd6yx0dcjdbg-unit-swingset-summary.service.drv'...
building '/nix/store/s69jmxlanwnqs08cic1682hl4kh5y3qx-dbus-1.drv'...
building '/nix/store/56jix6khqsqjirnl5gslg4ybz0pyjqn6-X-Restart-Triggers-dbus.drv'...
building '/nix/store/32d2fdfphfpdq5gb5viga72h2bl8b5nk-unit-dbus.service.drv'...
building '/nix/store/4vp0fixf23m23vwczgqfkz96ki7wv9j9-unit-dbus.service.drv'...
building '/nix/store/yw400q6p9raa43jb42jzsa4apldsg65j-system-units.drv'...
building '/nix/store/1q3sk59z0a334if6q4rw9vcv6bv8jija-user-units.drv'...
building '/nix/store/kb382v3q57d58lk2351cw09qky73n9cz-etc.drv'...
building '/nix/store/8mifhfccbjq38m7frl8g6s81zkqr723r-nixos-system-swingset-lxc-25.11.20260630.b6018f8.drv'...
