2026-09-16T19:50:52+00:00 swingset systemd[1]: Starting [systemd-run] /var/lib/swingset/venv/bin/python /var/tmp/h16-changelog-build-monitor.py --unit swingset-h16-event-preservation-audit.service --output /var/tmp/swingset-h16-event-preservation-audit-resources.json --max-seconds 2100...
2026-09-16T19:50:52+00:00 swingset systemd[1]: Started [systemd-run] /var/lib/swingset/venv/bin/python /var/tmp/h16-changelog-build-monitor.py --unit swingset-h16-event-preservation-audit.service --output /var/tmp/swingset-h16-event-preservation-audit-resources.json --max-seconds 2100.
2026-09-16T19:51:22+00:00 swingset python[99765]: {
2026-09-16T19:51:22+00:00 swingset python[99765]:   "format": "h16-build-resource-observation-v1",
2026-09-16T19:51:22+00:00 swingset python[99765]:   "unit": "swingset-h16-event-preservation-audit.service",
2026-09-16T19:51:22+00:00 swingset python[99765]:   "started_at": "2026-09-16T19:50:52.708874+00:00",
2026-09-16T19:51:22+00:00 swingset python[99765]:   "peak_rss_kib": 1699944,
2026-09-16T19:51:22+00:00 swingset python[99765]:   "peak_anon_kib": 1605860,
2026-09-16T19:51:22+00:00 swingset python[99765]:   "terminated_reason": null,
2026-09-16T19:51:22+00:00 swingset python[99765]:   "finished_at": "2026-09-16T19:51:22.777169+00:00",
2026-09-16T19:51:22+00:00 swingset python[99765]:   "elapsed_seconds": 30.067131805000827,
2026-09-16T19:51:22+00:00 swingset python[99765]:   "final": {
2026-09-16T19:51:22+00:00 swingset python[99765]:     "ActiveState": "inactive",
2026-09-16T19:51:22+00:00 swingset python[99765]:     "SubState": "dead",
2026-09-16T19:51:22+00:00 swingset python[99765]:     "MainPID": "0",
2026-09-16T19:51:22+00:00 swingset python[99765]:     "Result": "success",
2026-09-16T19:51:22+00:00 swingset python[99765]:     "ExecMainCode": "0",
2026-09-16T19:51:22+00:00 swingset python[99765]:     "ExecMainStatus": "0",
2026-09-16T19:51:22+00:00 swingset python[99765]:     "MemoryCurrent": "[not set]",
2026-09-16T19:51:22+00:00 swingset python[99765]:     "MemoryPeak": "[not set]"
2026-09-16T19:51:22+00:00 swingset python[99765]:   }
2026-09-16T19:51:22+00:00 swingset python[99765]: }
2026-09-16T19:51:22+00:00 swingset systemd[1]: swingset-h16-event-preservation-audit-monitor.service: Deactivated successfully.
