these 13 derivations will be built:
  /nix/store/0yj5g3s5bbjw2pycg6j3981jcdgmv7yn-swingset.drv
  /nix/store/w56qb676lfni9hw20avahdvzd2aqifvx-system-path.drv
  /nix/store/x8srbzrxi1p6d01z6s4y8y27gc382rhs-dbus-1.drv
  /nix/store/0g37h25kp63mn6qswr4zs426di663m92-X-Restart-Triggers-dbus.drv
  /nix/store/5d7ij6x82fg49qh0gv5ksjsgk5dqsw6m-unit-swingset-cycle.service.drv
  /nix/store/7dsvmn07iqjdxj90ahk8c6y84mha7wh3-unit-dbus.service.drv
  /nix/store/lafx1nbh3jlxskc2dfqrv0j6lyi88ric-unit-swingset-summary.service.drv
  /nix/store/qpzyx2pwl9pkcw4k28hjvrjm9dayw3h8-unit-swingset-backup.service.drv
  /nix/store/r2rigpylq4yzyfxrkdqsnwym7fh6anvs-system-units.drv
  /nix/store/5fmg4qyh49jnl8vqdwcvv7hfiqpn482r-unit-dbus.service.drv
  /nix/store/rbfinm2g2r2srch5kywf349vbs4am8v8-user-units.drv
  /nix/store/4chadv3myf4r5h1hvxzs7lx1vng8d93a-etc.drv
  /nix/store/s9a73w32x86v0a9q0awglrahlv73j70s-nixos-system-swingset-lxc-25.11.20260630.b6018f8.drv
building '/nix/store/0yj5g3s5bbjw2pycg6j3981jcdgmv7yn-swingset.drv'...
building '/nix/store/w56qb676lfni9hw20avahdvzd2aqifvx-system-path.drv'...
building '/nix/store/qpzyx2pwl9pkcw4k28hjvrjm9dayw3h8-unit-swingset-backup.service.drv'...
building '/nix/store/5d7ij6x82fg49qh0gv5ksjsgk5dqsw6m-unit-swingset-cycle.service.drv'...
building '/nix/store/lafx1nbh3jlxskc2dfqrv0j6lyi88ric-unit-swingset-summary.service.drv'...
building '/nix/store/x8srbzrxi1p6d01z6s4y8y27gc382rhs-dbus-1.drv'...
building '/nix/store/0g37h25kp63mn6qswr4zs426di663m92-X-Restart-Triggers-dbus.drv'...
building '/nix/store/5fmg4qyh49jnl8vqdwcvv7hfiqpn482r-unit-dbus.service.drv'...
building '/nix/store/7dsvmn07iqjdxj90ahk8c6y84mha7wh3-unit-dbus.service.drv'...
building '/nix/store/rbfinm2g2r2srch5kywf349vbs4am8v8-user-units.drv'...
building '/nix/store/r2rigpylq4yzyfxrkdqsnwym7fh6anvs-system-units.drv'...
building '/nix/store/4chadv3myf4r5h1hvxzs7lx1vng8d93a-etc.drv'...
building '/nix/store/s9a73w32x86v0a9q0awglrahlv73j70s-nixos-system-swingset-lxc-25.11.20260630.b6018f8.drv'...
/nix/store/qafwymyx9nf7wm708n6ikyqxk3dxy5xa-nixos-system-swingset-lxc-25.11.20260630.b6018f8
